Component: ARM Compiler 5.06 update 1 (build 61) Tool: armlink [4d35a8]

==============================================================================

Section Cross References

    startup_stm32f407xx.o(RESET) refers to startup_stm32f407xx.o(STACK) for __initial_sp
    startup_stm32f407xx.o(RESET) refers to startup_stm32f407xx.o(.text) for Reset_Handler
    startup_stm32f407xx.o(RESET) refers to stm32f4xx_it.o(i.NMI_Handler) for NMI_Handler
    startup_stm32f407xx.o(RESET) refers to stm32f4xx_it.o(i.HardFault_Handler) for HardFault_Handler
    startup_stm32f407xx.o(RESET) refers to stm32f4xx_it.o(i.MemManage_Handler) for MemManage_Handler
    startup_stm32f407xx.o(RESET) refers to stm32f4xx_it.o(i.BusFault_Handler) for BusFault_Handler
    startup_stm32f407xx.o(RESET) refers to stm32f4xx_it.o(i.UsageFault_Handler) for UsageFault_Handler
    startup_stm32f407xx.o(RESET) refers to stm32f4xx_it.o(i.SVC_Handler) for SVC_Handler
    startup_stm32f407xx.o(RESET) refers to stm32f4xx_it.o(i.DebugMon_Handler) for DebugMon_Handler
    startup_stm32f407xx.o(RESET) refers to stm32f4xx_it.o(i.PendSV_Handler) for PendSV_Handler
    startup_stm32f407xx.o(RESET) refers to stm32f4xx_it.o(i.SysTick_Handler) for SysTick_Handler
    startup_stm32f407xx.o(RESET) refers to stm32f4xx_it.o(i.EXTI0_IRQHandler) for EXTI0_IRQHandler
    startup_stm32f407xx.o(RESET) refers to stm32f4xx_it.o(i.EXTI4_IRQHandler) for EXTI4_IRQHandler
    startup_stm32f407xx.o(RESET) refers to stm32f4xx_it.o(i.USART1_IRQHandler) for USART1_IRQHandler
    startup_stm32f407xx.o(RESET) refers to stm32f4xx_it.o(i.TIM5_IRQHandler) for TIM5_IRQHandler
    startup_stm32f407xx.o(.text) refers to system_stm32f4xx.o(i.SystemInit) for SystemInit
    startup_stm32f407xx.o(.text) refers to entry.o(.ARM.Collect$$$$00000000) for __main
    main.o(i.HAL_GPIO_EXTI_Callback) refers to main.o(.data) for .data
    main.o(i.HAL_TIM_PeriodElapsedCallback) refers to dfltui.o(.text) for __aeabi_ui2d
    main.o(i.HAL_TIM_PeriodElapsedCallback) refers to ddiv.o(.text) for __aeabi_ddiv
    main.o(i.HAL_TIM_PeriodElapsedCallback) refers to dfixui.o(.text) for __aeabi_d2uiz
    main.o(i.HAL_TIM_PeriodElapsedCallback) refers to d2f.o(.text) for __aeabi_d2f
    main.o(i.HAL_TIM_PeriodElapsedCallback) refers to tim.o(.bss) for htim5
    main.o(i.HAL_TIM_PeriodElapsedCallback) refers to main.o(.data) for .data
    main.o(i.HAL_UART_RxCpltCallback) refers to uart_handler.o(i.Uart_Get) for Uart_Get
    main.o(i.HAL_UART_RxCpltCallback) refers to control.o(i.Position_PID_Y) for Position_PID_Y
    main.o(i.HAL_UART_RxCpltCallback) refers to control.o(i.Position_PID_X) for Position_PID_X
    main.o(i.HAL_UART_RxCpltCallback) refers to servo.o(i.servo_adjust) for servo_adjust
    main.o(i.HAL_UART_RxCpltCallback) refers to stm32f4xx_hal_uart.o(i.HAL_UART_Receive_IT) for HAL_UART_Receive_IT
    main.o(i.HAL_UART_RxCpltCallback) refers to main.o(.data) for .data
    main.o(i.HAL_UART_RxCpltCallback) refers to usart.o(.bss) for huart1
    main.o(i.SystemClock_Config) refers to memseta.o(.text) for __aeabi_memclr4
    main.o(i.SystemClock_Config) refers to stm32f4xx_hal_rcc.o(i.HAL_RCC_OscConfig) for HAL_RCC_OscConfig
    main.o(i.SystemClock_Config) refers to stm32f4xx_hal_rcc.o(i.HAL_RCC_ClockConfig) for HAL_RCC_ClockConfig
    main.o(i.fgetc) refers to stm32f4xx_hal_uart.o(i.HAL_UART_Receive) for HAL_UART_Receive
    main.o(i.fgetc) refers to usart.o(.bss) for huart1
    main.o(i.fputc) refers to stm32f4xx_hal_uart.o(i.HAL_UART_Transmit) for HAL_UART_Transmit
    main.o(i.fputc) refers to usart.o(.bss) for huart1
    main.o(i.main) refers to stm32f4xx_hal.o(i.HAL_Init) for HAL_Init
    main.o(i.main) refers to main.o(i.SystemClock_Config) for SystemClock_Config
    main.o(i.main) refers to gpio.o(i.MX_GPIO_Init) for MX_GPIO_Init
    main.o(i.main) refers to tim.o(i.MX_TIM1_Init) for MX_TIM1_Init
    main.o(i.main) refers to usart.o(i.MX_USART1_UART_Init) for MX_USART1_UART_Init
    main.o(i.main) refers to i2c.o(i.MX_I2C1_Init) for MX_I2C1_Init
    main.o(i.main) refers to tim.o(i.MX_TIM2_Init) for MX_TIM2_Init
    main.o(i.main) refers to i2c.o(i.MX_I2C2_Init) for MX_I2C2_Init
    main.o(i.main) refers to tim.o(i.MX_TIM5_Init) for MX_TIM5_Init
    main.o(i.main) refers to motor.o(i.Motor_init) for Motor_init
    main.o(i.main) refers to mlx90614.o(i.MLX90614_Init) for MLX90614_Init
    main.o(i.main) refers to mlx90614.o(i.MLX90614_SetEmissivity) for MLX90614_SetEmissivity
    main.o(i.main) refers to stm32f4xx_hal_uart.o(i.HAL_UART_Receive_IT) for HAL_UART_Receive_IT
    main.o(i.main) refers to stm32f4xx_hal_tim.o(i.HAL_TIM_Base_Start_IT) for HAL_TIM_Base_Start_IT
    main.o(i.main) refers to vl53l1.o(i.vl53l1_init) for vl53l1_init
    main.o(i.main) refers to servo.o(i.servo_init) for servo_init
    main.o(i.main) refers to bpsim.o(i.simInit) for simInit
    main.o(i.main) refers to vl53l1.o(i.vl53_readis) for vl53_readis
[...]
    I2C_MasterRequestRead                    0x08002981   Thumb Code   230  stm32f4xx_hal_i2c.o(i.I2C_MasterRequestRead)
    i.I2C_MasterRequestWrite                 0x08002a6c   Section        0  stm32f4xx_hal_i2c.o(i.I2C_MasterRequestWrite)
    I2C_MasterRequestWrite                   0x08002a6d   Thumb Code   150  stm32f4xx_hal_i2c.o(i.I2C_MasterRequestWrite)
    i.I2C_RequestMemoryRead                  0x08002b08   Section        0  stm32f4xx_hal_i2c.o(i.I2C_RequestMemoryRead)
    I2C_RequestMemoryRead                    0x08002b09   Thumb Code   246  stm32f4xx_hal_i2c.o(i.I2C_RequestMemoryRead)
    i.I2C_RequestMemoryWrite                 0x08002c04   Section        0  stm32f4xx_hal_i2c.o(i.I2C_RequestMemoryWrite)
    I2C_RequestMemoryWrite                   0x08002c05   Thumb Code   162  stm32f4xx_hal_i2c.o(i.I2C_RequestMemoryWrite)
    i.I2C_WaitOnBTFFlagUntilTimeout          0x08002cac   Section        0  stm32f4xx_hal_i2c.o(i.I2C_WaitOnBTFFlagUntilTimeout)
    I2C_WaitOnBTFFlagUntilTimeout            0x08002cad   Thumb Code    76  stm32f4xx_hal_i2c.o(i.I2C_WaitOnBTFFlagUntilTimeout)
    i.I2C_WaitOnFlagUntilTimeout             0x08002cf8   Section        0  stm32f4xx_hal_i2c.o(i.I2C_WaitOnFlagUntilTimeout)
    I2C_WaitOnFlagUntilTimeout               0x08002cf9   Thumb Code   104  stm32f4xx_hal_i2c.o(i.I2C_WaitOnFlagUntilTimeout)
    i.I2C_WaitOnMasterAddressFlagUntilTimeout 0x08002d60   Section        0  stm32f4xx_hal_i2c.o(i.I2C_WaitOnMasterAddressFlagUntilTimeout)
    I2C_WaitOnMasterAddressFlagUntilTimeout  0x08002d61   Thumb Code   150  stm32f4xx_hal_i2c.o(i.I2C_WaitOnMasterAddressFlagUntilTimeout)
    i.I2C_WaitOnRXNEFlagUntilTimeout         0x08002df6   Section        0  stm32f4xx_hal_i2c.o(i.I2C_WaitOnRXNEFlagUntilTimeout)
    I2C_WaitOnRXNEFlagUntilTimeout           0x08002df7   Thumb Code   102  stm32f4xx_hal_i2c.o(i.I2C_WaitOnRXNEFlagUntilTimeout)
    i.I2C_WaitOnTXEFlagUntilTimeout          0x08002e5c   Section        0  stm32f4xx_hal_i2c.o(i.I2C_WaitOnTXEFlagUntilTimeout)
    I2C_WaitOnTXEFlagUntilTimeout            0x08002e5d   Thumb Code    76  stm32f4xx_hal_i2c.o(i.I2C_WaitOnTXEFlagUntilTimeout)
    i.MLX90614_Init                          0x08002ea8   Section        0  mlx90614.o(i.MLX90614_Init)
    i.MLX90614_KelvinToCelsius               0x08002eb4   Section        0  mlx90614.o(i.MLX90614_KelvinToCelsius)
    i.MLX90614_Read16                        0x08002eec   Section        0  mlx90614.o(i.MLX90614_Read16)
    i.MLX90614_Read16Eeprom                  0x08002f20   Section        0  mlx90614.o(i.MLX90614_Read16Eeprom)
    i.MLX90614_ReadAmbientTemperature        0x08002f58   Section        0  mlx90614.o(i.MLX90614_ReadAmbientTemperature)
    i.MLX90614_ReadObjectTemperature         0x08002f7a   Section        0  mlx90614.o(i.MLX90614_ReadObjectTemperature)
    i.MLX90614_SetEmissivity                 0x08002f9c   Section        0  mlx90614.o(i.MLX90614_SetEmissivity)
    i.MLX90614_Write16Crc                    0x08003054   Section        0  mlx90614.o(i.MLX90614_Write16Crc)
    i.MLX90614_Write16Eeprom                 0x080030b0   Section        0  mlx90614.o(i.MLX90614_Write16Eeprom)
    i.MX_GPIO_Init                           0x080030ec   Section        0  gpio.o(i.MX_GPIO_Init)
    i.MX_I2C1_Init                           0x080031a4   Section        0  i2c.o(i.MX_I2C1_Init)
    i.MX_I2C2_Init                           0x080031e4   Section        0  i2c.o(i.MX_I2C2_Init)
    i.MX_TIM1_Init                           0x08003224   Section        0  tim.o(i.MX_TIM1_Init)
    i.MX_TIM2_Init                           0x08003320   Section        0  tim.o(i.MX_TIM2_Init)
    i.MX_TIM5_Init                           0x080033cc   Section        0  tim.o(i.MX_TIM5_Init)
    i.MX_USART1_UART_Init                    0x08003438   Section        0  usart.o(i.MX_USART1_UART_Init)
    i.MemManage_Handler                      0x08003470   Section        0  stm32f4xx_it.o(i.MemManage_Handler)
    i.Motor_init                             0x08003474   Section        0  motor.o(i.Motor_init)
    i.NMI_Handler                            0x080034a0   Section        0  stm32f4xx_it.o(i.NMI_Handler)
    i.PendSV_Handler                         0x080034a2   Section        0  stm32f4xx_it.o(i.PendSV_Handler)
    i.Position_PID_X                         0x080034a4   Section        0  control.o(i.Position_PID_X)
    i.Position_PID_Y                         0x080034e8   Section        0  control.o(i.Position_PID_Y)
    i.SVC_Handler                            0x0800352c   Section        0  stm32f4xx_it.o(i.SVC_Handler)
    i.SysTick_Handler                        0x0800352e   Section        0  stm32f4xx_it.o(i.SysTick_Handler)
    i.SystemClock_Config                     0x08003534   Section        0  main.o(i.SystemClock_Config)
    i.SystemInit                             0x080035b8   Section        0  system_stm32f4xx.o(i.SystemInit)
    i.TIM5_IRQHandler                        0x080035d4   Section        0  stm32f4xx_it.o(i.TIM5_IRQHandler)
    i.TIM_Base_SetConfig                     0x080035e0   Section        0  stm32f4xx_hal_tim.o(i.TIM_Base_SetConfig)
    i.TIM_CCxChannelCmd                      0x080036a8   Section        0  stm32f4xx_hal_tim.o(i.TIM_CCxChannelCmd)
    i.TIM_ETR_SetConfig                      0x080036c2   Section        0  stm32f4xx_hal_tim.o(i.TIM_ETR_SetConfig)
    i.TIM_ITRx_SetConfig                     0x080036d6   Section        0  stm32f4xx_hal_tim.o(i.TIM_ITRx_SetConfig)
    TIM_ITRx_SetConfig                       0x080036d7   Thumb Code    16  stm32f4xx_hal_tim.o(i.TIM_ITRx_SetConfig)
    i.TIM_OC1_SetConfig                      0x080036e8   Section        0  stm32f4xx_hal_tim.o(i.TIM_OC1_SetConfig)
    TIM_OC1_SetConfig                        0x080036e9   Thumb Code    88  stm32f4xx_hal_tim.o(i.TIM_OC1_SetConfig)
    i.TIM_OC2_SetConfig                      0x08003748   Section        0  stm32f4xx_hal_tim.o(i.TIM_OC2_SetConfig)
    i.TIM_OC3_SetConfig                      0x080037b4   Section        0  stm32f4xx_hal_tim.o(i.TIM_OC3_SetConfig)
    TIM_OC3_SetConfig                        0x080037b5   Thumb Code    96  stm32f4xx_hal_tim.o(i.TIM_OC3_SetConfig)
    i.TIM_OC4_SetConfig                      0x0800381c   Section        0  stm32f4xx_hal_tim.o(i.TIM_OC4_SetConfig)
    TIM_OC4_SetConfig                        0x0800381d   Thumb Code    70  stm32f4xx_hal_tim.o(i.TIM_OC4_SetConfig)
    i.TIM_TI1_ConfigInputStage               0x0800386c   Section        0  stm32f4xx_hal_tim.o(i.TIM_TI1_ConfigInputStage)
    TIM_TI1_ConfigInputStage                 0x0800386d   Thumb Code    34  stm32f4xx_hal_tim.o(i.TIM_TI1_ConfigInputStage)
    i.TIM_TI2_ConfigInputStage               0x0800388e   Section        0  stm32f4xx_hal_tim.o(i.TIM_TI2_ConfigInputStage)
    TIM_TI2_ConfigInputStage                 0x0800388f   Thumb Code    36  stm32f4xx_hal_tim.o(i.TIM_TI2_ConfigInputStage)
    i.UART_DMAAbortOnError                   0x080038b2   Section        0  stm32f4xx_hal_uart.o(i.UART_DMAAbortOnError)
    UART_DMAAbortOnError                     0x080038b3   Thumb Code    16  stm32f4xx_hal_uart.o(i.UART_DMAAbortOnError)
    i.UART_EndRxTransfer                     0x080038c2   Section        0  stm32f4xx_hal_uart.o(i.UART_EndRxTransfer)
    UART_EndRxTransfer                       0x080038c3   Thumb Code    28  stm32f4xx_hal_uart.o(i.UART_EndRxTransfer)
    i.UART_Receive_IT                        0x080038de   Section        0  stm32f4xx_hal_uart.o(i.UART_Receive_IT)
    UART_Receive_IT                          0x080038df   Thumb Code   150  stm32f4xx_hal_uart.o(i.UART_Receive_IT)
    i.UART_SetConfig                         0x08003974   Section        0  stm32f4xx_hal_uart.o(i.UART_SetConfig)
    UART_SetConfig                           0x08003975   Thumb Code   286  stm32f4xx_hal_uart.o(i.UART_SetConfig)
    i.UART_Transmit_IT                       0x08003a9c   Section        0  stm32f4xx_hal_uart.o(i.UART_Transmit_IT)
    UART_Transmit_IT                         0x08003a9d   Thumb Code    98  stm32f4xx_hal_uart.o(i.UART_Transmit_IT)
    i.UART_WaitOnFlagUntilTimeout            0x08003afe   Section        0  stm32f4xx_hal_uart.o(i.UART_WaitOnFlagUntilTimeout)
    UART_WaitOnFlagUntilTimeout              0x08003aff   Thumb Code   100  stm32f4xx_hal_uart.o(i.UART_WaitOnFlagUntilTimeout)
    i.USART1_IRQHandler                      0x08003b64   Section        0  stm32f4xx_it.o(i.USART1_IRQHandler)
    i.Uart_DataProcess                       0x08003b70   Section        0  uart_handler.o(i.Uart_DataProcess)
    i.Uart_Get                               0x08003ba8   Section        0  uart_handler.o(i.Uart_Get)
    i.UsageFault_Handler                     0x08003ca4   Section        0  stm32f4xx_it.o(i.UsageFault_Handler)
    i.VL53L1X_BootState                      0x08003ca6   Section        0  vl53l1x_api.o(i.VL53L1X_BootState)
    i.VL53L1X_CheckForDataReady              0x08003cc6   Section        0  vl53l1x_api.o(i.VL53L1X_CheckForDataReady)
    i.VL53L1X_ClearInterrupt                 0x08003d06   Section        0  vl53l1x_api.o(i.VL53L1X_ClearInterrupt)
    i.VL53L1X_GetDistance                    0x08003d16   Section        0  vl53l1x_api.o(i.VL53L1X_GetDistance)
    i.VL53L1X_GetInterruptPolarity           0x08003d30   Section        0  vl53l1x_api.o(i.VL53L1X_GetInterruptPolarity)
    i.VL53L1X_GetRangeStatus                 0x08003d5c   Section        0  vl53l1x_api.o(i.VL53L1X_GetRangeStatus)
    i.VL53L1X_SensorInit                     0x08003dd8   Section        0  vl53l1x_api.o(i.VL53L1X_SensorInit)
    i.VL53L1X_StartRanging                   0x08003e50   Section        0  vl53l1x_api.o(i.VL53L1X_StartRanging)
    i.VL53L1X_StopRanging                    0x08003e60   Section        0  vl53l1x_api.o(i.VL53L1X_StopRanging)
    i.VL53L1_RdByte                          0x08003e70   Section        0  vl53l1_platform.o(i.VL53L1_RdByte)
    i.VL53L1_RdWord                          0x08003eac   Section        0  vl53l1_platform.o(i.VL53L1_RdWord)
    i.VL53L1_WrByte                          0x08003ef4   Section        0  vl53l1_platform.o(i.VL53L1_WrByte)
    i.XNUCLEO53L1A1_I2C1Configure            0x08003f1c   Section        0  x-nucleo-53l1a1.o(i.XNUCLEO53L1A1_I2C1Configure)
    i.XNUCLEO53L1A1_Init                     0x08003fa0   Section        0  x-nucleo-53l1a1.o(i.XNUCLEO53L1A1_Init)
    i.XNUCLEO53L1A1_ResetId                  0x08004030   Section        0  x-nucleo-53l1a1.o(i.XNUCLEO53L1A1_ResetId)
    i._ExpanderRd                            0x0800409c   Section        0  x-nucleo-53l1a1.o(i._ExpanderRd)
    _ExpanderRd                              0x0800409d   Thumb Code    54  x-nucleo-53l1a1.o(i._ExpanderRd)
    i._ExpanderWR                            0x080040d8   Section        0  x-nucleo-53l1a1.o(i._ExpanderWR)
    _ExpanderWR                              0x080040d9   Thumb Code    48  x-nucleo-53l1a1.o(i._ExpanderWR)
    i._ExpandersSetAllIO                     0x0800410c   Section        0  x-nucleo-53l1a1.o(i._ExpandersSetAllIO)
    _ExpandersSetAllIO                       0x0800410d   Thumb Code    38  x-nucleo-53l1a1.o(i._ExpandersSetAllIO)
    i._I2CRead                               0x08004138   Section        0  vl53l1_platform.o(i._I2CRead)
    i._I2CWrite                              0x08004154   Section        0  vl53l1_platform.o(i._I2CWrite)
    i._I2cFailRecover                        0x0800416c   Section        0  x-nucleo-53l1a1.o(i._I2cFailRecover)
    _I2cFailRecover                          0x0800416d   Thumb Code   272  x-nucleo-53l1a1.o(i._I2cFailRecover)
    i.__0printf                              0x08004288   Section        0  printfa.o(i.__0printf)
    i.__NVIC_SetPriority                     0x080042a8   Section        0  stm32f4xx_hal_cortex.o(i.__NVIC_SetPriority)
    __NVIC_SetPriority                       0x080042a9   Thumb Code    32  stm32f4xx_hal_cortex.o(i.__NVIC_SetPriority)
    i.__hardfp_atof                          0x080042c8   Section        0  atof.o(i.__hardfp_atof)
    i.__hardfp_round                         0x08004300   Section        0  round.o(i.__hardfp_round)
    i.__read_errno                           0x080043e0   Section        0  errno.o(i.__read_errno)
    i.__scatterload_copy                     0x080043ec   Section       14  handlers.o(i.__scatterload_copy)
    i.__scatterload_null                     0x080043fa   Section        2  handlers.o(i.__scatterload_null)
    i.__scatterload_zeroinit                 0x080043fc   Section       14  handlers.o(i.__scatterload_zeroinit)
    i.__set_errno                            0x0800440c   Section        0  errno.o(i.__set_errno)
    i._fp_digits                             0x08004418   Section        0  printfa.o(i._fp_digits)
    _fp_digits                               0x08004419   Thumb Code   334  printfa.o(i._fp_digits)
    i._is_digit                              0x0800457c   Section        0  scanf_fp.o(i._is_digit)
    i._printf_core                           0x0800458c   Section        0  printfa.o(i._printf_core)
    _printf_core                             0x0800458d   Thumb Code  1744  printfa.o(i._printf_core)
    i._printf_post_padding                   0x08004c68   Section        0  printfa.o(i._printf_post_padding)
    _printf_post_padding                     0x08004c69   Thumb Code    36  printfa.o(i._printf_post_padding)
    i._printf_pre_padding                    0x08004c8c   Section        0  printfa.o(i._printf_pre_padding)
    _printf_pre_padding                      0x08004c8d   Thumb Code    46  printfa.o(i._printf_pre_padding)
    i.crc8                                   0x08004cba   Section        0  mlx90614.o(i.crc8)
    i.fputc                                  0x08004cd8   Section        0  main.o(i.fputc)
    i.main                                   0x08004cf4   Section        0  main.o(i.main)
    i.malloc                                 0x08004dd4   Section        0  malloc.o(i.malloc)
    i.servo_adjust                           0x08004e40   Section        0  servo.o(i.servo_adjust)
    i.servo_down_reset                       0x08004eb0   Section        0  servo.o(i.servo_down_reset)
    i.servo_init                             0x08004ec0   Section        0  servo.o(i.servo_init)
    i.servo_scan                             0x08004ef4   Section        0  servo.o(i.servo_scan)
    i.servo_up_reset                         0x08004f64   Section        0  servo.o(i.servo_up_reset)
    i.simInit                                0x08004f74   Section        0  bpsim.o(i.simInit)
    i.simNetSetUp                            0x08004f9c   Section        0  bpsim.o(i.simNetSetUp)
    i.vl53_readis                            0x08005124   Section        0  vl53l1.o(i.vl53_readis)
    i.vl53l1_init                            0x08005180   Section        0  vl53l1.o(i.vl53l1_init)
    .constdata                               0x0800521c   Section       16  system_stm32f4xx.o(.constdata)
    .constdata                               0x0800522c   Section        8  system_stm32f4xx.o(.constdata)
    .constdata                               0x08005234   Section       91  vl53l1x_api.o(.constdata)
    .constdata                               0x0800528f   Section       64  ctype_c.o(.constdata)
    .data                                    0x20000000   Section        4  main.o(.data)
    .data                                    0x20000004   Section        4  main.o(.data)
    .data                                    0x20000008   Section       36  main.o(.data)
    .data                                    0x2000002c   Section        5  main.o(.data)
    .data                                    0x20000031   Section        5  main.o(.data)
    .data                                    0x20000038   Section        4  main.o(.data)
    .data                                    0x2000003c   Section        4  main.o(.data)
    .data                                    0x20000040   Section       12  stm32f4xx_hal.o(.data)
    .data                                    0x2000004c   Section        4  system_stm32f4xx.o(.data)
    .data                                    0x20000050   Section        4  mlx90614.o(.data)
    .data                                    0x20000054   Section       56  control.o(.data)
    Bias                                     0x2000006c   Data           4  control.o(.data)
    Pwm                                      0x20000070   Data           4  control.o(.data)
    Integral_bias                            0x20000074   Data           4  control.o(.data)
    Last_Bias                                0x20000078   Data           4  control.o(.data)
    Bias                                     0x2000007c   Data           4  control.o(.data)
    Pwm                                      0x20000080   Data           4  control.o(.data)
    Integral_bias                            0x20000084   Data           4  control.o(.data)
    Last_Bias                                0x20000088   Data           4  control.o(.data)
    .data                                    0x2000008c   Section        2  uart_handler.o(.data)
    ucRxCnt                                  0x2000008c   Data           1  uart_handler.o(.data)
    i                                        0x2000008d   Data           1  uart_handler.o(.data)
    .data                                    0x20000090   Section       20  x-nucleo-53l1a1.o(.data)
    CurIOVal                                 0x20000090   Data           4  x-nucleo-53l1a1.o(.data)
    DisplayBitPos                            0x20000094   Data          16  x-nucleo-53l1a1.o(.data)
    .data                                    0x200000a4   Section       16  vl53l1.o(.data)
    .data                                    0x200000b8   Section      560  bpsim.o(.data)
    .data                                    0x200002e8   Section        4  stdout.o(.data)
    .data                                    0x200002ec   Section        4  mvars.o(.data)
    .data                                    0x200002f0   Section        4  mvars.o(.data)
    .data                                    0x200002f4   Section        4  errno.o(.data)
    _errno                                   0x200002f4   Data           4  errno.o(.data)
    .bss                                     0x200002f8   Section       20  main.o(.bss)
    .bss                                     0x2000030c   Section      168  i2c.o(.bss)
    .bss                                     0x200003b4   Section      192  tim.o(.bss)
    .bss                                     0x20000474   Section       64  usart.o(.bss)
    .bss                                     0x200004b4   Section      256  vl53l1_platform.o(.bss)
    .bss                                     0x200005b4   Section       84  x-nucleo-53l1a1.o(.bss)
    .bss                                     0x20000608   Section       16  vl53l1.o(.bss)
    .bss                                     0x20000618   Section       16  bpsim.o(.bss)
    HEAP                                     0x20000628   Section      512  startup_stm32f407xx.o(HEAP)
    STACK                                    0x20000828   Section     2048  startup_stm32f407xx.o(STACK)

    Global Symbols

    Symbol Name                              Value     Ov Type        Size  Object(Section)

    BuildAttributes$$THM_ISAv4$E$P$D$K$B$S$7EM$VFPi3$EXTD16$VFPS$VFMA$PE$A:L22UL41UL21$X:L11$S22US41US21$IEEE1$IW$USESV6$~STKCKD$USESV7$~SHL$OTIME$ROPI$IEEEX$EBA8$MICROLIB$REQ8$PRES8$EABIv2 0x00000000   Number         0  anon$$obj.o ABSOLUTE
    __ARM_use_no_argv                        0x00000000   Number         0  main.o ABSOLUTE
    _printf_a                                0x00000000   Number         0  stubs.o ABSOLUTE
    _printf_c                                0x00000000   Number         0  stubs.o ABSOLUTE
    _printf_charcount                        0x00000000   Number         0  stubs.o ABSOLUTE
    _printf_d                                0x00000000   Number         0  stubs.o ABSOLUTE
    _printf_e                                0x00000000   Number         0  stubs.o ABSOLUTE
    _printf_f                                0x00000000   Number         0  stubs.o ABSOLUTE
    _printf_flags                            0x00000000   Number         0  stubs.o ABSOLUTE
    _printf_fp_dec                           0x00000000   Number         0  stubs.o ABSOLUTE
    _printf_fp_hex                           0x00000000   Number         0  stubs.o ABSOLUTE
    _printf_g                                0x00000000   Number         0  stubs.o ABSOLUTE
    _printf_i                                0x00000000   Number         0  stubs.o ABSOLUTE
    _printf_int_dec                          0x00000000   Number         0  stubs.o ABSOLUTE
    _printf_l                                0x00000000   Number         0  stubs.o ABSOLUTE
    _printf_lc                               0x00000000   Number         0  stubs.o ABSOLUTE
    _printf_ll                               0x00000000   Number         0  stubs.o ABSOLUTE
    _printf_lld                              0x00000000   Number         0  stubs.o ABSOLUTE
    _printf_lli                              0x00000000   Number         0  stubs.o ABSOLUTE
    _printf_llo                              0x00000000   Number         0  stubs.o ABSOLUTE
    _printf_llu                              0x00000000   Number         0  stubs.o ABSOLUTE
    _printf_llx                              0x00000000   Number         0  stubs.o ABSOLUTE
    _printf_longlong_dec                     0x00000000   Number         0  stubs.o ABSOLUTE
    _printf_longlong_hex                     0x00000000   Number         0  stubs.o ABSOLUTE
    _printf_longlong_oct                     0x00000000   Number         0  stubs.o ABSOLUTE
    _printf_ls                               0x00000000   Number         0  stubs.o ABSOLUTE
    _printf_mbtowc                           0x00000000   Number         0  stubs.o ABSOLUTE
    _printf_n                                0x00000000   Number         0  stubs.o ABSOLUTE
    _printf_o                                0x00000000   Number         0  stubs.o ABSOLUTE
    _printf_p                                0x00000000   Number         0  stubs.o ABSOLUTE
    _printf_percent                          0x00000000   Number         0  stubs.o ABSOLUTE
    _printf_pre_padding                      0x00000000   Number         0  stubs.o ABSOLUTE
    _printf_return_value                     0x00000000   Number         0  stubs.o ABSOLUTE
    _printf_s                                0x00000000   Number         0  stubs.o ABSOLUTE
    _printf_sizespec                         0x00000000   Number         0  stubs.o ABSOLUTE
    _printf_str                              0x00000000   Number         0  stubs.o ABSOLUTE
    _printf_truncate_signed                  0x00000000   Number         0  stubs.o ABSOLUTE
    _printf_truncate_unsigned                0x00000000   Number         0  stubs.o ABSOLUTE
    _printf_u                                0x00000000   Number         0  stubs.o ABSOLUTE
    _printf_wc                               0x00000000   Number         0  stubs.o ABSOLUTE
    _printf_wctomb                           0x00000000   Number         0  stubs.o ABSOLUTE
    _printf_widthprec                        0x00000000   Number         0  stubs.o ABSOLUTE
    _printf_x                                0x00000000   Number         0  stubs.o ABSOLUTE
    __cpp_initialize__aeabi_                  - Undefined Weak Reference
    __cxa_finalize                            - Undefined Weak Reference
    _clock_init                               - Undefined Weak Reference
    _microlib_exit                            - Undefined Weak Reference
    __Vectors_Size                           0x00000188   Number         0  startup_stm32f407xx.o ABSOLUTE
    __Vectors                                0x08000000   Data           4  startup_stm32f407xx.o(RESET)
    __Vectors_End                            0x08000188   Data           0  startup_stm32f407xx.o(RESET)
    __main                                   0x08000189   Thumb Code     0  entry.o(.ARM.Collect$$$$00000000)
    _main_stk                                0x08000189   Thumb Code     0  entry2.o(.ARM.Collect$$$$00000001)
    _main_scatterload                        0x0800018d   Thumb Code     0  entry5.o(.ARM.Collect$$$$00000004)
    __main_after_scatterload                 0x08000191   Thumb Code     0  entry5.o(.ARM.Collect$$$$00000004)
    _main_clock                              0x08000191   Thumb Code     0  entry7b.o(.ARM.Collect$$$$00000008)
    _main_cpp_init                           0x08000191   Thumb Code     0  entry8b.o(.ARM.Collect$$$$0000000A)
    _main_init                               0x08000191   Thumb Code     0  entry9a.o(.ARM.Collect$$$$0000000B)
    __rt_final_cpp                           0x08000199   Thumb Code     0  entry10a.o(.ARM.Collect$$$$0000000D)
    __rt_final_exit                          0x08000199   Thumb Code     0  entry11a.o(.ARM.Collect$$$$0000000F)
    Reset_Handler                            0x0800019d   Thumb Code     8  startup_stm32f407xx.o(.text)
    ADC_IRQHandler                           0x080001b7   Thumb Code     0  startup_stm32f407xx.o(.text)
    CAN1_RX0_IRQHandler                      0x080001b7   Thumb Code     0  startup_stm32f407xx.o(.text)
    CAN1_RX1_IRQHandler                      0x080001b7   Thumb Code     0  startup_stm32f407xx.o(.text)
    CAN1_SCE_IRQHandler                      0x080001b7   Thumb Code     0  startup_stm32f407xx.o(.text)
    CAN1_TX_IRQHandler                       0x080001b7   Thumb Code     0  startup_stm32f407xx.o(.text)
    CAN2_RX0_IRQHandler                      0x080001b7   Thumb Code     0  startup_stm32f407xx.o(.text)
    CAN2_RX1_IRQHandler                      0x080001b7   Thumb Code     0  startup_stm32f407xx.o(.text)
    CAN2_SCE_IRQHandler                      0x080001b7   Thumb Code     0  startup_stm32f407xx.o(.text)
    CAN2_TX_IRQHandler                       0x080001b7   Thumb Code     0  startup_stm32f407xx.o(.text)
    DCMI_IRQHandler                          0x080001b7   Thumb Code     0  startup_stm32f407xx.o(.text)
    DMA1_Stream0_IRQHandler                  0x080001b7   Thumb Code     0  startup_stm32f407xx.o(.text)
    DMA1_Stream1_IRQHandler                  0x080001b7   Thumb Code     0  startup_stm32f407xx.o(.text)
    DMA1_Stream2_IRQHandler                  0x080001b7   Thumb Code     0  startup_stm32f407xx.o(.text)
    DMA1_Stream3_IRQHandler                  0x080001b7   Thumb Code     0  startup_stm32f407xx.o(.text)
    DMA1_Stream4_IRQHandler                  0x080001b7   Thumb Code     0  startup_stm32f407xx.o(.text)
    DMA1_Stream5_IRQHandler                  0x080001b7   Thumb Code     0  startup_stm32f407xx.o(.text)
    DMA1_Stream6_IRQHandler                  0x080001b7   Thumb Code     0  startup_stm32f407xx.o(.text)
    DMA1_Stream7_IRQHandler                  0x080001b7   Thumb Code     0  startup_stm32f407xx.o(.text)
    DMA2_Stream0_IRQHandler                  0x080001b7   Thumb Code     0  startup_stm32f407xx.o(.text)
    DMA2_Stream1_IRQHandler                  0x080001b7   Thumb Code     0  startup_stm32f407xx.o(.text)
    DMA2_Stream2_IRQHandler                  0x080001b7   Thumb Code     0  startup_stm32f407xx.o(.text)
    DMA2_Stream3_IRQHandler                  0x080001b7   Thumb Code     0  startup_stm32f407xx.o(.text)
    DMA2_Stream4_IRQHandler                  0x080001b7   Thumb Code     0  startup_stm32f407xx.o(.text)
    DMA2_Stream5_IRQHandler                  0x080001b7   Thumb Code     0  startup_stm32f407xx.o(.text)
    DMA2_Stream6_IRQHandler                  0x080001b7   Thumb Code     0  startup_stm32f407xx.o(.text)
    DMA2_Stream7_IRQHandler                  0x080001b7   Thumb Code     0  startup_stm32f407xx.o(.text)
    ETH_IRQHandler                           0x080001b7   Thumb Code     0  startup_stm32f407xx.o(.text)
    ETH_WKUP_IRQHandler                      0x080001b7   Thumb Code     0  startup_stm32f407xx.o(.text)
    EXTI15_10_IRQHandler                     0x080001b7   Thumb Code     0  startup_stm32f407xx.o(.text)
    EXTI1_IRQHandler                         0x080001b7   Thumb Code     0  startup_stm32f407xx.o(.text)
    EXTI2_IRQHandler                         0x080001b7   Thumb Code     0  startup_stm32f407xx.o(.text)
    EXTI3_IRQHandler                         0x080001b7   Thumb Code     0  startup_stm32f407xx.o(.text)
    EXTI9_5_IRQHandler                       0x080001b7   Thumb Code     0  startup_stm32f407xx.o(.text)
    FLASH_IRQHandler                         0x080001b7   Thumb Code     0  startup_stm32f407xx.o(.text)
    FMC_IRQHandler                           0x080001b7   Thumb Code     0  startup_stm32f407xx.o(.text)
    FPU_IRQHandler                           0x080001b7   Thumb Code     0  startup_stm32f407xx.o(.text)
    HASH_RNG_IRQHandler                      0x080001b7   Thumb Code     0  startup_stm32f407xx.o(.text)
    I2C1_ER_IRQHandler                       0x080001b7   Thumb Code     0  startup_stm32f407xx.o(.text)
    I2C1_EV_IRQHandler                       0x080001b7   Thumb Code     0  startup_stm32f407xx.o(.text)
    I2C2_ER_IRQHandler                       0x080001b7   Thumb Code     0  startup_stm32f407xx.o(.text)
    I2C2_EV_IRQHandler                       0x080001b7   Thumb Code     0  startup_stm32f407xx.o(.text)
    I2C3_ER_IRQHandler                       0x080001b7   Thumb Code     0  startup_stm32f407xx.o(.text)
    I2C3_EV_IRQHandler                       0x080001b7   Thumb Code     0  startup_stm32f407xx.o(.text)
    OTG_FS_IRQHandler                        0x080001b7   Thumb Code     0  startup_stm32f407xx.o(.text)
    OTG_FS_WKUP_IRQHandler                   0x080001b7   Thumb Code     0  startup_stm32f407xx.o(.text)
    OTG_HS_EP1_IN_IRQHandler                 0x080001b7   Thumb Code     0  startup_stm32f407xx.o(.text)
    OTG_HS_EP1_OUT_IRQHandler                0x080001b7   Thumb Code     0  startup_stm32f407xx.o(.text)
    OTG_HS_IRQHandler                        0x080001b7   Thumb Code     0  startup_stm32f407xx.o(.text)
    OTG_HS_WKUP_IRQHandler                   0x080001b7   Thumb Code     0  startup_stm32f407xx.o(.text)
    PVD_IRQHandler                           0x080001b7   Thumb Code     0  startup_stm32f407xx.o(.text)
    RCC_IRQHandler                           0x080001b7   Thumb Code     0  startup_stm32f407xx.o(.text)
    RTC_Alarm_IRQHandler                     0x080001b7   Thumb Code     0  startup_stm32f407xx.o(.text)
    RTC_WKUP_IRQHandler                      0x080001b7   Thumb Code     0  startup_stm32f407xx.o(.text)
    SDIO_IRQHandler                          0x080001b7   Thumb Code     0  startup_stm32f407xx.o(.text)
    SPI1_IRQHandler                          0x080001b7   Thumb Code     0  startup_stm32f407xx.o(.text)
    SPI2_IRQHandler                          0x080001b7   Thumb Code     0  startup_stm32f407xx.o(.text)
    SPI3_IRQHandler                          0x080001b7   Thumb Code     0  startup_stm32f407xx.o(.text)
    TAMP_STAMP_IRQHandler                    0x080001b7   Thumb Code     0  startup_stm32f407xx.o(.text)
    TIM1_BRK_TIM9_IRQHandler                 0x080001b7   Thumb Code     0  startup_stm32f407xx.o(.text)
    TIM1_CC_IRQHandler                       0x080001b7   Thumb Code     0  startup_stm32f407xx.o(.text)
    TIM1_TRG_COM_TIM11_IRQHandler            0x080001b7   Thumb Code     0  startup_stm32f407xx.o(.text)
    TIM1_UP_TIM10_IRQHandler                 0x080001b7   Thumb Code     0  startup_stm32f407xx.o(.text)
    TIM2_IRQHandler                          0x080001b7   Thumb Code     0  startup_stm32f407xx.o(.text)
    TIM3_IRQHandler                          0x080001b7   Thumb Code     0  startup_stm32f407xx.o(.text)
    TIM4_IRQHandler                          0x080001b7   Thumb Code     0  startup_stm32f407xx.o(.text)
    TIM6_DAC_IRQHandler                      0x080001b7   Thumb Code     0  startup_stm32f407xx.o(.text)
    TIM7_IRQHandler                          0x080001b7   Thumb Code     0  startup_stm32f407xx.o(.text)
    TIM8_BRK_TIM12_IRQHandler                0x080001b7   Thumb Code     0  startup_stm32f407xx.o(.text)
    TIM8_CC_IRQHandler                       0x080001b7   Thumb Code     0  startup_stm32f407xx.o(.text)
    TIM8_TRG_COM_TIM14_IRQHandler            0x080001b7   Thumb Code     0  startup_stm32f407xx.o(.text)
    TIM8_UP_TIM13_IRQHandler                 0x080001b7   Thumb Code     0  startup_stm32f407xx.o(.text)
    UART4_IRQHandler                         0x080001b7   Thumb Code     0  startup_stm32f407xx.o(.text)
    UART5_IRQHandler                         0x080001b7   Thumb Code     0  startup_stm32f407xx.o(.text)
    USART2_IRQHandler                        0x080001b7   Thumb Code     0  startup_stm32f407xx.o(.text)
    USART3_IRQHandler                        0x080001b7   Thumb Code     0  startup_stm32f407xx.o(.text)
    USART6_IRQHandler                        0x080001b7   Thumb Code     0  startup_stm32f407xx.o(.text)
    WWDG_IRQHandler                          0x080001b7   Thumb Code     0  startup_stm32f407xx.o(.text)
    __aeabi_uldivmod                         0x080001c1   Thumb Code    98  uldiv.o(.text)
    __aeabi_memcpy                           0x08000223   Thumb Code    36  memcpya.o(.text)
    __aeabi_memcpy4                          0x08000223   Thumb Code     0  memcpya.o(.text)
    __aeabi_memcpy8                          0x08000223   Thumb Code     0  memcpya.o(.text)
    __aeabi_memset                           0x08000247   Thumb Code    14  memseta.o(.text)
    __aeabi_memset4                          0x08000247   Thumb Code     0  memseta.o(.text)
    __aeabi_memset8                          0x08000247   Thumb Code     0  memseta.o(.text)
    __aeabi_memclr                           0x08000255   Thumb Code     4  memseta.o(.text)
    __aeabi_memclr4                          0x08000255   Thumb Code     0  memseta.o(.text)
    __aeabi_memclr8                          0x08000255   Thumb Code     0  memseta.o(.text)
    _memset$wrapper                          0x08000259   Thumb Code    18  memseta.o(.text)
    __aeabi_dadd                             0x0800026b   Thumb Code   322  dadd.o(.text)
    __aeabi_dsub                             0x080003ad   Thumb Code     6  dadd.o(.text)
    __aeabi_drsub                            0x080003b3   Thumb Code     6  dadd.o(.text)
    __aeabi_dmul                             0x080003b9   Thumb Code   228  dmul.o(.text)
    __aeabi_ddiv                             0x0800049d   Thumb Code   222  ddiv.o(.text)
    __aeabi_ui2d                             0x0800057b   Thumb Code    26  dfltui.o(.text)
    __aeabi_d2iz                             0x08000595   Thumb Code    62  dfixi.o(.text)
    __aeabi_d2uiz                            0x080005d3   Thumb Code    50  dfixui.o(.text)
    __aeabi_f2d                              0x08000605   Thumb Code    38  f2d.o(.text)
    __aeabi_d2f                              0x0800062b   Thumb Code    56  d2f.o(.text)
    __aeabi_uidiv                            0x08000663   Thumb Code     0  uidiv.o(.text)
    __aeabi_uidivmod                         0x08000663   Thumb Code    44  uidiv.o(.text)
    __aeabi_llsl                             0x0800068f   Thumb Code    30  llshl.o(.text)
    _ll_shift_l                              0x0800068f   Thumb Code     0  llshl.o(.text)
    __aeabi_llsr                             0x080006ad   Thumb Code    32  llushr.o(.text)
    _ll_ushift_r                             0x080006ad   Thumb Code     0  llushr.o(.text)
    __aeabi_lasr                             0x080006cd   Thumb Code    36  llsshr.o(.text)
    _ll_sshift_r                             0x080006cd   Thumb Code     0  llsshr.o(.text)
    __strtod_int                             0x08000727   Thumb Code    88  strtod.o(.text)
    __I$use$fp                               0x0800078d   Thumb Code     0  iusefp.o(.text)
    _float_round                             0x0800078d   Thumb Code    18  fepilogue.o(.text)
    _float_epilogue                          0x0800079f   Thumb Code    92  fepilogue.o(.text)
    _double_round                            0x080007fb   Thumb Code    30  depilogue.o(.text)
    _double_epilogue                         0x08000819   Thumb Code   156  depilogue.o(.text)
    _drnd                                    0x080008b5   Thumb Code   132  drnd.o(.text)
    __aeabi_d2ulz                            0x0800093d   Thumb Code    48  dfixul.o(.text)
    __aeabi_cdcmpeq                          0x0800096d   Thumb Code     0  cdcmple.o(.text)
    __aeabi_cdcmple                          0x0800096d   Thumb Code    48  cdcmple.o(.text)
    __aeabi_cdrcmple                         0x0800099d   Thumb Code    48  cdrcmple.o(.text)
    __scatterload                            0x080009cd   Thumb Code    28  init.o(.text)
    __scatterload_rt2                        0x080009cd   Thumb Code     0  init.o(.text)
    isspace                                  0x080009f1   Thumb Code    10  isspace_c.o(.text)
    _scanf_real                              0x08000afd   Thumb Code     0  scanf_fp.o(.text)
    _scanf_really_real                       0x08000afd   Thumb Code   556  scanf_fp.o(.text)
    _sgetc                                   0x08000d35   Thumb Code    30  _sgetc.o(.text)
    _sbackspace                              0x08000d53   Thumb Code    34  _sgetc.o(.text)
    __ctype_lookup                           0x08000d75   Thumb Code    34  ctype_c.o(.text)
    __aeabi_ul2d                             0x08000d9d   Thumb Code    24  dfltul.o(.text)
    __decompress                             0x08000db5   Thumb Code     0  __dczerorl2.o(.text)
    __decompress1                            0x08000db5   Thumb Code    86  __dczerorl2.o(.text)
    BusFault_Handler                         0x08000e0b   Thumb Code     2  stm32f4xx_it.o(i.BusFault_Handler)
    DebugMon_Handler                         0x08000e0d   Thumb Code     2  stm32f4xx_it.o(i.DebugMon_Handler)
    EXTI0_IRQHandler                         0x08000e0f   Thumb Code     6  stm32f4xx_it.o(i.EXTI0_IRQHandler)
    EXTI4_IRQHandler                         0x08000e15   Thumb Code     6  stm32f4xx_it.o(i.EXTI4_IRQHandler)
    Error_Handler                            0x08000e1b   Thumb Code     2  main.o(i.Error_Handler)
    HAL_DMA_Abort_IT                         0x08000e1d   Thumb Code    36  stm32f4xx_hal_dma.o(i.HAL_DMA_Abort_IT)
    HAL_Delay                                0x08000e41   Thumb Code    32  stm32f4xx_hal.o(i.HAL_Delay)
    HAL_GPIO_EXTI_Callback                   0x08000e65   Thumb Code    26  main.o(i.HAL_GPIO_EXTI_Callback)
    HAL_GPIO_EXTI_IRQHandler                 0x08000e85   Thumb Code    18  stm32f4xx_hal_gpio.o(i.HAL_GPIO_EXTI_IRQHandler)
    HAL_GPIO_Init                            0x08000e9d   Thumb Code   394  stm32f4xx_hal_gpio.o(i.HAL_GPIO_Init)
    HAL_GPIO_ReadPin                         0x08001055   Thumb Code    10  stm32f4xx_hal_gpio.o(i.HAL_GPIO_ReadPin)
    HAL_GPIO_WritePin                        0x0800105f   Thumb Code    10  stm32f4xx_hal_gpio.o(i.HAL_GPIO_WritePin)
    HAL_GetTick                              0x08001069   Thumb Code     6  stm32f4xx_hal.o(i.HAL_GetTick)
    HAL_I2C_Init                             0x08001075   Thumb Code   376  stm32f4xx_hal_i2c.o(i.HAL_I2C_Init)
    HAL_I2C_Master_Receive                   0x080011fd   Thumb Code   468  stm32f4xx_hal_i2c.o(i.HAL_I2C_Master_Receive)
    HAL_I2C_Master_Transmit                  0x080013dd   Thumb Code   290  stm32f4xx_hal_i2c.o(i.HAL_I2C_Master_Transmit)
    HAL_I2C_Mem_Read                         0x08001509   Thumb Code   490  stm32f4xx_hal_i2c.o(i.HAL_I2C_Mem_Read)
    HAL_I2C_Mem_Write                        0x08001701   Thumb Code   294  stm32f4xx_hal_i2c.o(i.HAL_I2C_Mem_Write)
    HAL_I2C_MspInit                          0x08001831   Thumb Code   142  i2c.o(i.HAL_I2C_MspInit)
    HAL_IncTick                              0x080018d1   Thumb Code    12  stm32f4xx_hal.o(i.HAL_IncTick)
    HAL_Init                                 0x080018e1   Thumb Code    48  stm32f4xx_hal.o(i.HAL_Init)
    HAL_InitTick                             0x08001915   Thumb Code    54  stm32f4xx_hal.o(i.HAL_InitTick)
    HAL_MspInit                              0x08001955   Thumb Code    42  stm32f4xx_hal_msp.o(i.HAL_MspInit)
    HAL_NVIC_EnableIRQ                       0x08001985   Thumb Code    26  stm32f4xx_hal_cortex.o(i.HAL_NVIC_EnableIRQ)
    HAL_NVIC_SetPriority                     0x080019a1   Thumb Code    60  stm32f4xx_hal_cortex.o(i.HAL_NVIC_SetPriority)
    HAL_NVIC_SetPriorityGrouping             0x080019e1   Thumb Code    26  stm32f4xx_hal_cortex.o(i.HAL_NVIC_SetPriorityGrouping)
    HAL_RCC_ClockConfig                      0x08001a05   Thumb Code   288  stm32f4xx_hal_rcc.o(i.HAL_RCC_ClockConfig)
    HAL_RCC_GetPCLK1Freq                     0x08001b39   Thumb Code    20  stm32f4xx_hal_rcc.o(i.HAL_RCC_GetPCLK1Freq)
    HAL_RCC_GetPCLK2Freq                     0x08001b59   Thumb Code    20  stm32f4xx_hal_rcc.o(i.HAL_RCC_GetPCLK2Freq)
    HAL_RCC_GetSysClockFreq                  0x08001b79   Thumb Code    88  stm32f4xx_hal_rcc.o(i.HAL_RCC_GetSysClockFreq)
    HAL_RCC_OscConfig                        0x08001bd9   Thumb Code   840  stm32f4xx_hal_rcc.o(i.HAL_RCC_OscConfig)
    HAL_SYSTICK_Config                       0x08001f35   Thumb Code    40  stm32f4xx_hal_cortex.o(i.HAL_SYSTICK_Config)
    HAL_TIMEx_BreakCallback                  0x08001f5d   Thumb Code     2  stm32f4xx_hal_tim_ex.o(i.HAL_TIMEx_BreakCallback)
    HAL_TIMEx_CommutCallback                 0x08001f5f   Thumb Code     2  stm32f4xx_hal_tim_ex.o(i.HAL_TIMEx_CommutCallback)
    HAL_TIMEx_ConfigBreakDeadTime            0x08001f61   Thumb Code    84  stm32f4xx_hal_tim_ex.o(i.HAL_TIMEx_ConfigBreakDeadTime)
    HAL_TIMEx_MasterConfigSynchronization    0x08001fb5   Thumb Code   116  stm32f4xx_hal_tim_ex.o(i.HAL_TIMEx_MasterConfigSynchronization)
    HAL_TIM_Base_Init                        0x08002045   Thumb Code    54  stm32f4xx_hal_tim.o(i.HAL_TIM_Base_Init)
    HAL_TIM_Base_MspInit                     0x0800207d   Thumb Code    84  tim.o(i.HAL_TIM_Base_MspInit)
    HAL_TIM_Base_Start_IT                    0x080020dd   Thumb Code    34  stm32f4xx_hal_tim.o(i.HAL_TIM_Base_Start_IT)
    HAL_TIM_ConfigClockSource                0x080020ff   Thumb Code   214  stm32f4xx_hal_tim.o(i.HAL_TIM_ConfigClockSource)
    HAL_TIM_IC_CaptureCallback               0x080021d5   Thumb Code     2  stm32f4xx_hal_tim.o(i.HAL_TIM_IC_CaptureCallback)
    HAL_TIM_IRQHandler                       0x080021d7   Thumb Code   358  stm32f4xx_hal_tim.o(i.HAL_TIM_IRQHandler)
    HAL_TIM_MspPostInit                      0x0800233d   Thumb Code   146  tim.o(i.HAL_TIM_MspPostInit)
    HAL_TIM_OC_DelayElapsedCallback          0x080023e5   Thumb Code     2  stm32f4xx_hal_tim.o(i.HAL_TIM_OC_DelayElapsedCallback)
    HAL_TIM_PWM_ConfigChannel                0x080023e7   Thumb Code   208  stm32f4xx_hal_tim.o(i.HAL_TIM_PWM_ConfigChannel)
    HAL_TIM_PWM_Init                         0x080024b7   Thumb Code    54  stm32f4xx_hal_tim.o(i.HAL_TIM_PWM_Init)
    HAL_TIM_PWM_MspInit                      0x080024ed   Thumb Code     2  stm32f4xx_hal_tim.o(i.HAL_TIM_PWM_MspInit)
    HAL_TIM_PWM_PulseFinishedCallback        0x080024ef   Thumb Code     2  stm32f4xx_hal_tim.o(i.HAL_TIM_PWM_PulseFinishedCallback)
    HAL_TIM_PWM_Start                        0x080024f1   Thumb Code    58  stm32f4xx_hal_tim.o(i.HAL_TIM_PWM_Start)
    HAL_TIM_PeriodElapsedCallback            0x08002535   Thumb Code   138  main.o(i.HAL_TIM_PeriodElapsedCallback)
    HAL_TIM_TriggerCallback                  0x080025d9   Thumb Code     2  stm32f4xx_hal_tim.o(i.HAL_TIM_TriggerCallback)
    HAL_UART_ErrorCallback                   0x080025db   Thumb Code     2  stm32f4xx_hal_uart.o(i.HAL_UART_ErrorCallback)
    HAL_UART_IRQHandler                      0x080025dd   Thumb Code   270  stm32f4xx_hal_uart.o(i.HAL_UART_IRQHandler)
    HAL_UART_Init                            0x080026f1   Thumb Code    98  stm32f4xx_hal_uart.o(i.HAL_UART_Init)
    HAL_UART_MspInit                         0x08002755   Thumb Code   110  usart.o(i.HAL_UART_MspInit)
    HAL_UART_Receive_IT                      0x080027d1   Thumb Code    82  stm32f4xx_hal_uart.o(i.HAL_UART_Receive_IT)
    HAL_UART_RxCpltCallback                  0x08002825   Thumb Code    96  main.o(i.HAL_UART_RxCpltCallback)
    HAL_UART_Transmit                        0x08002895   Thumb Code   186  stm32f4xx_hal_uart.o(i.HAL_UART_Transmit)
    HAL_UART_TxCpltCallback                  0x0800294f   Thumb Code     2  stm32f4xx_hal_uart.o(i.HAL_UART_TxCpltCallback)
    HardFault_Handler                        0x08002951   Thumb Code     2  stm32f4xx_it.o(i.HardFault_Handler)
    MLX90614_Init                            0x08002ea9   Thumb Code     8  mlx90614.o(i.MLX90614_Init)
    MLX90614_KelvinToCelsius                 0x08002eb5   Thumb Code    40  mlx90614.o(i.MLX90614_KelvinToCelsius)
    MLX90614_Read16                          0x08002eed   Thumb Code    46  mlx90614.o(i.MLX90614_Read16)
    MLX90614_Read16Eeprom                    0x08002f21   Thumb Code    52  mlx90614.o(i.MLX90614_Read16Eeprom)
    MLX90614_ReadAmbientTemperature          0x08002f59   Thumb Code    34  mlx90614.o(i.MLX90614_ReadAmbientTemperature)
    MLX90614_ReadObjectTemperature           0x08002f7b   Thumb Code    34  mlx90614.o(i.MLX90614_ReadObjectTemperature)
    MLX90614_SetEmissivity                   0x08002f9d   Thumb Code   168  mlx90614.o(i.MLX90614_SetEmissivity)
    MLX90614_Write16Crc                      0x08003055   Thumb Code    86  mlx90614.o(i.MLX90614_Write16Crc)
    MLX90614_Write16Eeprom                   0x080030b1   Thumb Code    60  mlx90614.o(i.MLX90614_Write16Eeprom)
    MX_GPIO_Init                             0x080030ed   Thumb Code   166  gpio.o(i.MX_GPIO_Init)
    MX_I2C1_Init                             0x080031a5   Thumb Code    50  i2c.o(i.MX_I2C1_Init)
    MX_I2C2_Init                             0x080031e5   Thumb Code    50  i2c.o(i.MX_I2C2_Init)
    MX_TIM1_Init                             0x08003225   Thumb Code   242  tim.o(i.MX_TIM1_Init)
    MX_TIM2_Init                             0x08003321   Thumb Code   166  tim.o(i.MX_TIM2_Init)
    MX_TIM5_Init                             0x080033cd   Thumb Code    98  tim.o(i.MX_TIM5_Init)
    MX_USART1_UART_Init                      0x08003439   Thumb Code    48  usart.o(i.MX_USART1_UART_Init)
    MemManage_Handler                        0x08003471   Thumb Code     2  stm32f4xx_it.o(i.MemManage_Handler)
    Motor_init                               0x08003475   Thumb Code    38  motor.o(i.Motor_init)
    NMI_Handler                              0x080034a1   Thumb Code     2  stm32f4xx_it.o(i.NMI_Handler)
    PendSV_Handler                           0x080034a3   Thumb Code     2  stm32f4xx_it.o(i.PendSV_Handler)
    Position_PID_X                           0x080034a5   Thumb Code    64  control.o(i.Position_PID_X)
    Position_PID_Y                           0x080034e9   Thumb Code    64  control.o(i.Position_PID_Y)
    SVC_Handler                              0x0800352d   Thumb Code     2  stm32f4xx_it.o(i.SVC_Handler)
    SysTick_Handler                          0x0800352f   Thumb Code     4  stm32f4xx_it.o(i.SysTick_Handler)
    SystemClock_Config                       0x08003535   Thumb Code   124  main.o(i.SystemClock_Config)
    SystemInit                               0x080035b9   Thumb Code    22  system_stm32f4xx.o(i.SystemInit)
    TIM5_IRQHandler                          0x080035d5   Thumb Code     6  stm32f4xx_it.o(i.TIM5_IRQHandler)
    TIM_Base_SetConfig                       0x080035e1   Thumb Code   156  stm32f4xx_hal_tim.o(i.TIM_Base_SetConfig)
    TIM_CCxChannelCmd                        0x080036a9   Thumb Code    26  stm32f4xx_hal_tim.o(i.TIM_CCxChannelCmd)
    TIM_ETR_SetConfig                        0x080036c3   Thumb Code    20  stm32f4xx_hal_tim.o(i.TIM_ETR_SetConfig)
    TIM_OC2_SetConfig                        0x08003749   Thumb Code    98  stm32f4xx_hal_tim.o(i.TIM_OC2_SetConfig)
    USART1_IRQHandler                        0x08003b65   Thumb Code     6  stm32f4xx_it.o(i.USART1_IRQHandler)
    Uart_DataProcess                         0x08003b71   Thumb Code    40  uart_handler.o(i.Uart_DataProcess)
    Uart_Get                                 0x08003ba9   Thumb Code   228  uart_handler.o(i.Uart_Get)
    UsageFault_Handler                       0x08003ca5   Thumb Code     2  stm32f4xx_it.o(i.UsageFault_Handler)
    VL53L1X_BootState                        0x08003ca7   Thumb Code    32  vl53l1x_api.o(i.VL53L1X_BootState)
    VL53L1X_CheckForDataReady                0x08003cc7   Thumb Code    64  vl53l1x_api.o(i.VL53L1X_CheckForDataReady)
    VL53L1X_ClearInterrupt                   0x08003d07   Thumb Code    16  vl53l1x_api.o(i.VL53L1X_ClearInterrupt)
    VL53L1X_GetDistance                      0x08003d17   Thumb Code    26  vl53l1x_api.o(i.VL53L1X_GetDistance)
    VL53L1X_GetInterruptPolarity             0x08003d31   Thumb Code    44  vl53l1x_api.o(i.VL53L1X_GetInterruptPolarity)
    VL53L1X_GetRangeStatus                   0x08003d5d   Thumb Code   124  vl53l1x_api.o(i.VL53L1X_GetRangeStatus)
    VL53L1X_SensorInit                       0x08003dd9   Thumb Code   116  vl53l1x_api.o(i.VL53L1X_SensorInit)
    VL53L1X_StartRanging                     0x08003e51   Thumb Code    16  vl53l1x_api.o(i.VL53L1X_StartRanging)
    VL53L1X_StopRanging                      0x08003e61   Thumb Code    16  vl53l1x_api.o(i.VL53L1X_StopRanging)
    VL53L1_RdByte                            0x08003e71   Thumb Code    54  vl53l1_platform.o(i.VL53L1_RdByte)
    VL53L1_RdWord                            0x08003ead   Thumb Code    66  vl53l1_platform.o(i.VL53L1_RdWord)
    VL53L1_WrByte                            0x08003ef5   Thumb Code    36  vl53l1_platform.o(i.VL53L1_WrByte)
    XNUCLEO53L1A1_I2C1Configure              0x08003f1d   Thumb Code   110  x-nucleo-53l1a1.o(i.XNUCLEO53L1A1_I2C1Configure)
    XNUCLEO53L1A1_Init                       0x08003fa1   Thumb Code   138  x-nucleo-53l1a1.o(i.XNUCLEO53L1A1_Init)
    XNUCLEO53L1A1_ResetId                    0x08004031   Thumb Code   102  x-nucleo-53l1a1.o(i.XNUCLEO53L1A1_ResetId)
    _I2CRead                                 0x08004139   Thumb Code    28  vl53l1_platform.o(i._I2CRead)
    _I2CWrite                                0x08004155   Thumb Code    24  vl53l1_platform.o(i._I2CWrite)
    __0printf                                0x08004289   Thumb Code    22  printfa.o(i.__0printf)
    __1printf                                0x08004289   Thumb Code     0  printfa.o(i.__0printf)
    __2printf                                0x08004289   Thumb Code     0  printfa.o(i.__0printf)
    __c89printf                              0x08004289   Thumb Code     0  printfa.o(i.__0printf)
    printf                                   0x08004289   Thumb Code     0  printfa.o(i.__0printf)
    __hardfp_atof                            0x080042c9   Thumb Code    44  atof.o(i.__hardfp_atof)
    __hardfp_round                           0x08004301   Thumb Code   194  round.o(i.__hardfp_round)
    __read_errno                             0x080043e1   Thumb Code     6  errno.o(i.__read_errno)
    __scatterload_copy                       0x080043ed   Thumb Code    14  handlers.o(i.__scatterload_copy)
    __scatterload_null                       0x080043fb   Thumb Code     2  handlers.o(i.__scatterload_null)
    __scatterload_zeroinit                   0x080043fd   Thumb Code    14  handlers.o(i.__scatterload_zeroinit)
    __set_errno                              0x0800440d   Thumb Code     6  errno.o(i.__set_errno)
    _is_digit                                0x0800457d   Thumb Code    14  scanf_fp.o(i._is_digit)
    crc8                                     0x08004cbb   Thumb Code    30  mlx90614.o(i.crc8)
    fputc                                    0x08004cd9   Thumb Code    24  main.o(i.fputc)
    main                                     0x08004cf5   Thumb Code   158  main.o(i.main)
    malloc                                   0x08004dd5   Thumb Code    92  malloc.o(i.malloc)
    servo_adjust                             0x08004e41   Thumb Code    96  servo.o(i.servo_adjust)
    servo_down_reset                         0x08004eb1   Thumb Code    10  servo.o(i.servo_down_reset)
    servo_init                               0x08004ec1   Thumb Code    44  servo.o(i.servo_init)
    servo_scan                               0x08004ef5   Thumb Code    98  servo.o(i.servo_scan)
    servo_up_reset                           0x08004f65   Thumb Code    10  servo.o(i.servo_up_reset)
    simInit                                  0x08004f75   Thumb Code    20  bpsim.o(i.simInit)
    simNetSetUp                              0x08004f9d   Thumb Code   382  bpsim.o(i.simNetSetUp)
    vl53_readis                              0x08005125   Thumb Code    82  vl53l1.o(i.vl53_readis)
    vl53l1_init                              0x08005181   Thumb Code   142  vl53l1.o(i.vl53l1_init)
    AHBPrescTable                            0x0800521c   Data          16  system_stm32f4xx.o(.constdata)
    APBPrescTable                            0x0800522c   Data           8  system_stm32f4xx.o(.constdata)
    VL51L1X_DEFAULT_CONFIGURATION            0x08005234   Data          91  vl53l1x_api.o(.constdata)
    __ctype_categories                       0x0800528f   Data          64  ctype_c.o(.constdata)
    Region$$Table$$Base                      0x080052d0   Number         0  anon$$obj.o(Region$$Table)
    Region$$Table$$Limit                     0x080052f0   Number         0  anon$$obj.o(Region$$Table)
    recive_flag                              0x20000000   Data           4  main.o(.data)
    scan_flag                                0x20000004   Data           4  main.o(.data)
    UART1RxBuffer                            0x20000008   Data           1  main.o(.data)
    Encoder_L                                0x2000000a   Data           2  main.o(.data)
    Encoder_R                                0x2000000c   Data           2  main.o(.data)
    servo_flag                               0x20000010   Data           4  main.o(.data)
    ObjectTemperature                        0x20000014   Data           4  main.o(.data)
    AmbientTemperature                       0x20000018   Data           4  main.o(.data)
    deviationx                               0x2000001c   Data           4  main.o(.data)
    deviationy                               0x20000020   Data           4  main.o(.data)
    encoder_value_l                          0x20000024   Data           4  main.o(.data)
    encoder_value_r                          0x20000028   Data           4  main.o(.data)
    deviationx_rec                           0x2000002c   Data           5  main.o(.data)
    deviationy_rec                           0x20000031   Data           5  main.o(.data)
    x_pos                                    0x20000038   Data           4  main.o(.data)
    y_pos                                    0x2000003c   Data           4  main.o(.data)
    uwTickFreq                               0x20000040   Data           1  stm32f4xx_hal.o(.data)
    uwTickPrio                               0x20000044   Data           4  stm32f4xx_hal.o(.data)
    uwTick                                   0x20000048   Data           4  stm32f4xx_hal.o(.data)
    SystemCoreClock                          0x2000004c   Data           4  system_stm32f4xx.o(.data)
    mlx90614_i2c                             0x20000050   Data           4  mlx90614.o(.data)
    Position_KP                              0x20000054   Data           4  control.o(.data)
    Position_KI                              0x20000058   Data           4  control.o(.data)
    Position_KD                              0x2000005c   Data           4  control.o(.data)
    Position_Kp                              0x20000060   Data           4  control.o(.data)
    Position_Ki                              0x20000064   Data           4  control.o(.data)
    Position_Kd                              0x20000068   Data           4  control.o(.data)
    sensorState                              0x200000a4   Data           1  vl53l1.o(.data)
    ToFSensor                                0x200000a5   Data           1  vl53l1.o(.data)
    byteData                                 0x200000a6   Data           1  vl53l1.o(.data)
    RangeStatus                              0x200000a7   Data           1  vl53l1.o(.data)
    dataReady                                0x200000a8   Data           1  vl53l1.o(.data)
    wordData                                 0x200000aa   Data           2  vl53l1.o(.data)
    Distance                                 0x200000ac   Data           2  vl53l1.o(.data)
    status                                   0x200000b0   Data           4  vl53l1.o(.data)
    layer_all1                               0x200000b8   Data           4  bpsim.o(.data)
    nodes_all1                               0x200000bc   Data           4  bpsim.o(.data)
    simnetwork                               0x200000c0   Data           4  bpsim.o(.data)
    simyminmax                               0x200000c4   Data           8  bpsim.o(.data)
    data                                     0x200000d0   Data         536  bpsim.o(.data)
    __stdout                                 0x200002e8   Data           4  stdout.o(.data)
    __microlib_freelist                      0x200002ec   Data           4  mvars.o(.data)
    __microlib_freelist_initialised          0x200002f0   Data           4  mvars.o(.data)
    Uart_get                                 0x200002f8   Data          20  main.o(.bss)
    hi2c1                                    0x2000030c   Data          84  i2c.o(.bss)
    hi2c2                                    0x20000360   Data          84  i2c.o(.bss)
    htim1                                    0x200003b4   Data          64  tim.o(.bss)
    htim2                                    0x200003f4   Data          64  tim.o(.bss)
    htim5                                    0x20000434   Data          64  tim.o(.bss)
    huart1                                   0x20000474   Data          64  usart.o(.bss)
    _I2CBuffer                               0x200004b4   Data         256  vl53l1_platform.o(.bss)
    XNUCLEO53L1A1_hi2c                       0x200005b4   Data          84  x-nucleo-53l1a1.o(.bss)
    dev                                      0x20000608   Data          16  vl53l1.o(.bss)
    simxminmax                               0x20000618   Data          16  bpsim.o(.bss)
    __heap_base                              0x20000628   Data           0  startup_stm32f407xx.o(HEAP)
    __heap_limit                             0x20000828   Data           0  startup_stm32f407xx.o(HEAP)
    __initial_sp                             0x20001028   Data           0  startup_stm32f407xx.o(STACK)



==============================================================================

Memory Map of the image

  Image Entry point : 0x08000189

  Load Region LR_IROM1 (Base: 0x08000000, Size: 0x000055e8, Max: 0x00080000, ABSOLUTE, COMPRESSED[0x000054f0])

    Execution Region ER_IROM1 (Exec base: 0x08000000, Load base: 0x08000000, Size: 0x000052f0, Max: 0x00080000, ABSOLUTE)

    Exec Addr    Load Addr    Size         Type   Attr      Idx    E Section Name        Object

    0x08000000   0x08000000   0x00000188   Data   RO            3    RESET               startup_stm32f407xx.o
    0x08000188   0x08000188   0x00000000   Code   RO         4453  * .ARM.Collect$$$$00000000  mc_w.l(entry.o)
    0x08000188   0x08000188   0x00000004   Code   RO         4792    .ARM.Collect$$$$00000001  mc_w.l(entry2.o)
    0x0800018c   0x0800018c   0x00000004   Code   RO         4795    .ARM.Collect$$$$00000004  mc_w.l(entry5.o)
    0x08000190   0x08000190   0x00000000   Code   RO         4797    .ARM.Collect$$$$00000008  mc_w.l(entry7b.o)
    0x08000190   0x08000190   0x00000000   Code   RO         4799    .ARM.Collect$$$$0000000A  mc_w.l(entry8b.o)
    0x08000190   0x08000190   0x00000008   Code   RO         4800    .ARM.Collect$$$$0000000B  mc_w.l(entry9a.o)
    0x08000198   0x08000198   0x00000000   Code   RO         4802    .ARM.Collect$$$$0000000D  mc_w.l(entry10a.o)
    0x08000198   0x08000198   0x00000000   Code   RO         4804    .ARM.Collect$$$$0000000F  mc_w.l(entry11a.o)
    0x08000198   0x08000198   0x00000004   Code   RO         4793    .ARM.Collect$$$$00002712  mc_w.l(entry2.o)
    0x0800019c   0x0800019c   0x00000024   Code   RO            4    .text               startup_stm32f407xx.o
    0x080001c0   0x080001c0   0x00000062   Code   RO         4456    .text               mc_w.l(uldiv.o)
    0x08000222   0x08000222   0x00000024   Code   RO         4458    .text               mc_w.l(memcpya.o)
    0x08000246   0x08000246   0x00000024   Code   RO         4460    .text               mc_w.l(memseta.o)
    0x0800026a   0x0800026a   0x0000014e   Code   RO         4753    .text               mf_w.l(dadd.o)
    0x080003b8   0x080003b8   0x000000e4   Code   RO         4755    .text               mf_w.l(dmul.o)
    0x0800049c   0x0800049c   0x000000de   Code   RO         4757    .text               mf_w.l(ddiv.o)
    0x0800057a   0x0800057a   0x0000001a   Code   RO         4763    .text               mf_w.l(dfltui.o)
    0x08000594   0x08000594   0x0000003e   Code   RO         4765    .text               mf_w.l(dfixi.o)
    0x080005d2   0x080005d2   0x00000032   Code   RO         4767    .text               mf_w.l(dfixui.o)
    0x08000604   0x08000604   0x00000026   Code   RO         4769    .text               mf_w.l(f2d.o)
    0x0800062a   0x0800062a   0x00000038   Code   RO         4771    .text               mf_w.l(d2f.o)
    0x08000662   0x08000662   0x0000002c   Code   RO         4807    .text               mc_w.l(uidiv.o)
    0x0800068e   0x0800068e   0x0000001e   Code   RO         4809    .text               mc_w.l(llshl.o)
    0x080006ac   0x080006ac   0x00000020   Code   RO         4811    .text               mc_w.l(llushr.o)
    0x080006cc   0x080006cc   0x00000024   Code   RO         4813    .text               mc_w.l(llsshr.o)
    0x080006f0   0x080006f0   0x0000009c   Code   RO         4824    .text               mc_w.l(strtod.o)
    0x0800078c   0x0800078c   0x00000000   Code   RO         4826    .text               mc_w.l(iusefp.o)
    0x0800078c   0x0800078c   0x0000006e   Code   RO         4827    .text               mf_w.l(fepilogue.o)
    0x080007fa   0x080007fa   0x000000ba   Code   RO         4829    .text               mf_w.l(depilogue.o)
    0x080008b4   0x080008b4   0x00000088   Code   RO         4831    .text               mf_w.l(drnd.o)
    0x0800093c   0x0800093c   0x00000030   Code   RO         4833    .text               mf_w.l(dfixul.o)
    0x0800096c   0x0800096c   0x00000030   Code   RO         4835    .text               mf_w.l(cdcmple.o)
    0x0800099c   0x0800099c   0x00000030   Code   RO         4837    .text               mf_w.l(cdrcmple.o)
    0x080009cc   0x080009cc   0x00000024   Code   RO         4839    .text               mc_w.l(init.o)
    0x080009f0   0x080009f0   0x0000000a   Code   RO         4841    .text               mc_w.l(isspace_c.o)
    0x080009fa   0x080009fa   0x00000002   PAD
    0x080009fc   0x080009fc   0x00000338   Code   RO         4843    .text               mc_w.l(scanf_fp.o)
    0x08000d34   0x08000d34   0x00000040   Code   RO         4847    .text               mc_w.l(_sgetc.o)
    0x08000d74   0x08000d74   0x00000028   Code   RO         4849    .text               mc_w.l(ctype_c.o)
    0x08000d9c   0x08000d9c   0x00000018   Code   RO         4852    .text               mf_w.l(dfltul.o)
    0x08000db4   0x08000db4   0x00000056   Code   RO         4862    .text               mc_w.l(__dczerorl2.o)
    0x08000e0a   0x08000e0a   0x00000002   Code   RO          443    i.BusFault_Handler  stm32f4xx_it.o
    0x08000e0c   0x08000e0c   0x00000002   Code   RO          444    i.DebugMon_Handler  stm32f4xx_it.o
    0x08000e0e   0x08000e0e   0x00000006   Code   RO          445    i.EXTI0_IRQHandler  stm32f4xx_it.o
    0x08000e14   0x08000e14   0x00000006   Code   RO          446    i.EXTI4_IRQHandler  stm32f4xx_it.o
    0x08000e1a   0x08000e1a   0x00000002   Code   RO           13    i.Error_Handler     main.o
    0x08000e1c   0x08000e1c   0x00000024   Code   RO         1519    i.HAL_DMA_Abort_IT  stm32f4xx_hal_dma.o
    0x08000e40   0x08000e40   0x00000024   Code   RO         1937    i.HAL_Delay         stm32f4xx_hal.o
    0x08000e64   0x08000e64   0x00000020   Code   RO           14    i.HAL_GPIO_EXTI_Callback  main.o
    0x08000e84   0x08000e84   0x00000018   Code   RO         1410    i.HAL_GPIO_EXTI_IRQHandler  stm32f4xx_hal_gpio.o
    0x08000e9c   0x08000e9c   0x000001b8   Code   RO         1411    i.HAL_GPIO_Init     stm32f4xx_hal_gpio.o
    0x08001054   0x08001054   0x0000000a   Code   RO         1413    i.HAL_GPIO_ReadPin  stm32f4xx_hal_gpio.o
    0x0800105e   0x0800105e   0x0000000a   Code   RO         1415    i.HAL_GPIO_WritePin  stm32f4xx_hal_gpio.o
    0x08001068   0x08001068   0x0000000c   Code   RO         1943    i.HAL_GetTick       stm32f4xx_hal.o
    0x08001074   0x08001074   0x00000188   Code   RO          622    i.HAL_I2C_Init      stm32f4xx_hal_i2c.o
    0x080011fc   0x080011fc   0x000001e0   Code   RO          628    i.HAL_I2C_Master_Receive  stm32f4xx_hal_i2c.o
    0x080013dc   0x080013dc   0x0000012c   Code   RO          635    i.HAL_I2C_Master_Transmit  stm32f4xx_hal_i2c.o
    0x08001508   0x08001508   0x000001f8   Code   RO          640    i.HAL_I2C_Mem_Read  stm32f4xx_hal_i2c.o
    0x08001700   0x08001700   0x00000130   Code   RO          643    i.HAL_I2C_Mem_Write  stm32f4xx_hal_i2c.o
    0x08001830   0x08001830   0x000000a0   Code   RO          294    i.HAL_I2C_MspInit   i2c.o
    0x080018d0   0x080018d0   0x00000010   Code   RO         1949    i.HAL_IncTick       stm32f4xx_hal.o
    0x080018e0   0x080018e0   0x00000034   Code   RO         1950    i.HAL_Init          stm32f4xx_hal.o
    0x08001914   0x08001914   0x00000040   Code   RO         1951    i.HAL_InitTick      stm32f4xx_hal.o
    0x08001954   0x08001954   0x00000030   Code   RO          543    i.HAL_MspInit       stm32f4xx_hal_msp.o
    0x08001984   0x08001984   0x0000001a   Code   RO         1800    i.HAL_NVIC_EnableIRQ  stm32f4xx_hal_cortex.o
    0x0800199e   0x0800199e   0x00000002   PAD
    0x080019a0   0x080019a0   0x00000040   Code   RO         1806    i.HAL_NVIC_SetPriority  stm32f4xx_hal_cortex.o
    0x080019e0   0x080019e0   0x00000024   Code   RO         1807    i.HAL_NVIC_SetPriorityGrouping  stm32f4xx_hal_cortex.o
    0x08001a04   0x08001a04   0x00000134   Code   RO         1057    i.HAL_RCC_ClockConfig  stm32f4xx_hal_rcc.o
    0x08001b38   0x08001b38   0x00000020   Code   RO         1064    i.HAL_RCC_GetPCLK1Freq  stm32f4xx_hal_rcc.o
    0x08001b58   0x08001b58   0x00000020   Code   RO         1065    i.HAL_RCC_GetPCLK2Freq  stm32f4xx_hal_rcc.o
    0x08001b78   0x08001b78   0x00000060   Code   RO         1066    i.HAL_RCC_GetSysClockFreq  stm32f4xx_hal_rcc.o
    0x08001bd8   0x08001bd8   0x0000035c   Code   RO         1069    i.HAL_RCC_OscConfig  stm32f4xx_hal_rcc.o
    0x08001f34   0x08001f34   0x00000028   Code   RO         1811    i.HAL_SYSTICK_Config  stm32f4xx_hal_cortex.o
    0x08001f5c   0x08001f5c   0x00000002   Code   RO         2865    i.HAL_TIMEx_BreakCallback  stm32f4xx_hal_tim_ex.o
    0x08001f5e   0x08001f5e   0x00000002   Code   RO         2866    i.HAL_TIMEx_CommutCallback  stm32f4xx_hal_tim_ex.o
    0x08001f60   0x08001f60   0x00000054   Code   RO         2868    i.HAL_TIMEx_ConfigBreakDeadTime  stm32f4xx_hal_tim_ex.o
    0x08001fb4   0x08001fb4   0x00000090   Code   RO         2883    i.HAL_TIMEx_MasterConfigSynchronization  stm32f4xx_hal_tim_ex.o
    0x08002044   0x08002044   0x00000036   Code   RO         2190    i.HAL_TIM_Base_Init  stm32f4xx_hal_tim.o
    0x0800207a   0x0800207a   0x00000002   PAD
    0x0800207c   0x0800207c   0x00000060   Code   RO          342    i.HAL_TIM_Base_MspInit  tim.o
    0x080020dc   0x080020dc   0x00000022   Code   RO         2195    i.HAL_TIM_Base_Start_IT  stm32f4xx_hal_tim.o
    0x080020fe   0x080020fe   0x000000d6   Code   RO         2199    i.HAL_TIM_ConfigClockSource  stm32f4xx_hal_tim.o
    0x080021d4   0x080021d4   0x00000002   Code   RO         2219    i.HAL_TIM_IC_CaptureCallback  stm32f4xx_hal_tim.o
    0x080021d6   0x080021d6   0x00000166   Code   RO         2233    i.HAL_TIM_IRQHandler  stm32f4xx_hal_tim.o
    0x0800233c   0x0800233c   0x000000a8   Code   RO          343    i.HAL_TIM_MspPostInit  tim.o
    0x080023e4   0x080023e4   0x00000002   Code   RO         2236    i.HAL_TIM_OC_DelayElapsedCallback  stm32f4xx_hal_tim.o
    0x080023e6   0x080023e6   0x000000d0   Code   RO         2257    i.HAL_TIM_PWM_ConfigChannel  stm32f4xx_hal_tim.o
    0x080024b6   0x080024b6   0x00000036   Code   RO         2260    i.HAL_TIM_PWM_Init  stm32f4xx_hal_tim.o
    0x080024ec   0x080024ec   0x00000002   Code   RO         2262    i.HAL_TIM_PWM_MspInit  stm32f4xx_hal_tim.o
    0x080024ee   0x080024ee   0x00000002   Code   RO         2263    i.HAL_TIM_PWM_PulseFinishedCallback  stm32f4xx_hal_tim.o
    0x080024f0   0x080024f0   0x00000044   Code   RO         2265    i.HAL_TIM_PWM_Start  stm32f4xx_hal_tim.o
    0x08002534   0x08002534   0x000000a4   Code   RO           15    i.HAL_TIM_PeriodElapsedCallback  main.o
    0x080025d8   0x080025d8   0x00000002   Code   RO         2276    i.HAL_TIM_TriggerCallback  stm32f4xx_hal_tim.o
    0x080025da   0x080025da   0x00000002   Code   RO         3137    i.HAL_UART_ErrorCallback  stm32f4xx_hal_uart.o
    0x080025dc   0x080025dc   0x00000114   Code   RO         3140    i.HAL_UART_IRQHandler  stm32f4xx_hal_uart.o
    0x080026f0   0x080026f0   0x00000062   Code   RO         3141    i.HAL_UART_Init     stm32f4xx_hal_uart.o
    0x08002752   0x08002752   0x00000002   PAD
    0x08002754   0x08002754   0x0000007c   Code   RO          402    i.HAL_UART_MspInit  usart.o
    0x080027d0   0x080027d0   0x00000052   Code   RO         3146    i.HAL_UART_Receive_IT  stm32f4xx_hal_uart.o
    0x08002822   0x08002822   0x00000002   PAD
    0x08002824   0x08002824   0x00000070   Code   RO           16    i.HAL_UART_RxCpltCallback  main.o
    0x08002894   0x08002894   0x000000ba   Code   RO         3149    i.HAL_UART_Transmit  stm32f4xx_hal_uart.o
    0x0800294e   0x0800294e   0x00000002   Code   RO         3152    i.HAL_UART_TxCpltCallback  stm32f4xx_hal_uart.o
    0x08002950   0x08002950   0x00000002   Code   RO          447    i.HardFault_Handler  stm32f4xx_it.o
    0x08002952   0x08002952   0x0000002e   Code   RO          664    i.I2C_IsAcknowledgeFailed  stm32f4xx_hal_i2c.o
    0x08002980   0x08002980   0x000000ec   Code   RO          667    i.I2C_MasterRequestRead  stm32f4xx_hal_i2c.o
    0x08002a6c   0x08002a6c   0x0000009c   Code   RO          668    i.I2C_MasterRequestWrite  stm32f4xx_hal_i2c.o
    0x08002b08   0x08002b08   0x000000fc   Code   RO          674    i.I2C_RequestMemoryRead  stm32f4xx_hal_i2c.o
    0x08002c04   0x08002c04   0x000000a8   Code   RO          675    i.I2C_RequestMemoryWrite  stm32f4xx_hal_i2c.o
    0x08002cac   0x08002cac   0x0000004c   Code   RO          678    i.I2C_WaitOnBTFFlagUntilTimeout  stm32f4xx_hal_i2c.o
    0x08002cf8   0x08002cf8   0x00000068   Code   RO          679    i.I2C_WaitOnFlagUntilTimeout  stm32f4xx_hal_i2c.o
    0x08002d60   0x08002d60   0x00000096   Code   RO          680    i.I2C_WaitOnMasterAddressFlagUntilTimeout  stm32f4xx_hal_i2c.o
    0x08002df6   0x08002df6   0x00000066   Code   RO          681    i.I2C_WaitOnRXNEFlagUntilTimeout  stm32f4xx_hal_i2c.o
    0x08002e5c   0x08002e5c   0x0000004c   Code   RO          682    i.I2C_WaitOnTXEFlagUntilTimeout  stm32f4xx_hal_i2c.o
    0x08002ea8   0x08002ea8   0x0000000c   Code   RO         3551    i.MLX90614_Init     mlx90614.o
    0x08002eb4   0x08002eb4   0x00000038   Code   RO         3552    i.MLX90614_KelvinToCelsius  mlx90614.o
    0x08002eec   0x08002eec   0x00000034   Code   RO         3553    i.MLX90614_Read16   mlx90614.o
    0x08002f20   0x08002f20   0x00000038   Code   RO         3554    i.MLX90614_Read16Eeprom  mlx90614.o
    0x08002f58   0x08002f58   0x00000022   Code   RO         3555    i.MLX90614_ReadAmbientTemperature  mlx90614.o
    0x08002f7a   0x08002f7a   0x00000022   Code   RO         3556    i.MLX90614_ReadObjectTemperature  mlx90614.o
    0x08002f9c   0x08002f9c   0x000000b8   Code   RO         3559    i.MLX90614_SetEmissivity  mlx90614.o
    0x08003054   0x08003054   0x0000005c   Code   RO         3560    i.MLX90614_Write16Crc  mlx90614.o
    0x080030b0   0x080030b0   0x0000003c   Code   RO         3561    i.MLX90614_Write16Eeprom  mlx90614.o
    0x080030ec   0x080030ec   0x000000b8   Code   RO          269    i.MX_GPIO_Init      gpio.o
    0x080031a4   0x080031a4   0x00000040   Code   RO          295    i.MX_I2C1_Init      i2c.o
    0x080031e4   0x080031e4   0x00000040   Code   RO          296    i.MX_I2C2_Init      i2c.o
    0x08003224   0x08003224   0x000000fc   Code   RO          344    i.MX_TIM1_Init      tim.o
    0x08003320   0x08003320   0x000000ac   Code   RO          345    i.MX_TIM2_Init      tim.o
    0x080033cc   0x080033cc   0x0000006c   Code   RO          346    i.MX_TIM5_Init      tim.o
    0x08003438   0x08003438   0x00000038   Code   RO          403    i.MX_USART1_UART_Init  usart.o
    0x08003470   0x08003470   0x00000002   Code   RO          448    i.MemManage_Handler  stm32f4xx_it.o
    0x08003472   0x08003472   0x00000002   PAD
    0x08003474   0x08003474   0x0000002c   Code   RO         3484    i.Motor_init        motor.o
    0x080034a0   0x080034a0   0x00000002   Code   RO          449    i.NMI_Handler       stm32f4xx_it.o
    0x080034a2   0x080034a2   0x00000002   Code   RO          450    i.PendSV_Handler    stm32f4xx_it.o
    0x080034a4   0x080034a4   0x00000044   Code   RO         3752    i.Position_PID_X    control.o
    0x080034e8   0x080034e8   0x00000044   Code   RO         3753    i.Position_PID_Y    control.o
    0x0800352c   0x0800352c   0x00000002   Code   RO          451    i.SVC_Handler       stm32f4xx_it.o
    0x0800352e   0x0800352e   0x00000004   Code   RO          452    i.SysTick_Handler   stm32f4xx_it.o
    0x08003532   0x08003532   0x00000002   PAD
    0x08003534   0x08003534   0x00000084   Code   RO           17    i.SystemClock_Config  main.o
    0x080035b8   0x080035b8   0x0000001c   Code   RO         3443    i.SystemInit        system_stm32f4xx.o
    0x080035d4   0x080035d4   0x0000000c   Code   RO          453    i.TIM5_IRQHandler   stm32f4xx_it.o
    0x080035e0   0x080035e0   0x000000c8   Code   RO         2278    i.TIM_Base_SetConfig  stm32f4xx_hal_tim.o
    0x080036a8   0x080036a8   0x0000001a   Code   RO         2279    i.TIM_CCxChannelCmd  stm32f4xx_hal_tim.o
    0x080036c2   0x080036c2   0x00000014   Code   RO         2289    i.TIM_ETR_SetConfig  stm32f4xx_hal_tim.o
    0x080036d6   0x080036d6   0x00000010   Code   RO         2290    i.TIM_ITRx_SetConfig  stm32f4xx_hal_tim.o
    0x080036e6   0x080036e6   0x00000002   PAD
    0x080036e8   0x080036e8   0x00000060   Code   RO         2291    i.TIM_OC1_SetConfig  stm32f4xx_hal_tim.o
    0x08003748   0x08003748   0x0000006c   Code   RO         2292    i.TIM_OC2_SetConfig  stm32f4xx_hal_tim.o
    0x080037b4   0x080037b4   0x00000068   Code   RO         2293    i.TIM_OC3_SetConfig  stm32f4xx_hal_tim.o
    0x0800381c   0x0800381c   0x00000050   Code   RO         2294    i.TIM_OC4_SetConfig  stm32f4xx_hal_tim.o
    0x0800386c   0x0800386c   0x00000022   Code   RO         2296    i.TIM_TI1_ConfigInputStage  stm32f4xx_hal_tim.o
    0x0800388e   0x0800388e   0x00000024   Code   RO         2298    i.TIM_TI2_ConfigInputStage  stm32f4xx_hal_tim.o
    0x080038b2   0x080038b2   0x00000010   Code   RO         3154    i.UART_DMAAbortOnError  stm32f4xx_hal_uart.o
    0x080038c2   0x080038c2   0x0000001c   Code   RO         3164    i.UART_EndRxTransfer  stm32f4xx_hal_uart.o
    0x080038de   0x080038de   0x00000096   Code   RO         3166    i.UART_Receive_IT   stm32f4xx_hal_uart.o
    0x08003974   0x08003974   0x00000128   Code   RO         3167    i.UART_SetConfig    stm32f4xx_hal_uart.o
    0x08003a9c   0x08003a9c   0x00000062   Code   RO         3168    i.UART_Transmit_IT  stm32f4xx_hal_uart.o
    0x08003afe   0x08003afe   0x00000064   Code   RO         3169    i.UART_WaitOnFlagUntilTimeout  stm32f4xx_hal_uart.o
    0x08003b62   0x08003b62   0x00000002   PAD
    0x08003b64   0x08003b64   0x0000000c   Code   RO          454    i.USART1_IRQHandler  stm32f4xx_it.o
    0x08003b70   0x08003b70   0x00000038   Code   RO         3797    i.Uart_DataProcess  uart_handler.o
    0x08003ba8   0x08003ba8   0x000000fc   Code   RO         3798    i.Uart_Get          uart_handler.o
    0x08003ca4   0x08003ca4   0x00000002   Code   RO          455    i.UsageFault_Handler  stm32f4xx_it.o
    0x08003ca6   0x08003ca6   0x00000020   Code   RO         3955    i.VL53L1X_BootState  vl53l1x_api.o
    0x08003cc6   0x08003cc6   0x00000040   Code   RO         3956    i.VL53L1X_CheckForDataReady  vl53l1x_api.o
    0x08003d06   0x08003d06   0x00000010   Code   RO         3957    i.VL53L1X_ClearInterrupt  vl53l1x_api.o
    0x08003d16   0x08003d16   0x0000001a   Code   RO         3960    i.VL53L1X_GetDistance  vl53l1x_api.o
    0x08003d30   0x08003d30   0x0000002c   Code   RO         3966    i.VL53L1X_GetInterruptPolarity  vl53l1x_api.o
    0x08003d5c   0x08003d5c   0x0000007c   Code   RO         3969    i.VL53L1X_GetRangeStatus  vl53l1x_api.o
    0x08003dd8   0x08003dd8   0x00000078   Code   RO         3979    i.VL53L1X_SensorInit  vl53l1x_api.o
    0x08003e50   0x08003e50   0x00000010   Code   RO         3991    i.VL53L1X_StartRanging  vl53l1x_api.o
    0x08003e60   0x08003e60   0x00000010   Code   RO         3993    i.VL53L1X_StopRanging  vl53l1x_api.o
    0x08003e70   0x08003e70   0x0000003c   Code   RO         3831    i.VL53L1_RdByte     vl53l1_platform.o
    0x08003eac   0x08003eac   0x00000048   Code   RO         3833    i.VL53L1_RdWord     vl53l1_platform.o
    0x08003ef4   0x08003ef4   0x00000028   Code   RO         3839    i.VL53L1_WrByte     vl53l1_platform.o
    0x08003f1c   0x08003f1c   0x00000084   Code   RO         4246    i.XNUCLEO53L1A1_I2C1Configure  x-nucleo-53l1a1.o
    0x08003fa0   0x08003fa0   0x00000090   Code   RO         4247    i.XNUCLEO53L1A1_Init  x-nucleo-53l1a1.o
    0x08004030   0x08004030   0x0000006c   Code   RO         4248    i.XNUCLEO53L1A1_ResetId  x-nucleo-53l1a1.o
    0x0800409c   0x0800409c   0x0000003c   Code   RO         4250    i._ExpanderRd       x-nucleo-53l1a1.o
    0x080040d8   0x080040d8   0x00000034   Code   RO         4251    i._ExpanderWR       x-nucleo-53l1a1.o
    0x0800410c   0x0800410c   0x0000002c   Code   RO         4252    i._ExpandersSetAllIO  x-nucleo-53l1a1.o
    0x08004138   0x08004138   0x0000001c   Code   RO         3843    i._I2CRead          vl53l1_platform.o
    0x08004154   0x08004154   0x00000018   Code   RO         3844    i._I2CWrite         vl53l1_platform.o
    0x0800416c   0x0800416c   0x0000011c   Code   RO         4253    i._I2cFailRecover   x-nucleo-53l1a1.o
    0x08004288   0x08004288   0x00000020   Code   RO         4697    i.__0printf         mc_w.l(printfa.o)
    0x080042a8   0x080042a8   0x00000020   Code   RO         1813    i.__NVIC_SetPriority  stm32f4xx_hal_cortex.o
    0x080042c8   0x080042c8   0x00000038   Code   RO         4429    i.__hardfp_atof     m_wm.l(atof.o)
    0x08004300   0x08004300   0x000000e0   Code   RO         4449    i.__hardfp_round    m_wm.l(round.o)
    0x080043e0   0x080043e0   0x0000000c   Code   RO         4818    i.__read_errno      mc_w.l(errno.o)
    0x080043ec   0x080043ec   0x0000000e   Code   RO         4856    i.__scatterload_copy  mc_w.l(handlers.o)
    0x080043fa   0x080043fa   0x00000002   Code   RO         4857    i.__scatterload_null  mc_w.l(handlers.o)
    0x080043fc   0x080043fc   0x0000000e   Code   RO         4858    i.__scatterload_zeroinit  mc_w.l(handlers.o)
    0x0800440a   0x0800440a   0x00000002   PAD
    0x0800440c   0x0800440c   0x0000000c   Code   RO         4819    i.__set_errno       mc_w.l(errno.o)
    0x08004418   0x08004418   0x00000164   Code   RO         4704    i._fp_digits        mc_w.l(printfa.o)
    0x0800457c   0x0800457c   0x0000000e   Code   RO         4845    i._is_digit         mc_w.l(scanf_fp.o)
    0x0800458a   0x0800458a   0x00000002   PAD
    0x0800458c   0x0800458c   0x000006dc   Code   RO         4705    i._printf_core      mc_w.l(printfa.o)
    0x08004c68   0x08004c68   0x00000024   Code   RO         4706    i._printf_post_padding  mc_w.l(printfa.o)
    0x08004c8c   0x08004c8c   0x0000002e   Code   RO         4707    i._printf_pre_padding  mc_w.l(printfa.o)
    0x08004cba   0x08004cba   0x0000001e   Code   RO         3562    i.crc8              mlx90614.o
    0x08004cd8   0x08004cd8   0x0000001c   Code   RO           19    i.fputc             main.o
    0x08004cf4   0x08004cf4   0x000000e0   Code   RO           20    i.main              main.o
    0x08004dd4   0x08004dd4   0x0000006c   Code   RO         4726    i.malloc            mc_w.l(malloc.o)
    0x08004e40   0x08004e40   0x00000070   Code   RO         3658    i.servo_adjust      servo.o
    0x08004eb0   0x08004eb0   0x00000010   Code   RO         3660    i.servo_down_reset  servo.o
    0x08004ec0   0x08004ec0   0x00000034   Code   RO         3661    i.servo_init        servo.o
    0x08004ef4   0x08004ef4   0x00000070   Code   RO         3662    i.servo_scan        servo.o
    0x08004f64   0x08004f64   0x00000010   Code   RO         3664    i.servo_up_reset    servo.o
    0x08004f74   0x08004f74   0x00000028   Code   RO         4370    i.simInit           bpsim.o
    0x08004f9c   0x08004f9c   0x00000188   Code   RO         4372    i.simNetSetUp       bpsim.o
    0x08005124   0x08005124   0x0000005c   Code   RO         4332    i.vl53_readis       vl53l1.o
    0x08005180   0x08005180   0x0000009c   Code   RO         4333    i.vl53l1_init       vl53l1.o
    0x0800521c   0x0800521c   0x00000010   Data   RO         3444    .constdata          system_stm32f4xx.o
    0x0800522c   0x0800522c   0x00000008   Data   RO         3445    .constdata          system_stm32f4xx.o
    0x08005234   0x08005234   0x0000005b   Data   RO         3994    .constdata          vl53l1x_api.o
    0x0800528f   0x0800528f   0x00000040   Data   RO         4850    .constdata          mc_w.l(ctype_c.o)
    0x080052cf   0x080052cf   0x00000001   PAD
    0x080052d0   0x080052d0   0x00000020   Data   RO         4854    Region$$Table       anon$$obj.o


    Execution Region RW_IRAM2 (Exec base: 0x10000000, Load base: 0x080054f0, Size: 0x00000000, Max: 0x00010000, ABSOLUTE)

    **** No section assigned to this execution region ****


    Execution Region RW_IRAM1 (Exec base: 0x20000000, Load base: 0x080052f0, Size: 0x00001028, Max: 0x00020000, ABSOLUTE, COMPRESSED[0x00000200])

    Exec Addr    Load Addr    Size         Type   Attr      Idx    E Section Name        Object

    0x20000000   COMPRESSED   0x00000004   Data   RW           24    .data               main.o
    0x20000004   COMPRESSED   0x00000004   Data   RW           25    .data               main.o
    0x20000008   COMPRESSED   0x00000024   Data   RW           26    .data               main.o
    0x2000002c   COMPRESSED   0x00000005   Data   RW           28    .data               main.o
    0x20000031   COMPRESSED   0x00000005   Data   RW           29    .data               main.o
    0x20000036   COMPRESSED   0x00000002   PAD
    0x20000038   COMPRESSED   0x00000004   Data   RW           33    .data               main.o
    0x2000003c   COMPRESSED   0x00000004   Data   RW           34    .data               main.o
    0x20000040   COMPRESSED   0x0000000c   Data   RW         1957    .data               stm32f4xx_hal.o
    0x2000004c   COMPRESSED   0x00000004   Data   RW         3446    .data               system_stm32f4xx.o
    0x20000050   COMPRESSED   0x00000004   Data   RW         3563    .data               mlx90614.o
    0x20000054   COMPRESSED   0x00000038   Data   RW         3755    .data               control.o
    0x2000008c   COMPRESSED   0x00000002   Data   RW         3799    .data               uart_handler.o
    0x2000008e   COMPRESSED   0x00000002   PAD
    0x20000090   COMPRESSED   0x00000014   Data   RW         4256    .data               x-nucleo-53l1a1.o
    0x200000a4   COMPRESSED   0x00000010   Data   RW         4335    .data               vl53l1.o
    0x200000b4   COMPRESSED   0x00000004   PAD
    0x200000b8   COMPRESSED   0x00000230   Data   RW         4374    .data               bpsim.o
    0x200002e8   COMPRESSED   0x00000004   Data   RW         4806    .data               mc_w.l(stdout.o)
    0x200002ec   COMPRESSED   0x00000004   Data   RW         4815    .data               mc_w.l(mvars.o)
    0x200002f0   COMPRESSED   0x00000004   Data   RW         4816    .data               mc_w.l(mvars.o)
    0x200002f4   COMPRESSED   0x00000004   Data   RW         4820    .data               mc_w.l(errno.o)
    0x200002f8        -       0x00000014   Zero   RW           21    .bss                main.o
    0x2000030c        -       0x000000a8   Zero   RW          297    .bss                i2c.o
    0x200003b4        -       0x000000c0   Zero   RW          347    .bss                tim.o
    0x20000474        -       0x00000040   Zero   RW          404    .bss                usart.o
    0x200004b4        -       0x00000100   Zero   RW         3845    .bss                vl53l1_platform.o
    0x200005b4        -       0x00000054   Zero   RW         4254    .bss                x-nucleo-53l1a1.o
    0x20000608        -       0x00000010   Zero   RW         4334    .bss                vl53l1.o
    0x20000618        -       0x00000010   Zero   RW         4373    .bss                bpsim.o
    0x20000628        -       0x00000200   Zero   RW            2    HEAP                startup_stm32f407xx.o
    0x20000828        -       0x00000800   Zero   RW            1    STACK               startup_stm32f407xx.o


==============================================================================

Image component sizes


      Code (inc. data)   RO Data    RW Data    ZI Data      Debug   Object Name

       432         30          0        560         16       2370   bpsim.o
       136          8          0         56          0       1868   control.o
       184         18          0          0          0       1031   gpio.o
       288         46          0          0        168       2434   i2c.o
       694        126          0         62         20     705015   main.o
       610         52          0          4          0       7946   mlx90614.o
        44          6          0          0          0        529   motor.o
       308         50          0          0          0       3434   servo.o
        36          8        392          0       2560        864   startup_stm32f407xx.o
       180         28          0         12          0       9617   stm32f4xx_hal.o
       198         14          0          0          0      34123   stm32f4xx_hal_cortex.o
        36          0          0          0          0       1267   stm32f4xx_hal_dma.o
       484         52          0          0          0       3822   stm32f4xx_hal_gpio.o
      3346         86          0          0          0      18017   stm32f4xx_hal_i2c.o
        48          6          0          0          0        882   stm32f4xx_hal_msp.o
      1328         72          0          0          0       5392   stm32f4xx_hal_rcc.o
      1720         90          0          0          0      17130   stm32f4xx_hal_tim.o
       232         28          0          0          0       3409   stm32f4xx_hal_tim_ex.o
      1334         16          0          0          0      10131   stm32f4xx_hal_uart.o
        56         12          0          0          0       6266   stm32f4xx_it.o
        28          6         24          4          0       1211   system_stm32f4xx.o
       796         60          0          0        192       4218   tim.o
       308         40          0          2          0       1310   uart_handler.o
       180         22          0          0         64       1786   usart.o
       248         24          0         16         16       1840   vl53l1.o
       224         16          0          0        256       5416   vl53l1_platform.o
       458         26         91          0          0       9549   vl53l1x_api.o
       824         62          0         20         84       6772   x-nucleo-53l1a1.o

    ----------------------------------------------------------------------
     14776       1004        539        744       3376     867649   Object Totals
         0          0         32          0          0          0   (incl. Generated)
        16          0          0          8          0          0   (incl. Padding)

    ----------------------------------------------------------------------

      Code (inc. data)   RO Data    RW Data    ZI Data      Debug   Library Member Name

        56         12          0          0          0        132   atof.o
       224         30          0          0          0        172   round.o
        86          0          0          0          0          0   __dczerorl2.o
        64          0          0          0          0         84   _sgetc.o
        40          6         64          0          0         68   ctype_c.o
         0          0          0          0          0          0   entry.o
         0          0          0          0          0          0   entry10a.o
         0          0          0          0          0          0   entry11a.o
         8          4          0          0          0          0   entry2.o
         4          0          0          0          0          0   entry5.o
         0          0          0          0          0          0   entry7b.o
         0          0          0          0          0          0   entry8b.o
         8          4          0          0          0          0   entry9a.o
        24         12          0          4          0        136   errno.o
        30          0          0          0          0          0   handlers.o
        36          8          0          0          0         68   init.o
        10          0          0          0          0         68   isspace_c.o
         0          0          0          0          0          0   iusefp.o
        30          0          0          0          0         68   llshl.o
        36          0          0          0          0         68   llsshr.o
        32          0          0          0          0         68   llushr.o
       108         16          0          0          0         84   malloc.o
        36          0          0          0          0         68   memcpya.o
        36          0          0          0          0        108   memseta.o
         0          0          0          8          0          0   mvars.o
      2226         90          0          0          0        444   printfa.o
       838         12          0          0          0        216   scanf_fp.o
         0          0          0          4          0          0   stdout.o
       156         14          0          0          0        120   strtod.o
        44          0          0          0          0         80   uidiv.o
        98          0          0          0          0         92   uldiv.o
        48          0          0          0          0         68   cdcmple.o
        48          0          0          0          0         68   cdrcmple.o
        56          0          0          0          0         88   d2f.o
       334          0          0          0          0        148   dadd.o
       222          0          0          0          0        100   ddiv.o
       186          0          0          0          0        176   depilogue.o
        62          0          0          0          0         80   dfixi.o
        50          0          0          0          0         76   dfixui.o
        48          0          0          0          0         68   dfixul.o
        26          0          0          0          0         76   dfltui.o
        24          0          0          0          0         76   dfltul.o
       228          0          0          0          0         96   dmul.o
       136          4          0          0          0         92   drnd.o
        38          0          0          0          0         68   f2d.o
       110          0          0          0          0        168   fepilogue.o

    ----------------------------------------------------------------------
      5852        212         65         16          0       3592   Library Totals
         6          0          1          0          0          0   (incl. Padding)

    ----------------------------------------------------------------------

      Code (inc. data)   RO Data    RW Data    ZI Data      Debug   Library Name

       280         42          0          0          0        304   m_wm.l
      3950        166         64         16          0       1840   mc_w.l
      1616          4          0          0          0       1448   mf_w.l

    ----------------------------------------------------------------------
      5852        212         65         16          0       3592   Library Totals

    ----------------------------------------------------------------------

==============================================================================


      Code (inc. data)   RO Data    RW Data    ZI Data      Debug   

     20628       1216        604        760       3376     855409   Grand Totals
     20628       1216        604        512       3376     855409   ELF Image Totals (compressed)
     20628       1216        604        512          0          0   ROM Totals

==============================================================================

    Total RO  Size (Code + RO Data)                21232 (  20.73kB)
    Total RW  Size (RW Data + ZI Data)              4136 (   4.04kB)
    Total ROM Size (Code + RO Data + RW Data)      21744 (  21.23kB)

==============================================================================

