Component: ARM Compiler 5.06 update 6 (build 750) Tool: armlink [4d35ed]

==============================================================================

Section Cross References

    startup_stm32f407xx.o(RESET) refers to startup_stm32f407xx.o(STACK) for __initial_sp
    startup_stm32f407xx.o(RESET) refers to startup_stm32f407xx.o(.text) for Reset_Handler
    startup_stm32f407xx.o(RESET) refers to stm32f4xx_it.o(i.NMI_Handler) for NMI_Handler
    startup_stm32f407xx.o(RESET) refers to stm32f4xx_it.o(i.HardFault_Handler) for HardFault_Handler
    startup_stm32f407xx.o(RESET) refers to stm32f4xx_it.o(i.MemManage_Handler) for MemManage_Handler
    startup_stm32f407xx.o(RESET) refers to stm32f4xx_it.o(i.BusFault_Handler) for BusFault_Handler
    startup_stm32f407xx.o(RESET) refers to stm32f4xx_it.o(i.UsageFault_Handler) for UsageFault_Handler
    startup_stm32f407xx.o(RESET) refers to stm32f4xx_it.o(i.SVC_Handler) for SVC_Handler
    startup_stm32f407xx.o(RESET) refers to stm32f4xx_it.o(i.DebugMon_Handler) for DebugMon_Handler
    startup_stm32f407xx.o(RESET) refers to stm32f4xx_it.o(i.PendSV_Handler) for PendSV_Handler
    startup_stm32f407xx.o(RESET) refers to stm32f4xx_it.o(i.SysTick_Handler) for SysTick_Handler
    startup_stm32f407xx.o(RESET) refers to stm32f4xx_it.o(i.USART1_IRQHandler) for USART1_IRQHandler
    startup_stm32f407xx.o(.text) refers to system_stm32f4xx.o(i.SystemInit) for SystemInit
    startup_stm32f407xx.o(.text) refers to entry.o(.ARM.Collect$$$$00000000) for __main
    main.o(i.HAL_UART_RxCpltCallback) refers to uart_handler.o(i.Uart_Get) for Uart_Get
    main.o(i.HAL_UART_RxCpltCallback) refers to stm32f4xx_hal_uart.o(i.HAL_UART_Receive_IT) for HAL_UART_Receive_IT
    main.o(i.HAL_UART_RxCpltCallback) refers to main.o(.data) for .data
    main.o(i.HAL_UART_RxCpltCallback) refers to usart.o(.bss) for huart1
    main.o(i.SystemClock_Config) refers to memseta.o(.text) for __aeabi_memclr4
    main.o(i.SystemClock_Config) refers to stm32f4xx_hal_rcc.o(i.HAL_RCC_OscConfig) for HAL_RCC_OscConfig
    main.o(i.SystemClock_Config) refers to stm32f4xx_hal_rcc.o(i.HAL_RCC_ClockConfig) for HAL_RCC_ClockConfig
    main.o(i.fgetc) refers to stm32f4xx_hal_uart.o(i.HAL_UART_Receive) for HAL_UART_Receive
    main.o(i.fgetc) refers to usart.o(.bss) for huart1
    main.o(i.fputc) refers to stm32f4xx_hal_uart.o(i.HAL_UART_Transmit) for HAL_UART_Transmit
    main.o(i.fputc) refers to usart.o(.bss) for huart1
    main.o(i.main) refers to stm32f4xx_hal.o(i.HAL_Init) for HAL_Init
    main.o(i.main) refers to main.o(i.SystemClock_Config) for SystemClock_Config
    main.o(i.main) refers to gpio.o(i.MX_GPIO_Init) for MX_GPIO_Init
    main.o(i.main) refers to tim.o(i.MX_TIM1_Init) for MX_TIM1_Init
    main.o(i.main) refers to usart.o(i.MX_USART1_UART_Init) for MX_USART1_UART_Init
    main.o(i.main) refers to i2c.o(i.MX_I2C1_Init) for MX_I2C1_Init
    main.o(i.main) refers to tim.o(i.MX_TIM2_Init) for MX_TIM2_Init
    main.o(i.main) refers to i2c.o(i.MX_I2C2_Init) for MX_I2C2_Init
    main.o(i.main) refers to tim.o(i.MX_TIM3_Init) for MX_TIM3_Init
    main.o(i.main) refers to motor.o(i.Motor_init) for Motor_init
    main.o(i.main) refers to mlx90614.o(i.MLX90614init) for MLX90614init
    main.o(i.main) refers to stm32f4xx_hal_uart.o(i.HAL_UART_Receive_IT) for HAL_UART_Receive_IT
    main.o(i.main) refers to vl53l1.o(i.vl53l1_init) for vl53l1_init
    main.o(i.main) refers to servo.o(i.servo_init) for servo_init
    main.o(i.main) refers to vl53l1.o(i.vl53_readis) for vl53_readis
    main.o(i.main) refers to mlx90614.o(i.MLX90614_ReadTemp) for MLX90614_ReadTemp
    main.o(i.main) refers to f2d.o(.text) for __aeabi_f2d
    main.o(i.main) refers to printfa.o(i.__0printf) for __2printf
    main.o(i.main) refers to stm32f4xx_hal.o(i.HAL_Delay) for HAL_Delay
    main.o(i.main) refers to main.o(.data) for .data
    main.o(i.main) refers to usart.o(.bss) for huart1
    main.o(i.main) refers to vl53l1.o(.data) for Distance
    gpio.o(i.MX_GPIO_Init) refers to memseta.o(.text) for __aeabi_memclr4
    gpio.o(i.MX_GPIO_Init) refers to stm32f4xx_hal_gpio.o(i.HAL_GPIO_WritePin) for HAL_GPIO_WritePin
    gpio.o(i.MX_GPIO_Init) refers to stm32f4xx_hal_gpio.o(i.HAL_GPIO_Init) for HAL_GPIO_Init
    i2c.o(i.HAL_I2C_MspDeInit) refers to stm32f4xx_hal_gpio.o(i.HAL_GPIO_DeInit) for HAL_GPIO_DeInit
    i2c.o(i.HAL_I2C_MspInit) refers to memseta.o(.text) for __aeabi_memclr4
    i2c.o(i.HAL_I2C_MspInit) refers to stm32f4xx_hal_gpio.o(i.HAL_GPIO_Init) for HAL_GPIO_Init
    i2c.o(i.MX_I2C1_Init) refers to stm32f4xx_hal_i2c.o(i.HAL_I2C_Init) for HAL_I2C_Init
    i2c.o(i.MX_I2C1_Init) refers to main.o(i.Error_Handler) for Error_Handler
    i2c.o(i.MX_I2C1_Init) refers to i2c.o(.bss) for .bss
    i2c.o(i.MX_I2C2_Init) refers to stm32f4xx_hal_i2c.o(i.HAL_I2C_Init) for HAL_I2C_Init
    i2c.o(i.MX_I2C2_Init) refers to main.o(i.Error_Handler) for Error_Handler
    i2c.o(i.MX_I2C2_Init) refers to i2c.o(.bss) for .bss
[...]
    ..\HARDWARE\uart\uart_handler.c          0x00000000   Number         0  uart_handler.o ABSOLUTE
    ..\Src\gpio.c                            0x00000000   Number         0  gpio.o ABSOLUTE
    ..\Src\i2c.c                             0x00000000   Number         0  i2c.o ABSOLUTE
    ..\Src\main.c                            0x00000000   Number         0  main.o ABSOLUTE
    ..\Src\stm32f4xx_hal_msp.c               0x00000000   Number         0  stm32f4xx_hal_msp.o ABSOLUTE
    ..\Src\stm32f4xx_it.c                    0x00000000   Number         0  stm32f4xx_it.o ABSOLUTE
    ..\Src\system_stm32f4xx.c                0x00000000   Number         0  system_stm32f4xx.o ABSOLUTE
    ..\Src\tim.c                             0x00000000   Number         0  tim.o ABSOLUTE
    ..\Src\usart.c                           0x00000000   Number         0  usart.o ABSOLUTE
    ..\Systeam\delay\delay.c                 0x00000000   Number         0  delay.o ABSOLUTE
    ..\\HARDWARE\\Linefinder\\linefinder.c   0x00000000   Number         0  linefinder.o ABSOLUTE
    ..\\HARDWARE\\MLX90614\\mlx90614.c       0x00000000   Number         0  mlx90614.o ABSOLUTE
    ..\\HARDWARE\\VL53L0X\\core\\VL53L1.c    0x00000000   Number         0  vl53l1.o ABSOLUTE
    ..\\HARDWARE\\VL53L0X\\core\\VL53L1X_api.c 0x00000000   Number         0  vl53l1x_api.o ABSOLUTE
    ..\\HARDWARE\\VL53L0X\\core\\VL53L1X_calibration.c 0x00000000   Number         0  vl53l1x_calibration.o ABSOLUTE
    ..\\HARDWARE\\VL53L0X\\core\\X-NUCLEO-53L1A1.c 0x00000000   Number         0  x-nucleo-53l1a1.o ABSOLUTE
    ..\\HARDWARE\\VL53L0X\\platform\\vl53l1_platform.c 0x00000000   Number         0  vl53l1_platform.o ABSOLUTE
    ..\\HARDWARE\\control\\control.c         0x00000000   Number         0  control.o ABSOLUTE
    ..\\HARDWARE\\motor\\motor.c             0x00000000   Number         0  motor.o ABSOLUTE
    ..\\HARDWARE\\uart\\uart_handler.c       0x00000000   Number         0  uart_handler.o ABSOLUTE
    ..\\Systeam\\delay\\delay.c              0x00000000   Number         0  delay.o ABSOLUTE
    cdrcmple.s                               0x00000000   Number         0  cdrcmple.o ABSOLUTE
    dc.s                                     0x00000000   Number         0  dc.o ABSOLUTE
    handlers.s                               0x00000000   Number         0  handlers.o ABSOLUTE
    init.s                                   0x00000000   Number         0  init.o ABSOLUTE
    servo.c                                  0x00000000   Number         0  servo.o ABSOLUTE
    servo.c                                  0x00000000   Number         0  servo.o ABSOLUTE
    startup_stm32f407xx.s                    0x00000000   Number         0  startup_stm32f407xx.o ABSOLUTE
    RESET                                    0x08000000   Section      392  startup_stm32f407xx.o(RESET)
    .ARM.Collect$$$$00000000                 0x08000188   Section        0  entry.o(.ARM.Collect$$$$00000000)
    .ARM.Collect$$$$00000001                 0x08000188   Section        4  entry2.o(.ARM.Collect$$$$00000001)
    .ARM.Collect$$$$00000004                 0x0800018c   Section        4  entry5.o(.ARM.Collect$$$$00000004)
    .ARM.Collect$$$$00000008                 0x08000190   Section        0  entry7b.o(.ARM.Collect$$$$00000008)
    .ARM.Collect$$$$0000000A                 0x08000190   Section        0  entry8b.o(.ARM.Collect$$$$0000000A)
    .ARM.Collect$$$$0000000B                 0x08000190   Section        8  entry9a.o(.ARM.Collect$$$$0000000B)
    .ARM.Collect$$$$0000000D                 0x08000198   Section        0  entry10a.o(.ARM.Collect$$$$0000000D)
    .ARM.Collect$$$$0000000F                 0x08000198   Section        0  entry11a.o(.ARM.Collect$$$$0000000F)
    .ARM.Collect$$$$00002712                 0x08000198   Section        4  entry2.o(.ARM.Collect$$$$00002712)
    __lit__00000000                          0x08000198   Data           4  entry2.o(.ARM.Collect$$$$00002712)
    .text                                    0x0800019c   Section       36  startup_stm32f407xx.o(.text)
    $v0                                      0x0800019c   Number         0  startup_stm32f407xx.o(.text)
    .text                                    0x080001c0   Section        0  uldiv.o(.text)
    .text                                    0x08000222   Section        0  memcpya.o(.text)
    .text                                    0x08000246   Section        0  memseta.o(.text)
    .text                                    0x0800026a   Section        0  dadd.o(.text)
    .text                                    0x080003b8   Section        0  dmul.o(.text)
    .text                                    0x0800049c   Section        0  ddiv.o(.text)
    .text                                    0x0800057a   Section        0  dfltui.o(.text)
    .text                                    0x08000594   Section        0  f2d.o(.text)
    .text                                    0x080005ba   Section        0  d2f.o(.text)
    .text                                    0x080005f2   Section        0  uidiv.o(.text)
    .text                                    0x0800061e   Section        0  llshl.o(.text)
    .text                                    0x0800063c   Section        0  llushr.o(.text)
    .text                                    0x0800065c   Section        0  llsshr.o(.text)
    .text                                    0x08000680   Section        0  strtod.o(.text)
    _local_sscanf                            0x08000681   Thumb Code    54  strtod.o(.text)
    .text                                    0x0800071c   Section        0  fepilogue.o(.text)
    .text                                    0x0800071c   Section        0  iusefp.o(.text)
    .text                                    0x0800078a   Section        0  depilogue.o(.text)
    .text                                    0x08000844   Section        0  dfixul.o(.text)
    .text                                    0x08000874   Section       48  cdrcmple.o(.text)
    .text                                    0x080008a4   Section       36  init.o(.text)
    .text                                    0x080008c8   Section        0  isspace_c.o(.text)
    .text                                    0x080008d4   Section        0  scanf_fp.o(.text)
    _fp_value                                0x080008d5   Thumb Code   296  scanf_fp.o(.text)
    .text                                    0x08000c34   Section        0  _sgetc.o(.text)
    .text                                    0x08000c74   Section        0  ctype_c.o(.text)
    .text                                    0x08000c9c   Section        0  dfltul.o(.text)
    i.BusFault_Handler                       0x08000cb4   Section        0  stm32f4xx_it.o(i.BusFault_Handler)
    i.CRC8_Calc                              0x08000cb8   Section        0  mlx90614.o(i.CRC8_Calc)
    i.DebugMon_Handler                       0x08000cd8   Section        0  stm32f4xx_it.o(i.DebugMon_Handler)
    i.Error_Handler                          0x08000cda   Section        0  main.o(i.Error_Handler)
    i.HAL_DMA_Abort_IT                       0x08000cdc   Section        0  stm32f4xx_hal_dma.o(i.HAL_DMA_Abort_IT)
    i.HAL_Delay                              0x08000d00   Section        0  stm32f4xx_hal.o(i.HAL_Delay)
    i.HAL_GPIO_Init                          0x08000d24   Section        0  stm32f4xx_hal_gpio.o(i.HAL_GPIO_Init)
    i.HAL_GPIO_ReadPin                       0x08000edc   Section        0  stm32f4xx_hal_gpio.o(i.HAL_GPIO_ReadPin)
    i.HAL_GPIO_WritePin                      0x08000ee6   Section        0  stm32f4xx_hal_gpio.o(i.HAL_GPIO_WritePin)
    i.HAL_GetTick                            0x08000ef0   Section        0  stm32f4xx_hal.o(i.HAL_GetTick)
    i.HAL_I2C_Init                           0x08000efc   Section        0  stm32f4xx_hal_i2c.o(i.HAL_I2C_Init)
    i.HAL_I2C_Master_Receive                 0x08001084   Section        0  stm32f4xx_hal_i2c.o(i.HAL_I2C_Master_Receive)
    i.HAL_I2C_Master_Transmit                0x08001264   Section        0  stm32f4xx_hal_i2c.o(i.HAL_I2C_Master_Transmit)
    i.HAL_I2C_Mem_Read                       0x08001390   Section        0  stm32f4xx_hal_i2c.o(i.HAL_I2C_Mem_Read)
    i.HAL_I2C_MspInit                        0x08001588   Section        0  i2c.o(i.HAL_I2C_MspInit)
    i.HAL_IncTick                            0x08001628   Section        0  stm32f4xx_hal.o(i.HAL_IncTick)
    i.HAL_Init                               0x08001638   Section        0  stm32f4xx_hal.o(i.HAL_Init)
    i.HAL_InitTick                           0x0800166c   Section        0  stm32f4xx_hal.o(i.HAL_InitTick)
    i.HAL_MspInit                            0x080016ac   Section        0  stm32f4xx_hal_msp.o(i.HAL_MspInit)
    i.HAL_NVIC_EnableIRQ                     0x080016dc   Section        0  stm32f4xx_hal_cortex.o(i.HAL_NVIC_EnableIRQ)
    i.HAL_NVIC_SetPriority                   0x080016f8   Section        0  stm32f4xx_hal_cortex.o(i.HAL_NVIC_SetPriority)
    i.HAL_NVIC_SetPriorityGrouping           0x08001738   Section        0  stm32f4xx_hal_cortex.o(i.HAL_NVIC_SetPriorityGrouping)
    i.HAL_RCC_ClockConfig                    0x0800175c   Section        0  stm32f4xx_hal_rcc.o(i.HAL_RCC_ClockConfig)
    i.HAL_RCC_GetPCLK1Freq                   0x08001890   Section        0  stm32f4xx_hal_rcc.o(i.HAL_RCC_GetPCLK1Freq)
    i.HAL_RCC_GetPCLK2Freq                   0x080018b0   Section        0  stm32f4xx_hal_rcc.o(i.HAL_RCC_GetPCLK2Freq)
    i.HAL_RCC_GetSysClockFreq                0x080018d0   Section        0  stm32f4xx_hal_rcc.o(i.HAL_RCC_GetSysClockFreq)
    i.HAL_RCC_OscConfig                      0x08001930   Section        0  stm32f4xx_hal_rcc.o(i.HAL_RCC_OscConfig)
    i.HAL_SYSTICK_Config                     0x08001c8c   Section        0  stm32f4xx_hal_cortex.o(i.HAL_SYSTICK_Config)
    i.HAL_TIMEx_ConfigBreakDeadTime          0x08001cb4   Section        0  stm32f4xx_hal_tim_ex.o(i.HAL_TIMEx_ConfigBreakDeadTime)
    i.HAL_TIMEx_MasterConfigSynchronization  0x08001d08   Section        0  stm32f4xx_hal_tim_ex.o(i.HAL_TIMEx_MasterConfigSynchronization)
    i.HAL_TIM_Base_Init                      0x08001d98   Section        0  stm32f4xx_hal_tim.o(i.HAL_TIM_Base_Init)
    i.HAL_TIM_Base_MspInit                   0x08001dd0   Section        0  tim.o(i.HAL_TIM_Base_MspInit)
    i.HAL_TIM_ConfigClockSource              0x08001e1c   Section        0  stm32f4xx_hal_tim.o(i.HAL_TIM_ConfigClockSource)
    i.HAL_TIM_MspPostInit                    0x08001ef4   Section        0  tim.o(i.HAL_TIM_MspPostInit)
    i.HAL_TIM_PWM_ConfigChannel              0x08001fcc   Section        0  stm32f4xx_hal_tim.o(i.HAL_TIM_PWM_ConfigChannel)
    i.HAL_TIM_PWM_Init                       0x0800209c   Section        0  stm32f4xx_hal_tim.o(i.HAL_TIM_PWM_Init)
    i.HAL_TIM_PWM_MspInit                    0x080020d2   Section        0  stm32f4xx_hal_tim.o(i.HAL_TIM_PWM_MspInit)
    i.HAL_TIM_PWM_Start                      0x080020d4   Section        0  stm32f4xx_hal_tim.o(i.HAL_TIM_PWM_Start)
    i.HAL_UART_ErrorCallback                 0x08002118   Section        0  stm32f4xx_hal_uart.o(i.HAL_UART_ErrorCallback)
    i.HAL_UART_IRQHandler                    0x0800211c   Section        0  stm32f4xx_hal_uart.o(i.HAL_UART_IRQHandler)
    i.HAL_UART_Init                          0x08002230   Section        0  stm32f4xx_hal_uart.o(i.HAL_UART_Init)
    i.HAL_UART_MspInit                       0x08002294   Section        0  usart.o(i.HAL_UART_MspInit)
    i.HAL_UART_Receive_IT                    0x08002310   Section        0  stm32f4xx_hal_uart.o(i.HAL_UART_Receive_IT)
    i.HAL_UART_RxCpltCallback                0x08002364   Section        0  main.o(i.HAL_UART_RxCpltCallback)
    i.HAL_UART_Transmit                      0x0800238c   Section        0  stm32f4xx_hal_uart.o(i.HAL_UART_Transmit)
    i.HAL_UART_TxCpltCallback                0x08002446   Section        0  stm32f4xx_hal_uart.o(i.HAL_UART_TxCpltCallback)
    i.HardFault_Handler                      0x08002448   Section        0  stm32f4xx_it.o(i.HardFault_Handler)
    i.I2C_IsAcknowledgeFailed                0x0800244a   Section        0  stm32f4xx_hal_i2c.o(i.I2C_IsAcknowledgeFailed)
    I2C_IsAcknowledgeFailed                  0x0800244b   Thumb Code    46  stm32f4xx_hal_i2c.o(i.I2C_IsAcknowledgeFailed)
    i.I2C_MasterRequestRead                  0x08002478   Section        0  stm32f4xx_hal_i2c.o(i.I2C_MasterRequestRead)
    I2C_MasterRequestRead                    0x08002479   Thumb Code   230  stm32f4xx_hal_i2c.o(i.I2C_MasterRequestRead)
    i.I2C_MasterRequestWrite                 0x08002564   Section        0  stm32f4xx_hal_i2c.o(i.I2C_MasterRequestWrite)
    I2C_MasterRequestWrite                   0x08002565   Thumb Code   150  stm32f4xx_hal_i2c.o(i.I2C_MasterRequestWrite)
    i.I2C_RequestMemoryRead                  0x08002600   Section        0  stm32f4xx_hal_i2c.o(i.I2C_RequestMemoryRead)
    I2C_RequestMemoryRead                    0x08002601   Thumb Code   246  stm32f4xx_hal_i2c.o(i.I2C_RequestMemoryRead)
    i.I2C_WaitOnBTFFlagUntilTimeout          0x080026fc   Section        0  stm32f4xx_hal_i2c.o(i.I2C_WaitOnBTFFlagUntilTimeout)
    I2C_WaitOnBTFFlagUntilTimeout            0x080026fd   Thumb Code    76  stm32f4xx_hal_i2c.o(i.I2C_WaitOnBTFFlagUntilTimeout)
    i.I2C_WaitOnFlagUntilTimeout             0x08002748   Section        0  stm32f4xx_hal_i2c.o(i.I2C_WaitOnFlagUntilTimeout)
    I2C_WaitOnFlagUntilTimeout               0x08002749   Thumb Code   104  stm32f4xx_hal_i2c.o(i.I2C_WaitOnFlagUntilTimeout)
    i.I2C_WaitOnMasterAddressFlagUntilTimeout 0x080027b0   Section        0  stm32f4xx_hal_i2c.o(i.I2C_WaitOnMasterAddressFlagUntilTimeout)
    I2C_WaitOnMasterAddressFlagUntilTimeout  0x080027b1   Thumb Code   150  stm32f4xx_hal_i2c.o(i.I2C_WaitOnMasterAddressFlagUntilTimeout)
    i.I2C_WaitOnRXNEFlagUntilTimeout         0x08002846   Section        0  stm32f4xx_hal_i2c.o(i.I2C_WaitOnRXNEFlagUntilTimeout)
    I2C_WaitOnRXNEFlagUntilTimeout           0x08002847   Thumb Code   102  stm32f4xx_hal_i2c.o(i.I2C_WaitOnRXNEFlagUntilTimeout)
    i.I2C_WaitOnTXEFlagUntilTimeout          0x080028ac   Section        0  stm32f4xx_hal_i2c.o(i.I2C_WaitOnTXEFlagUntilTimeout)
    I2C_WaitOnTXEFlagUntilTimeout            0x080028ad   Thumb Code    76  stm32f4xx_hal_i2c.o(i.I2C_WaitOnTXEFlagUntilTimeout)
    i.MLX90614_ReadReg                       0x080028f8   Section        0  mlx90614.o(i.MLX90614_ReadReg)
    i.MLX90614_ReadTemp                      0x08002970   Section        0  mlx90614.o(i.MLX90614_ReadTemp)
    i.MLX90614_SendDebugMsg                  0x080029b0   Section        0  mlx90614.o(i.MLX90614_SendDebugMsg)
    i.MLX90614init                           0x08002a30   Section        0  mlx90614.o(i.MLX90614init)
    i.MX_GPIO_Init                           0x08002a98   Section        0  gpio.o(i.MX_GPIO_Init)
    i.MX_I2C1_Init                           0x08002b38   Section        0  i2c.o(i.MX_I2C1_Init)
    i.MX_I2C2_Init                           0x08002b78   Section        0  i2c.o(i.MX_I2C2_Init)
    i.MX_TIM1_Init                           0x08002bb8   Section        0  tim.o(i.MX_TIM1_Init)
    i.MX_TIM2_Init                           0x08002cb4   Section        0  tim.o(i.MX_TIM2_Init)
    i.MX_TIM3_Init                           0x08002d60   Section        0  tim.o(i.MX_TIM3_Init)
    i.MX_USART1_UART_Init                    0x08002e0c   Section        0  usart.o(i.MX_USART1_UART_Init)
    i.MemManage_Handler                      0x08002e44   Section        0  stm32f4xx_it.o(i.MemManage_Handler)
    i.Motor_init                             0x08002e48   Section        0  motor.o(i.Motor_init)
    i.NMI_Handler                            0x08002e74   Section        0  stm32f4xx_it.o(i.NMI_Handler)
    i.PendSV_Handler                         0x08002e76   Section        0  stm32f4xx_it.o(i.PendSV_Handler)
    i.SVC_Handler                            0x08002e78   Section        0  stm32f4xx_it.o(i.SVC_Handler)
    i.SysTick_Handler                        0x08002e7a   Section        0  stm32f4xx_it.o(i.SysTick_Handler)
    i.SystemClock_Config                     0x08002e80   Section        0  main.o(i.SystemClock_Config)
    i.SystemInit                             0x08002f04   Section        0  system_stm32f4xx.o(i.SystemInit)
    i.TIM_Base_SetConfig                     0x08002f20   Section        0  stm32f4xx_hal_tim.o(i.TIM_Base_SetConfig)
    i.TIM_CCxChannelCmd                      0x08002fe8   Section        0  stm32f4xx_hal_tim.o(i.TIM_CCxChannelCmd)
    i.TIM_ETR_SetConfig                      0x08003002   Section        0  stm32f4xx_hal_tim.o(i.TIM_ETR_SetConfig)
    i.TIM_ITRx_SetConfig                     0x08003016   Section        0  stm32f4xx_hal_tim.o(i.TIM_ITRx_SetConfig)
    TIM_ITRx_SetConfig                       0x08003017   Thumb Code    16  stm32f4xx_hal_tim.o(i.TIM_ITRx_SetConfig)
    i.TIM_OC1_SetConfig                      0x08003028   Section        0  stm32f4xx_hal_tim.o(i.TIM_OC1_SetConfig)
    TIM_OC1_SetConfig                        0x08003029   Thumb Code    88  stm32f4xx_hal_tim.o(i.TIM_OC1_SetConfig)
    i.TIM_OC2_SetConfig                      0x08003088   Section        0  stm32f4xx_hal_tim.o(i.TIM_OC2_SetConfig)
    i.TIM_OC3_SetConfig                      0x080030f4   Section        0  stm32f4xx_hal_tim.o(i.TIM_OC3_SetConfig)
    TIM_OC3_SetConfig                        0x080030f5   Thumb Code    96  stm32f4xx_hal_tim.o(i.TIM_OC3_SetConfig)
    i.TIM_OC4_SetConfig                      0x0800315c   Section        0  stm32f4xx_hal_tim.o(i.TIM_OC4_SetConfig)
    TIM_OC4_SetConfig                        0x0800315d   Thumb Code    70  stm32f4xx_hal_tim.o(i.TIM_OC4_SetConfig)
    i.TIM_TI1_ConfigInputStage               0x080031ac   Section        0  stm32f4xx_hal_tim.o(i.TIM_TI1_ConfigInputStage)
    TIM_TI1_ConfigInputStage                 0x080031ad   Thumb Code    34  stm32f4xx_hal_tim.o(i.TIM_TI1_ConfigInputStage)
    i.TIM_TI2_ConfigInputStage               0x080031ce   Section        0  stm32f4xx_hal_tim.o(i.TIM_TI2_ConfigInputStage)
    TIM_TI2_ConfigInputStage                 0x080031cf   Thumb Code    36  stm32f4xx_hal_tim.o(i.TIM_TI2_ConfigInputStage)
    i.UART_DMAAbortOnError                   0x080031f2   Section        0  stm32f4xx_hal_uart.o(i.UART_DMAAbortOnError)
    UART_DMAAbortOnError                     0x080031f3   Thumb Code    16  stm32f4xx_hal_uart.o(i.UART_DMAAbortOnError)
    i.UART_EndRxTransfer                     0x08003202   Section        0  stm32f4xx_hal_uart.o(i.UART_EndRxTransfer)
    UART_EndRxTransfer                       0x08003203   Thumb Code    28  stm32f4xx_hal_uart.o(i.UART_EndRxTransfer)
    i.UART_Receive_IT                        0x0800321e   Section        0  stm32f4xx_hal_uart.o(i.UART_Receive_IT)
    UART_Receive_IT                          0x0800321f   Thumb Code   150  stm32f4xx_hal_uart.o(i.UART_Receive_IT)
    i.UART_SetConfig                         0x080032b4   Section        0  stm32f4xx_hal_uart.o(i.UART_SetConfig)
    UART_SetConfig                           0x080032b5   Thumb Code   286  stm32f4xx_hal_uart.o(i.UART_SetConfig)
    i.UART_Transmit_IT                       0x080033dc   Section        0  stm32f4xx_hal_uart.o(i.UART_Transmit_IT)
    UART_Transmit_IT                         0x080033dd   Thumb Code    98  stm32f4xx_hal_uart.o(i.UART_Transmit_IT)
    i.UART_WaitOnFlagUntilTimeout            0x0800343e   Section        0  stm32f4xx_hal_uart.o(i.UART_WaitOnFlagUntilTimeout)
    UART_WaitOnFlagUntilTimeout              0x0800343f   Thumb Code   100  stm32f4xx_hal_uart.o(i.UART_WaitOnFlagUntilTimeout)
    i.USART1_IRQHandler                      0x080034a4   Section        0  stm32f4xx_it.o(i.USART1_IRQHandler)
    i.Uart_DataProcess                       0x080034b0   Section        0  uart_handler.o(i.Uart_DataProcess)
    i.Uart_Get                               0x080034e8   Section        0  uart_handler.o(i.Uart_Get)
    i.UsageFault_Handler                     0x080035c8   Section        0  stm32f4xx_it.o(i.UsageFault_Handler)
    i.VL53L1X_BootState                      0x080035ca   Section        0  vl53l1x_api.o(i.VL53L1X_BootState)
    i.VL53L1X_CheckForDataReady              0x080035ea   Section        0  vl53l1x_api.o(i.VL53L1X_CheckForDataReady)
    i.VL53L1X_ClearInterrupt                 0x0800362a   Section        0  vl53l1x_api.o(i.VL53L1X_ClearInterrupt)
    i.VL53L1X_GetDistance                    0x0800363a   Section        0  vl53l1x_api.o(i.VL53L1X_GetDistance)
    i.VL53L1X_GetInterruptPolarity           0x08003654   Section        0  vl53l1x_api.o(i.VL53L1X_GetInterruptPolarity)
    i.VL53L1X_GetRangeStatus                 0x08003680   Section        0  vl53l1x_api.o(i.VL53L1X_GetRangeStatus)
    i.VL53L1X_SensorInit                     0x080036fc   Section        0  vl53l1x_api.o(i.VL53L1X_SensorInit)
    i.VL53L1X_StartRanging                   0x08003774   Section        0  vl53l1x_api.o(i.VL53L1X_StartRanging)
    i.VL53L1X_StopRanging                    0x08003784   Section        0  vl53l1x_api.o(i.VL53L1X_StopRanging)
    i.VL53L1_RdByte                          0x08003794   Section        0  vl53l1_platform.o(i.VL53L1_RdByte)
    i.VL53L1_RdWord                          0x080037d0   Section        0  vl53l1_platform.o(i.VL53L1_RdWord)
    i.VL53L1_WrByte                          0x08003818   Section        0  vl53l1_platform.o(i.VL53L1_WrByte)
    i.XNUCLEO53L1A1_I2C1Configure            0x08003840   Section        0  x-nucleo-53l1a1.o(i.XNUCLEO53L1A1_I2C1Configure)
    i.XNUCLEO53L1A1_Init                     0x080038c4   Section        0  x-nucleo-53l1a1.o(i.XNUCLEO53L1A1_Init)
    i.XNUCLEO53L1A1_ResetId                  0x08003954   Section        0  x-nucleo-53l1a1.o(i.XNUCLEO53L1A1_ResetId)
    i._ExpanderRd                            0x080039c0   Section        0  x-nucleo-53l1a1.o(i._ExpanderRd)
    _ExpanderRd                              0x080039c1   Thumb Code    54  x-nucleo-53l1a1.o(i._ExpanderRd)
    i._ExpanderWR                            0x080039fc   Section        0  x-nucleo-53l1a1.o(i._ExpanderWR)
    _ExpanderWR                              0x080039fd   Thumb Code    48  x-nucleo-53l1a1.o(i._ExpanderWR)
    i._ExpandersSetAllIO                     0x08003a30   Section        0  x-nucleo-53l1a1.o(i._ExpandersSetAllIO)
    _ExpandersSetAllIO                       0x08003a31   Thumb Code    38  x-nucleo-53l1a1.o(i._ExpandersSetAllIO)
    i._I2CRead                               0x08003a5c   Section        0  vl53l1_platform.o(i._I2CRead)
    i._I2CWrite                              0x08003a78   Section        0  vl53l1_platform.o(i._I2CWrite)
    i._I2cFailRecover                        0x08003a90   Section        0  x-nucleo-53l1a1.o(i._I2cFailRecover)
    _I2cFailRecover                          0x08003a91   Thumb Code   272  x-nucleo-53l1a1.o(i._I2cFailRecover)
    i.__0printf                              0x08003bac   Section        0  printfa.o(i.__0printf)
    i.__0snprintf                            0x08003bcc   Section        0  printfa.o(i.__0snprintf)
    i.__NVIC_SetPriority                     0x08003bfc   Section        0  stm32f4xx_hal_cortex.o(i.__NVIC_SetPriority)
    __NVIC_SetPriority                       0x08003bfd   Thumb Code    32  stm32f4xx_hal_cortex.o(i.__NVIC_SetPriority)
    i.__hardfp_atof                          0x08003c20   Section        0  atof.o(i.__hardfp_atof)
    i.__read_errno                           0x08003c58   Section        0  errno.o(i.__read_errno)
    i.__scatterload_copy                     0x08003c64   Section       14  handlers.o(i.__scatterload_copy)
    i.__scatterload_null                     0x08003c72   Section        2  handlers.o(i.__scatterload_null)
    i.__scatterload_zeroinit                 0x08003c74   Section       14  handlers.o(i.__scatterload_zeroinit)
    i.__set_errno                            0x08003c84   Section        0  errno.o(i.__set_errno)
    i._fp_digits                             0x08003c90   Section        0  printfa.o(i._fp_digits)
    _fp_digits                               0x08003c91   Thumb Code   366  printfa.o(i._fp_digits)
    i._is_digit                              0x08003e14   Section        0  scanf_fp.o(i._is_digit)
    i._printf_core                           0x08003e24   Section        0  printfa.o(i._printf_core)
    _printf_core                             0x08003e25   Thumb Code  1744  printfa.o(i._printf_core)
    i._printf_post_padding                   0x08004500   Section        0  printfa.o(i._printf_post_padding)
    _printf_post_padding                     0x08004501   Thumb Code    36  printfa.o(i._printf_post_padding)
    i._printf_pre_padding                    0x08004524   Section        0  printfa.o(i._printf_pre_padding)
    _printf_pre_padding                      0x08004525   Thumb Code    46  printfa.o(i._printf_pre_padding)
    i._snputc                                0x08004552   Section        0  printfa.o(i._snputc)
    _snputc                                  0x08004553   Thumb Code    22  printfa.o(i._snputc)
    i.fputc                                  0x08004568   Section        0  main.o(i.fputc)
    i.main                                   0x08004584   Section        0  main.o(i.main)
    i.servo_down_reset                       0x08004628   Section        0  servo.o(i.servo_down_reset)
    i.servo_init                             0x08004638   Section        0  servo.o(i.servo_init)
    i.servo_up_reset                         0x0800465c   Section        0  servo.o(i.servo_up_reset)
    i.vl53_readis                            0x0800466c   Section        0  vl53l1.o(i.vl53_readis)
    i.vl53l1_init                            0x080046c8   Section        0  vl53l1.o(i.vl53l1_init)
    .constdata                               0x08004764   Section       16  system_stm32f4xx.o(.constdata)
    .constdata                               0x08004774   Section        8  system_stm32f4xx.o(.constdata)
    .constdata                               0x0800477c   Section      256  mlx90614.o(.constdata)
    crc_table                                0x0800477c   Data         256  mlx90614.o(.constdata)
    .constdata                               0x0800487c   Section       91  vl53l1x_api.o(.constdata)
    .constdata                               0x080048d7   Section       64  ctype_c.o(.constdata)
    .conststring                             0x08004918   Section       77  mlx90614.o(.conststring)
    .data                                    0x20000000   Section        4  main.o(.data)
    .data                                    0x20000004   Section        8  main.o(.data)
    .data                                    0x2000000c   Section        5  main.o(.data)
    .data                                    0x20000011   Section        5  main.o(.data)
    .data                                    0x20000018   Section        4  main.o(.data)
    .data                                    0x2000001c   Section        4  main.o(.data)
    .data                                    0x20000020   Section       12  stm32f4xx_hal.o(.data)
    .data                                    0x2000002c   Section        4  system_stm32f4xx.o(.data)
    .data                                    0x20000030   Section        8  mlx90614.o(.data)
    .data                                    0x20000038   Section        2  uart_handler.o(.data)
    ucRxCnt                                  0x20000038   Data           1  uart_handler.o(.data)
    i                                        0x20000039   Data           1  uart_handler.o(.data)
    .data                                    0x2000003c   Section       20  x-nucleo-53l1a1.o(.data)
    CurIOVal                                 0x2000003c   Data           4  x-nucleo-53l1a1.o(.data)
    DisplayBitPos                            0x20000040   Data          16  x-nucleo-53l1a1.o(.data)
    .data                                    0x20000050   Section       16  vl53l1.o(.data)
    .data                                    0x20000060   Section        4  stdout.o(.data)
    .data                                    0x20000064   Section        4  errno.o(.data)
    _errno                                   0x20000064   Data           4  errno.o(.data)
    .bss                                     0x20000068   Section       20  main.o(.bss)
    .bss                                     0x2000007c   Section      168  i2c.o(.bss)
    .bss                                     0x20000124   Section      192  tim.o(.bss)
    .bss                                     0x200001e4   Section       64  usart.o(.bss)
    .bss                                     0x20000224   Section      256  vl53l1_platform.o(.bss)
    .bss                                     0x20000324   Section       84  x-nucleo-53l1a1.o(.bss)
    .bss                                     0x20000378   Section       16  vl53l1.o(.bss)
    STACK                                    0x20000388   Section     1024  startup_stm32f407xx.o(STACK)

    Global Symbols

    Symbol Name                              Value     Ov Type        Size  Object(Section)

    BuildAttributes$$THM_ISAv4$E$P$D$K$B$S$7EM$VFPi3$EXTD16$VFPS$VFMA$PE$A:L22UL41UL21$X:L11$S22US41US21$IEEE1$IW$USESV6$~STKCKD$USESV7$~SHL$OTIME$ROPI$IEEEJ$EBA8$MICROLIB$REQ8$PRES8$EABIv2 0x00000000   Number         0  anon$$obj.o ABSOLUTE
    __ARM_use_no_argv                        0x00000000   Number         0  main.o ABSOLUTE
    _printf_a                                0x00000000   Number         0  stubs.o ABSOLUTE
    _printf_c                                0x00000000   Number         0  stubs.o ABSOLUTE
    _printf_charcount                        0x00000000   Number         0  stubs.o ABSOLUTE
    _printf_d                                0x00000000   Number         0  stubs.o ABSOLUTE
    _printf_e                                0x00000000   Number         0  stubs.o ABSOLUTE
    _printf_f                                0x00000000   Number         0  stubs.o ABSOLUTE
    _printf_flags                            0x00000000   Number         0  stubs.o ABSOLUTE
    _printf_fp_dec                           0x00000000   Number         0  stubs.o ABSOLUTE
    _printf_fp_hex                           0x00000000   Number         0  stubs.o ABSOLUTE
    _printf_g                                0x00000000   Number         0  stubs.o ABSOLUTE
    _printf_i                                0x00000000   Number         0  stubs.o ABSOLUTE
    _printf_int_dec                          0x00000000   Number         0  stubs.o ABSOLUTE
    _printf_l                                0x00000000   Number         0  stubs.o ABSOLUTE
    _printf_lc                               0x00000000   Number         0  stubs.o ABSOLUTE
    _printf_ll                               0x00000000   Number         0  stubs.o ABSOLUTE
    _printf_lld                              0x00000000   Number         0  stubs.o ABSOLUTE
    _printf_lli                              0x00000000   Number         0  stubs.o ABSOLUTE
    _printf_llo                              0x00000000   Number         0  stubs.o ABSOLUTE
    _printf_llu                              0x00000000   Number         0  stubs.o ABSOLUTE
    _printf_llx                              0x00000000   Number         0  stubs.o ABSOLUTE
    _printf_longlong_dec                     0x00000000   Number         0  stubs.o ABSOLUTE
    _printf_longlong_hex                     0x00000000   Number         0  stubs.o ABSOLUTE
    _printf_longlong_oct                     0x00000000   Number         0  stubs.o ABSOLUTE
    _printf_ls                               0x00000000   Number         0  stubs.o ABSOLUTE
    _printf_mbtowc                           0x00000000   Number         0  stubs.o ABSOLUTE
    _printf_n                                0x00000000   Number         0  stubs.o ABSOLUTE
    _printf_o                                0x00000000   Number         0  stubs.o ABSOLUTE
    _printf_p                                0x00000000   Number         0  stubs.o ABSOLUTE
    _printf_percent                          0x00000000   Number         0  stubs.o ABSOLUTE
    _printf_pre_padding                      0x00000000   Number         0  stubs.o ABSOLUTE
    _printf_return_value                     0x00000000   Number         0  stubs.o ABSOLUTE
    _printf_s                                0x00000000   Number         0  stubs.o ABSOLUTE
    _printf_sizespec                         0x00000000   Number         0  stubs.o ABSOLUTE
    _printf_str                              0x00000000   Number         0  stubs.o ABSOLUTE
    _printf_truncate_signed                  0x00000000   Number         0  stubs.o ABSOLUTE
    _printf_truncate_unsigned                0x00000000   Number         0  stubs.o ABSOLUTE
    _printf_u                                0x00000000   Number         0  stubs.o ABSOLUTE
    _printf_wc                               0x00000000   Number         0  stubs.o ABSOLUTE
    _printf_wctomb                           0x00000000   Number         0  stubs.o ABSOLUTE
    _printf_widthprec                        0x00000000   Number         0  stubs.o ABSOLUTE
    _printf_x                                0x00000000   Number         0  stubs.o ABSOLUTE
    __cpp_initialize__aeabi_                  - Undefined Weak Reference
    __cxa_finalize                            - Undefined Weak Reference
    __decompress                              - Undefined Weak Reference
    _clock_init                               - Undefined Weak Reference
    _microlib_exit                            - Undefined Weak Reference
    __Vectors_Size                           0x00000188   Number         0  startup_stm32f407xx.o ABSOLUTE
    __Vectors                                0x08000000   Data           4  startup_stm32f407xx.o(RESET)
    __Vectors_End                            0x08000188   Data           0  startup_stm32f407xx.o(RESET)
    __main                                   0x08000189   Thumb Code     0  entry.o(.ARM.Collect$$$$00000000)
    _main_stk                                0x08000189   Thumb Code     0  entry2.o(.ARM.Collect$$$$00000001)
    _main_scatterload                        0x0800018d   Thumb Code     0  entry5.o(.ARM.Collect$$$$00000004)
    __main_after_scatterload                 0x08000191   Thumb Code     0  entry5.o(.ARM.Collect$$$$00000004)
    _main_clock                              0x08000191   Thumb Code     0  entry7b.o(.ARM.Collect$$$$00000008)
    _main_cpp_init                           0x08000191   Thumb Code     0  entry8b.o(.ARM.Collect$$$$0000000A)
    _main_init                               0x08000191   Thumb Code     0  entry9a.o(.ARM.Collect$$$$0000000B)
    __rt_final_cpp                           0x08000199   Thumb Code     0  entry10a.o(.ARM.Collect$$$$0000000D)
    __rt_final_exit                          0x08000199   Thumb Code     0  entry11a.o(.ARM.Collect$$$$0000000F)
    Reset_Handler                            0x0800019d   Thumb Code     8  startup_stm32f407xx.o(.text)
    ADC_IRQHandler                           0x080001b7   Thumb Code     0  startup_stm32f407xx.o(.text)
    CAN1_RX0_IRQHandler                      0x080001b7   Thumb Code     0  startup_stm32f407xx.o(.text)
    CAN1_RX1_IRQHandler                      0x080001b7   Thumb Code     0  startup_stm32f407xx.o(.text)
    CAN1_SCE_IRQHandler                      0x080001b7   Thumb Code     0  startup_stm32f407xx.o(.text)
    CAN1_TX_IRQHandler                       0x080001b7   Thumb Code     0  startup_stm32f407xx.o(.text)
    CAN2_RX0_IRQHandler                      0x080001b7   Thumb Code     0  startup_stm32f407xx.o(.text)
    CAN2_RX1_IRQHandler                      0x080001b7   Thumb Code     0  startup_stm32f407xx.o(.text)
    CAN2_SCE_IRQHandler                      0x080001b7   Thumb Code     0  startup_stm32f407xx.o(.text)
    CAN2_TX_IRQHandler                       0x080001b7   Thumb Code     0  startup_stm32f407xx.o(.text)
    DCMI_IRQHandler                          0x080001b7   Thumb Code     0  startup_stm32f407xx.o(.text)
    DMA1_Stream0_IRQHandler                  0x080001b7   Thumb Code     0  startup_stm32f407xx.o(.text)
    DMA1_Stream1_IRQHandler                  0x080001b7   Thumb Code     0  startup_stm32f407xx.o(.text)
    DMA1_Stream2_IRQHandler                  0x080001b7   Thumb Code     0  startup_stm32f407xx.o(.text)
    DMA1_Stream3_IRQHandler                  0x080001b7   Thumb Code     0  startup_stm32f407xx.o(.text)
    DMA1_Stream4_IRQHandler                  0x080001b7   Thumb Code     0  startup_stm32f407xx.o(.text)
    DMA1_Stream5_IRQHandler                  0x080001b7   Thumb Code     0  startup_stm32f407xx.o(.text)
    DMA1_Stream6_IRQHandler                  0x080001b7   Thumb Code     0  startup_stm32f407xx.o(.text)
    DMA1_Stream7_IRQHandler                  0x080001b7   Thumb Code     0  startup_stm32f407xx.o(.text)
    DMA2_Stream0_IRQHandler                  0x080001b7   Thumb Code     0  startup_stm32f407xx.o(.text)
    DMA2_Stream1_IRQHandler                  0x080001b7   Thumb Code     0  startup_stm32f407xx.o(.text)
    DMA2_Stream2_IRQHandler                  0x080001b7   Thumb Code     0  startup_stm32f407xx.o(.text)
    DMA2_Stream3_IRQHandler                  0x080001b7   Thumb Code     0  startup_stm32f407xx.o(.text)
    DMA2_Stream4_IRQHandler                  0x080001b7   Thumb Code     0  startup_stm32f407xx.o(.text)
    DMA2_Stream5_IRQHandler                  0x080001b7   Thumb Code     0  startup_stm32f407xx.o(.text)
    DMA2_Stream6_IRQHandler                  0x080001b7   Thumb Code     0  startup_stm32f407xx.o(.text)
    DMA2_Stream7_IRQHandler                  0x080001b7   Thumb Code     0  startup_stm32f407xx.o(.text)
    ETH_IRQHandler                           0x080001b7   Thumb Code     0  startup_stm32f407xx.o(.text)
    ETH_WKUP_IRQHandler                      0x080001b7   Thumb Code     0  startup_stm32f407xx.o(.text)
    EXTI0_IRQHandler                         0x080001b7   Thumb Code     0  startup_stm32f407xx.o(.text)
    EXTI15_10_IRQHandler                     0x080001b7   Thumb Code     0  startup_stm32f407xx.o(.text)
    EXTI1_IRQHandler                         0x080001b7   Thumb Code     0  startup_stm32f407xx.o(.text)
    EXTI2_IRQHandler                         0x080001b7   Thumb Code     0  startup_stm32f407xx.o(.text)
    EXTI3_IRQHandler                         0x080001b7   Thumb Code     0  startup_stm32f407xx.o(.text)
    EXTI4_IRQHandler                         0x080001b7   Thumb Code     0  startup_stm32f407xx.o(.text)
    EXTI9_5_IRQHandler                       0x080001b7   Thumb Code     0  startup_stm32f407xx.o(.text)
    FLASH_IRQHandler                         0x080001b7   Thumb Code     0  startup_stm32f407xx.o(.text)
    FMC_IRQHandler                           0x080001b7   Thumb Code     0  startup_stm32f407xx.o(.text)
    FPU_IRQHandler                           0x080001b7   Thumb Code     0  startup_stm32f407xx.o(.text)
    HASH_RNG_IRQHandler                      0x080001b7   Thumb Code     0  startup_stm32f407xx.o(.text)
    I2C1_ER_IRQHandler                       0x080001b7   Thumb Code     0  startup_stm32f407xx.o(.text)
    I2C1_EV_IRQHandler                       0x080001b7   Thumb Code     0  startup_stm32f407xx.o(.text)
    I2C2_ER_IRQHandler                       0x080001b7   Thumb Code     0  startup_stm32f407xx.o(.text)
    I2C2_EV_IRQHandler                       0x080001b7   Thumb Code     0  startup_stm32f407xx.o(.text)
    I2C3_ER_IRQHandler                       0x080001b7   Thumb Code     0  startup_stm32f407xx.o(.text)
    I2C3_EV_IRQHandler                       0x080001b7   Thumb Code     0  startup_stm32f407xx.o(.text)
    OTG_FS_IRQHandler                        0x080001b7   Thumb Code     0  startup_stm32f407xx.o(.text)
    OTG_FS_WKUP_IRQHandler                   0x080001b7   Thumb Code     0  startup_stm32f407xx.o(.text)
    OTG_HS_EP1_IN_IRQHandler                 0x080001b7   Thumb Code     0  startup_stm32f407xx.o(.text)
    OTG_HS_EP1_OUT_IRQHandler                0x080001b7   Thumb Code     0  startup_stm32f407xx.o(.text)
    OTG_HS_IRQHandler                        0x080001b7   Thumb Code     0  startup_stm32f407xx.o(.text)
    OTG_HS_WKUP_IRQHandler                   0x080001b7   Thumb Code     0  startup_stm32f407xx.o(.text)
    PVD_IRQHandler                           0x080001b7   Thumb Code     0  startup_stm32f407xx.o(.text)
    RCC_IRQHandler                           0x080001b7   Thumb Code     0  startup_stm32f407xx.o(.text)
    RTC_Alarm_IRQHandler                     0x080001b7   Thumb Code     0  startup_stm32f407xx.o(.text)
    RTC_WKUP_IRQHandler                      0x080001b7   Thumb Code     0  startup_stm32f407xx.o(.text)
    SDIO_IRQHandler                          0x080001b7   Thumb Code     0  startup_stm32f407xx.o(.text)
    SPI1_IRQHandler                          0x080001b7   Thumb Code     0  startup_stm32f407xx.o(.text)
    SPI2_IRQHandler                          0x080001b7   Thumb Code     0  startup_stm32f407xx.o(.text)
    SPI3_IRQHandler                          0x080001b7   Thumb Code     0  startup_stm32f407xx.o(.text)
    TAMP_STAMP_IRQHandler                    0x080001b7   Thumb Code     0  startup_stm32f407xx.o(.text)
    TIM1_BRK_TIM9_IRQHandler                 0x080001b7   Thumb Code     0  startup_stm32f407xx.o(.text)
    TIM1_CC_IRQHandler                       0x080001b7   Thumb Code     0  startup_stm32f407xx.o(.text)
    TIM1_TRG_COM_TIM11_IRQHandler            0x080001b7   Thumb Code     0  startup_stm32f407xx.o(.text)
    TIM1_UP_TIM10_IRQHandler                 0x080001b7   Thumb Code     0  startup_stm32f407xx.o(.text)
    TIM2_IRQHandler                          0x080001b7   Thumb Code     0  startup_stm32f407xx.o(.text)
    TIM3_IRQHandler                          0x080001b7   Thumb Code     0  startup_stm32f407xx.o(.text)
    TIM4_IRQHandler                          0x080001b7   Thumb Code     0  startup_stm32f407xx.o(.text)
    TIM5_IRQHandler                          0x080001b7   Thumb Code     0  startup_stm32f407xx.o(.text)
    TIM6_DAC_IRQHandler                      0x080001b7   Thumb Code     0  startup_stm32f407xx.o(.text)
    TIM7_IRQHandler                          0x080001b7   Thumb Code     0  startup_stm32f407xx.o(.text)
    TIM8_BRK_TIM12_IRQHandler                0x080001b7   Thumb Code     0  startup_stm32f407xx.o(.text)
    TIM8_CC_IRQHandler                       0x080001b7   Thumb Code     0  startup_stm32f407xx.o(.text)
    TIM8_TRG_COM_TIM14_IRQHandler            0x080001b7   Thumb Code     0  startup_stm32f407xx.o(.text)
    TIM8_UP_TIM13_IRQHandler                 0x080001b7   Thumb Code     0  startup_stm32f407xx.o(.text)
    UART4_IRQHandler                         0x080001b7   Thumb Code     0  startup_stm32f407xx.o(.text)
    UART5_IRQHandler                         0x080001b7   Thumb Code     0  startup_stm32f407xx.o(.text)
    USART2_IRQHandler                        0x080001b7   Thumb Code     0  startup_stm32f407xx.o(.text)
    USART3_IRQHandler                        0x080001b7   Thumb Code     0  startup_stm32f407xx.o(.text)
    USART6_IRQHandler                        0x080001b7   Thumb Code     0  startup_stm32f407xx.o(.text)
    WWDG_IRQHandler                          0x080001b7   Thumb Code     0  startup_stm32f407xx.o(.text)
    __aeabi_uldivmod                         0x080001c1   Thumb Code    98  uldiv.o(.text)
    __aeabi_memcpy                           0x08000223   Thumb Code    36  memcpya.o(.text)
    __aeabi_memcpy4                          0x08000223   Thumb Code     0  memcpya.o(.text)
    __aeabi_memcpy8                          0x08000223   Thumb Code     0  memcpya.o(.text)
    __aeabi_memset                           0x08000247   Thumb Code    14  memseta.o(.text)
    __aeabi_memset4                          0x08000247   Thumb Code     0  memseta.o(.text)
    __aeabi_memset8                          0x08000247   Thumb Code     0  memseta.o(.text)
    __aeabi_memclr                           0x08000255   Thumb Code     4  memseta.o(.text)
    __aeabi_memclr4                          0x08000255   Thumb Code     0  memseta.o(.text)
    __aeabi_memclr8                          0x08000255   Thumb Code     0  memseta.o(.text)
    _memset$wrapper                          0x08000259   Thumb Code    18  memseta.o(.text)
    __aeabi_dadd                             0x0800026b   Thumb Code   322  dadd.o(.text)
    __aeabi_dsub                             0x080003ad   Thumb Code     6  dadd.o(.text)
    __aeabi_drsub                            0x080003b3   Thumb Code     6  dadd.o(.text)
    __aeabi_dmul                             0x080003b9   Thumb Code   228  dmul.o(.text)
    __aeabi_ddiv                             0x0800049d   Thumb Code   222  ddiv.o(.text)
    __aeabi_ui2d                             0x0800057b   Thumb Code    26  dfltui.o(.text)
    __aeabi_f2d                              0x08000595   Thumb Code    38  f2d.o(.text)
    __aeabi_d2f                              0x080005bb   Thumb Code    56  d2f.o(.text)
    __aeabi_uidiv                            0x080005f3   Thumb Code     0  uidiv.o(.text)
    __aeabi_uidivmod                         0x080005f3   Thumb Code    44  uidiv.o(.text)
    __aeabi_llsl                             0x0800061f   Thumb Code    30  llshl.o(.text)
    _ll_shift_l                              0x0800061f   Thumb Code     0  llshl.o(.text)
    __aeabi_llsr                             0x0800063d   Thumb Code    32  llushr.o(.text)
    _ll_ushift_r                             0x0800063d   Thumb Code     0  llushr.o(.text)
    __aeabi_lasr                             0x0800065d   Thumb Code    36  llsshr.o(.text)
    _ll_sshift_r                             0x0800065d   Thumb Code     0  llsshr.o(.text)
    __strtod_int                             0x080006b7   Thumb Code    90  strtod.o(.text)
    __I$use$fp                               0x0800071d   Thumb Code     0  iusefp.o(.text)
    _float_round                             0x0800071d   Thumb Code    18  fepilogue.o(.text)
    _float_epilogue                          0x0800072f   Thumb Code    92  fepilogue.o(.text)
    _double_round                            0x0800078b   Thumb Code    30  depilogue.o(.text)
    _double_epilogue                         0x080007a9   Thumb Code   156  depilogue.o(.text)
    __aeabi_d2ulz                            0x08000845   Thumb Code    48  dfixul.o(.text)
    __aeabi_cdrcmple                         0x08000875   Thumb Code    48  cdrcmple.o(.text)
    __scatterload                            0x080008a5   Thumb Code    28  init.o(.text)
    __scatterload_rt2                        0x080008a5   Thumb Code     0  init.o(.text)
    isspace                                  0x080008c9   Thumb Code    10  isspace_c.o(.text)
    _scanf_real                              0x080009fd   Thumb Code     0  scanf_fp.o(.text)
    _scanf_really_real                       0x080009fd   Thumb Code   556  scanf_fp.o(.text)
    _sgetc                                   0x08000c35   Thumb Code    30  _sgetc.o(.text)
    _sbackspace                              0x08000c53   Thumb Code    34  _sgetc.o(.text)
    __ctype_lookup                           0x08000c75   Thumb Code    34  ctype_c.o(.text)
    __aeabi_ul2d                             0x08000c9d   Thumb Code    24  dfltul.o(.text)
    BusFault_Handler                         0x08000cb5   Thumb Code     2  stm32f4xx_it.o(i.BusFault_Handler)
    CRC8_Calc                                0x08000cb9   Thumb Code    28  mlx90614.o(i.CRC8_Calc)
    DebugMon_Handler                         0x08000cd9   Thumb Code     2  stm32f4xx_it.o(i.DebugMon_Handler)
    Error_Handler                            0x08000cdb   Thumb Code     2  main.o(i.Error_Handler)
    HAL_DMA_Abort_IT                         0x08000cdd   Thumb Code    36  stm32f4xx_hal_dma.o(i.HAL_DMA_Abort_IT)
    HAL_Delay                                0x08000d01   Thumb Code    32  stm32f4xx_hal.o(i.HAL_Delay)
    HAL_GPIO_Init                            0x08000d25   Thumb Code   394  stm32f4xx_hal_gpio.o(i.HAL_GPIO_Init)
    HAL_GPIO_ReadPin                         0x08000edd   Thumb Code    10  stm32f4xx_hal_gpio.o(i.HAL_GPIO_ReadPin)
    HAL_GPIO_WritePin                        0x08000ee7   Thumb Code    10  stm32f4xx_hal_gpio.o(i.HAL_GPIO_WritePin)
    HAL_GetTick                              0x08000ef1   Thumb Code     6  stm32f4xx_hal.o(i.HAL_GetTick)
    HAL_I2C_Init                             0x08000efd   Thumb Code   376  stm32f4xx_hal_i2c.o(i.HAL_I2C_Init)
    HAL_I2C_Master_Receive                   0x08001085   Thumb Code   468  stm32f4xx_hal_i2c.o(i.HAL_I2C_Master_Receive)
    HAL_I2C_Master_Transmit                  0x08001265   Thumb Code   290  stm32f4xx_hal_i2c.o(i.HAL_I2C_Master_Transmit)
    HAL_I2C_Mem_Read                         0x08001391   Thumb Code   490  stm32f4xx_hal_i2c.o(i.HAL_I2C_Mem_Read)
    HAL_I2C_MspInit                          0x08001589   Thumb Code   142  i2c.o(i.HAL_I2C_MspInit)
    HAL_IncTick                              0x08001629   Thumb Code    12  stm32f4xx_hal.o(i.HAL_IncTick)
    HAL_Init                                 0x08001639   Thumb Code    48  stm32f4xx_hal.o(i.HAL_Init)
    HAL_InitTick                             0x0800166d   Thumb Code    54  stm32f4xx_hal.o(i.HAL_InitTick)
    HAL_MspInit                              0x080016ad   Thumb Code    42  stm32f4xx_hal_msp.o(i.HAL_MspInit)
    HAL_NVIC_EnableIRQ                       0x080016dd   Thumb Code    26  stm32f4xx_hal_cortex.o(i.HAL_NVIC_EnableIRQ)
    HAL_NVIC_SetPriority                     0x080016f9   Thumb Code    60  stm32f4xx_hal_cortex.o(i.HAL_NVIC_SetPriority)
    HAL_NVIC_SetPriorityGrouping             0x08001739   Thumb Code    26  stm32f4xx_hal_cortex.o(i.HAL_NVIC_SetPriorityGrouping)
    HAL_RCC_ClockConfig                      0x0800175d   Thumb Code   288  stm32f4xx_hal_rcc.o(i.HAL_RCC_ClockConfig)
    HAL_RCC_GetPCLK1Freq                     0x08001891   Thumb Code    20  stm32f4xx_hal_rcc.o(i.HAL_RCC_GetPCLK1Freq)
    HAL_RCC_GetPCLK2Freq                     0x080018b1   Thumb Code    20  stm32f4xx_hal_rcc.o(i.HAL_RCC_GetPCLK2Freq)
    HAL_RCC_GetSysClockFreq                  0x080018d1   Thumb Code    88  stm32f4xx_hal_rcc.o(i.HAL_RCC_GetSysClockFreq)
    HAL_RCC_OscConfig                        0x08001931   Thumb Code   840  stm32f4xx_hal_rcc.o(i.HAL_RCC_OscConfig)
    HAL_SYSTICK_Config                       0x08001c8d   Thumb Code    40  stm32f4xx_hal_cortex.o(i.HAL_SYSTICK_Config)
    HAL_TIMEx_ConfigBreakDeadTime            0x08001cb5   Thumb Code    84  stm32f4xx_hal_tim_ex.o(i.HAL_TIMEx_ConfigBreakDeadTime)
    HAL_TIMEx_MasterConfigSynchronization    0x08001d09   Thumb Code   116  stm32f4xx_hal_tim_ex.o(i.HAL_TIMEx_MasterConfigSynchronization)
    HAL_TIM_Base_Init                        0x08001d99   Thumb Code    54  stm32f4xx_hal_tim.o(i.HAL_TIM_Base_Init)
    HAL_TIM_Base_MspInit                     0x08001dd1   Thumb Code    64  tim.o(i.HAL_TIM_Base_MspInit)
    HAL_TIM_ConfigClockSource                0x08001e1d   Thumb Code   214  stm32f4xx_hal_tim.o(i.HAL_TIM_ConfigClockSource)
    HAL_TIM_MspPostInit                      0x08001ef5   Thumb Code   186  tim.o(i.HAL_TIM_MspPostInit)
    HAL_TIM_PWM_ConfigChannel                0x08001fcd   Thumb Code   208  stm32f4xx_hal_tim.o(i.HAL_TIM_PWM_ConfigChannel)
    HAL_TIM_PWM_Init                         0x0800209d   Thumb Code    54  stm32f4xx_hal_tim.o(i.HAL_TIM_PWM_Init)
    HAL_TIM_PWM_MspInit                      0x080020d3   Thumb Code     2  stm32f4xx_hal_tim.o(i.HAL_TIM_PWM_MspInit)
    HAL_TIM_PWM_Start                        0x080020d5   Thumb Code    58  stm32f4xx_hal_tim.o(i.HAL_TIM_PWM_Start)
    HAL_UART_ErrorCallback                   0x08002119   Thumb Code     2  stm32f4xx_hal_uart.o(i.HAL_UART_ErrorCallback)
    HAL_UART_IRQHandler                      0x0800211d   Thumb Code   270  stm32f4xx_hal_uart.o(i.HAL_UART_IRQHandler)
    HAL_UART_Init                            0x08002231   Thumb Code    98  stm32f4xx_hal_uart.o(i.HAL_UART_Init)
    HAL_UART_MspInit                         0x08002295   Thumb Code   110  usart.o(i.HAL_UART_MspInit)
    HAL_UART_Receive_IT                      0x08002311   Thumb Code    82  stm32f4xx_hal_uart.o(i.HAL_UART_Receive_IT)
    HAL_UART_RxCpltCallback                  0x08002365   Thumb Code    28  main.o(i.HAL_UART_RxCpltCallback)
    HAL_UART_Transmit                        0x0800238d   Thumb Code   186  stm32f4xx_hal_uart.o(i.HAL_UART_Transmit)
    HAL_UART_TxCpltCallback                  0x08002447   Thumb Code     2  stm32f4xx_hal_uart.o(i.HAL_UART_TxCpltCallback)
    HardFault_Handler                        0x08002449   Thumb Code     2  stm32f4xx_it.o(i.HardFault_Handler)
    MLX90614_ReadReg                         0x080028f9   Thumb Code   116  mlx90614.o(i.MLX90614_ReadReg)
    MLX90614_ReadTemp                        0x08002971   Thumb Code    46  mlx90614.o(i.MLX90614_ReadTemp)
    MLX90614_SendDebugMsg                    0x080029b1   Thumb Code    54  mlx90614.o(i.MLX90614_SendDebugMsg)
    MLX90614init                             0x08002a31   Thumb Code    88  mlx90614.o(i.MLX90614init)
    MX_GPIO_Init                             0x08002a99   Thumb Code   148  gpio.o(i.MX_GPIO_Init)
    MX_I2C1_Init                             0x08002b39   Thumb Code    50  i2c.o(i.MX_I2C1_Init)
    MX_I2C2_Init                             0x08002b79   Thumb Code    50  i2c.o(i.MX_I2C2_Init)
    MX_TIM1_Init                             0x08002bb9   Thumb Code   242  tim.o(i.MX_TIM1_Init)
    MX_TIM2_Init                             0x08002cb5   Thumb Code   166  tim.o(i.MX_TIM2_Init)
    MX_TIM3_Init                             0x08002d61   Thumb Code   164  tim.o(i.MX_TIM3_Init)
    MX_USART1_UART_Init                      0x08002e0d   Thumb Code    48  usart.o(i.MX_USART1_UART_Init)
    MemManage_Handler                        0x08002e45   Thumb Code     2  stm32f4xx_it.o(i.MemManage_Handler)
    Motor_init                               0x08002e49   Thumb Code    38  motor.o(i.Motor_init)
    NMI_Handler                              0x08002e75   Thumb Code     2  stm32f4xx_it.o(i.NMI_Handler)
    PendSV_Handler                           0x08002e77   Thumb Code     2  stm32f4xx_it.o(i.PendSV_Handler)
    SVC_Handler                              0x08002e79   Thumb Code     2  stm32f4xx_it.o(i.SVC_Handler)
    SysTick_Handler                          0x08002e7b   Thumb Code     4  stm32f4xx_it.o(i.SysTick_Handler)
    SystemClock_Config                       0x08002e81   Thumb Code   124  main.o(i.SystemClock_Config)
    SystemInit                               0x08002f05   Thumb Code    22  system_stm32f4xx.o(i.SystemInit)
    TIM_Base_SetConfig                       0x08002f21   Thumb Code   156  stm32f4xx_hal_tim.o(i.TIM_Base_SetConfig)
    TIM_CCxChannelCmd                        0x08002fe9   Thumb Code    26  stm32f4xx_hal_tim.o(i.TIM_CCxChannelCmd)
    TIM_ETR_SetConfig                        0x08003003   Thumb Code    20  stm32f4xx_hal_tim.o(i.TIM_ETR_SetConfig)
    TIM_OC2_SetConfig                        0x08003089   Thumb Code    98  stm32f4xx_hal_tim.o(i.TIM_OC2_SetConfig)
    USART1_IRQHandler                        0x080034a5   Thumb Code     6  stm32f4xx_it.o(i.USART1_IRQHandler)
    Uart_DataProcess                         0x080034b1   Thumb Code    40  uart_handler.o(i.Uart_DataProcess)
    Uart_Get                                 0x080034e9   Thumb Code   204  uart_handler.o(i.Uart_Get)
    UsageFault_Handler                       0x080035c9   Thumb Code     2  stm32f4xx_it.o(i.UsageFault_Handler)
    VL53L1X_BootState                        0x080035cb   Thumb Code    32  vl53l1x_api.o(i.VL53L1X_BootState)
    VL53L1X_CheckForDataReady                0x080035eb   Thumb Code    64  vl53l1x_api.o(i.VL53L1X_CheckForDataReady)
    VL53L1X_ClearInterrupt                   0x0800362b   Thumb Code    16  vl53l1x_api.o(i.VL53L1X_ClearInterrupt)
    VL53L1X_GetDistance                      0x0800363b   Thumb Code    26  vl53l1x_api.o(i.VL53L1X_GetDistance)
    VL53L1X_GetInterruptPolarity             0x08003655   Thumb Code    44  vl53l1x_api.o(i.VL53L1X_GetInterruptPolarity)
    VL53L1X_GetRangeStatus                   0x08003681   Thumb Code   124  vl53l1x_api.o(i.VL53L1X_GetRangeStatus)
    VL53L1X_SensorInit                       0x080036fd   Thumb Code   116  vl53l1x_api.o(i.VL53L1X_SensorInit)
    VL53L1X_StartRanging                     0x08003775   Thumb Code    16  vl53l1x_api.o(i.VL53L1X_StartRanging)
    VL53L1X_StopRanging                      0x08003785   Thumb Code    16  vl53l1x_api.o(i.VL53L1X_StopRanging)
    VL53L1_RdByte                            0x08003795   Thumb Code    54  vl53l1_platform.o(i.VL53L1_RdByte)
    VL53L1_RdWord                            0x080037d1   Thumb Code    66  vl53l1_platform.o(i.VL53L1_RdWord)
    VL53L1_WrByte                            0x08003819   Thumb Code    36  vl53l1_platform.o(i.VL53L1_WrByte)
    XNUCLEO53L1A1_I2C1Configure              0x08003841   Thumb Code   110  x-nucleo-53l1a1.o(i.XNUCLEO53L1A1_I2C1Configure)
    XNUCLEO53L1A1_Init                       0x080038c5   Thumb Code   138  x-nucleo-53l1a1.o(i.XNUCLEO53L1A1_Init)
    XNUCLEO53L1A1_ResetId                    0x08003955   Thumb Code   102  x-nucleo-53l1a1.o(i.XNUCLEO53L1A1_ResetId)
    _I2CRead                                 0x08003a5d   Thumb Code    28  vl53l1_platform.o(i._I2CRead)
    _I2CWrite                                0x08003a79   Thumb Code    24  vl53l1_platform.o(i._I2CWrite)
    __0printf                                0x08003bad   Thumb Code    22  printfa.o(i.__0printf)
    __1printf                                0x08003bad   Thumb Code     0  printfa.o(i.__0printf)
    __2printf                                0x08003bad   Thumb Code     0  printfa.o(i.__0printf)
    __c89printf                              0x08003bad   Thumb Code     0  printfa.o(i.__0printf)
    printf                                   0x08003bad   Thumb Code     0  printfa.o(i.__0printf)
    __0snprintf                              0x08003bcd   Thumb Code    44  printfa.o(i.__0snprintf)
    __1snprintf                              0x08003bcd   Thumb Code     0  printfa.o(i.__0snprintf)
    __2snprintf                              0x08003bcd   Thumb Code     0  printfa.o(i.__0snprintf)
    __c89snprintf                            0x08003bcd   Thumb Code     0  printfa.o(i.__0snprintf)
    snprintf                                 0x08003bcd   Thumb Code     0  printfa.o(i.__0snprintf)
    __hardfp_atof                            0x08003c21   Thumb Code    44  atof.o(i.__hardfp_atof)
    __read_errno                             0x08003c59   Thumb Code     6  errno.o(i.__read_errno)
    __scatterload_copy                       0x08003c65   Thumb Code    14  handlers.o(i.__scatterload_copy)
    __scatterload_null                       0x08003c73   Thumb Code     2  handlers.o(i.__scatterload_null)
    __scatterload_zeroinit                   0x08003c75   Thumb Code    14  handlers.o(i.__scatterload_zeroinit)
    __set_errno                              0x08003c85   Thumb Code     6  errno.o(i.__set_errno)
    _is_digit                                0x08003e15   Thumb Code    14  scanf_fp.o(i._is_digit)
    fputc                                    0x08004569   Thumb Code    24  main.o(i.fputc)
    main                                     0x08004585   Thumb Code   122  main.o(i.main)
    servo_down_reset                         0x08004629   Thumb Code    10  servo.o(i.servo_down_reset)
    servo_init                               0x08004639   Thumb Code    30  servo.o(i.servo_init)
    servo_up_reset                           0x0800465d   Thumb Code    10  servo.o(i.servo_up_reset)
    vl53_readis                              0x0800466d   Thumb Code    82  vl53l1.o(i.vl53_readis)
    vl53l1_init                              0x080046c9   Thumb Code   142  vl53l1.o(i.vl53l1_init)
    AHBPrescTable                            0x08004764   Data          16  system_stm32f4xx.o(.constdata)
    APBPrescTable                            0x08004774   Data           8  system_stm32f4xx.o(.constdata)
    VL51L1X_DEFAULT_CONFIGURATION            0x0800487c   Data          91  vl53l1x_api.o(.constdata)
    __ctype_categories                       0x080048d7   Data          64  ctype_c.o(.constdata)
    Region$$Table$$Base                      0x08004968   Number         0  anon$$obj.o(Region$$Table)
    Region$$Table$$Limit                     0x08004988   Number         0  anon$$obj.o(Region$$Table)
    recive_flag                              0x20000000   Data           4  main.o(.data)
    UART1RxBuffer                            0x20000004   Data           1  main.o(.data)
    ObjectTemperature                        0x20000008   Data           4  main.o(.data)
    deviationx_rec                           0x2000000c   Data           5  main.o(.data)
    deviationy_rec                           0x20000011   Data           5  main.o(.data)
    deviationx                               0x20000018   Data           4  main.o(.data)
    deviationy                               0x2000001c   Data           4  main.o(.data)
    uwTickFreq                               0x20000020   Data           1  stm32f4xx_hal.o(.data)
    uwTickPrio                               0x20000024   Data           4  stm32f4xx_hal.o(.data)
    uwTick                                   0x20000028   Data           4  stm32f4xx_hal.o(.data)
    SystemCoreClock                          0x2000002c   Data           4  system_stm32f4xx.o(.data)
    temp_buff                                0x20000030   Data           4  mlx90614.o(.data)
    i                                        0x20000034   Data           4  mlx90614.o(.data)
    sensorState                              0x20000050   Data           1  vl53l1.o(.data)
    ToFSensor                                0x20000051   Data           1  vl53l1.o(.data)
    byteData                                 0x20000052   Data           1  vl53l1.o(.data)
    RangeStatus                              0x20000053   Data           1  vl53l1.o(.data)
    dataReady                                0x20000054   Data           1  vl53l1.o(.data)
    wordData                                 0x20000056   Data           2  vl53l1.o(.data)
    Distance                                 0x20000058   Data           2  vl53l1.o(.data)
    status                                   0x2000005c   Data           4  vl53l1.o(.data)
    __stdout                                 0x20000060   Data           4  stdout.o(.data)
    Uart_get                                 0x20000068   Data          20  main.o(.bss)
    hi2c1                                    0x2000007c   Data          84  i2c.o(.bss)
    hi2c2                                    0x200000d0   Data          84  i2c.o(.bss)
    htim1                                    0x20000124   Data          64  tim.o(.bss)
    htim2                                    0x20000164   Data          64  tim.o(.bss)
    htim3                                    0x200001a4   Data          64  tim.o(.bss)
    huart1                                   0x200001e4   Data          64  usart.o(.bss)
    _I2CBuffer                               0x20000224   Data         256  vl53l1_platform.o(.bss)
    XNUCLEO53L1A1_hi2c                       0x20000324   Data          84  x-nucleo-53l1a1.o(.bss)
    dev                                      0x20000378   Data          16  vl53l1.o(.bss)
    __initial_sp                             0x20000788   Data           0  startup_stm32f407xx.o(STACK)



==============================================================================

Memory Map of the image

  Image Entry point : 0x08000189

  Load Region LR_IROM1 (Base: 0x08000000, Size: 0x000049f0, Max: 0x00080000, ABSOLUTE)

    Execution Region ER_IROM1 (Exec base: 0x08000000, Load base: 0x08000000, Size: 0x00004988, Max: 0x00080000, ABSOLUTE)

    Exec Addr    Load Addr    Size         Type   Attr      Idx    E Section Name        Object

    0x08000000   0x08000000   0x00000188   Data   RO            3    RESET               startup_stm32f407xx.o
    0x08000188   0x08000188   0x00000000   Code   RO         4437  * .ARM.Collect$$$$00000000  mc_w.l(entry.o)
    0x08000188   0x08000188   0x00000004   Code   RO         4725    .ARM.Collect$$$$00000001  mc_w.l(entry2.o)
    0x0800018c   0x0800018c   0x00000004   Code   RO         4728    .ARM.Collect$$$$00000004  mc_w.l(entry5.o)
    0x08000190   0x08000190   0x00000000   Code   RO         4730    .ARM.Collect$$$$00000008  mc_w.l(entry7b.o)
    0x08000190   0x08000190   0x00000000   Code   RO         4732    .ARM.Collect$$$$0000000A  mc_w.l(entry8b.o)
    0x08000190   0x08000190   0x00000008   Code   RO         4733    .ARM.Collect$$$$0000000B  mc_w.l(entry9a.o)
    0x08000198   0x08000198   0x00000000   Code   RO         4735    .ARM.Collect$$$$0000000D  mc_w.l(entry10a.o)
    0x08000198   0x08000198   0x00000000   Code   RO         4737    .ARM.Collect$$$$0000000F  mc_w.l(entry11a.o)
    0x08000198   0x08000198   0x00000004   Code   RO         4726    .ARM.Collect$$$$00002712  mc_w.l(entry2.o)
    0x0800019c   0x0800019c   0x00000024   Code   RO            4    .text               startup_stm32f407xx.o
    0x080001c0   0x080001c0   0x00000062   Code   RO         4440    .text               mc_w.l(uldiv.o)
    0x08000222   0x08000222   0x00000024   Code   RO         4442    .text               mc_w.l(memcpya.o)
    0x08000246   0x08000246   0x00000024   Code   RO         4444    .text               mc_w.l(memseta.o)
    0x0800026a   0x0800026a   0x0000014e   Code   RO         4709    .text               mf_w.l(dadd.o)
    0x080003b8   0x080003b8   0x000000e4   Code   RO         4711    .text               mf_w.l(dmul.o)
    0x0800049c   0x0800049c   0x000000de   Code   RO         4713    .text               mf_w.l(ddiv.o)
    0x0800057a   0x0800057a   0x0000001a   Code   RO         4717    .text               mf_w.l(dfltui.o)
    0x08000594   0x08000594   0x00000026   Code   RO         4721    .text               mf_w.l(f2d.o)
    0x080005ba   0x080005ba   0x00000038   Code   RO         4723    .text               mf_w.l(d2f.o)
    0x080005f2   0x080005f2   0x0000002c   Code   RO         4740    .text               mc_w.l(uidiv.o)
    0x0800061e   0x0800061e   0x0000001e   Code   RO         4742    .text               mc_w.l(llshl.o)
    0x0800063c   0x0800063c   0x00000020   Code   RO         4744    .text               mc_w.l(llushr.o)
    0x0800065c   0x0800065c   0x00000024   Code   RO         4746    .text               mc_w.l(llsshr.o)
    0x08000680   0x08000680   0x0000009c   Code   RO         4755    .text               mc_w.l(strtod.o)
    0x0800071c   0x0800071c   0x00000000   Code   RO         4757    .text               mc_w.l(iusefp.o)
    0x0800071c   0x0800071c   0x0000006e   Code   RO         4758    .text               mf_w.l(fepilogue.o)
    0x0800078a   0x0800078a   0x000000ba   Code   RO         4760    .text               mf_w.l(depilogue.o)
    0x08000844   0x08000844   0x00000030   Code   RO         4762    .text               mf_w.l(dfixul.o)
    0x08000874   0x08000874   0x00000030   Code   RO         4764    .text               mf_w.l(cdrcmple.o)
    0x080008a4   0x080008a4   0x00000024   Code   RO         4766    .text               mc_w.l(init.o)
    0x080008c8   0x080008c8   0x0000000a   Code   RO         4768    .text               mc_w.l(isspace_c.o)
    0x080008d2   0x080008d2   0x00000002   PAD
    0x080008d4   0x080008d4   0x00000360   Code   RO         4770    .text               mc_w.l(scanf_fp.o)
    0x08000c34   0x08000c34   0x00000040   Code   RO         4774    .text               mc_w.l(_sgetc.o)
    0x08000c74   0x08000c74   0x00000028   Code   RO         4776    .text               mc_w.l(ctype_c.o)
    0x08000c9c   0x08000c9c   0x00000018   Code   RO         4779    .text               mf_w.l(dfltul.o)
    0x08000cb4   0x08000cb4   0x00000002   Code   RO          532    i.BusFault_Handler  stm32f4xx_it.o
    0x08000cb6   0x08000cb6   0x00000002   PAD
    0x08000cb8   0x08000cb8   0x00000020   Code   RO         3620    i.CRC8_Calc         mlx90614.o
    0x08000cd8   0x08000cd8   0x00000002   Code   RO          533    i.DebugMon_Handler  stm32f4xx_it.o
    0x08000cda   0x08000cda   0x00000002   Code   RO           13    i.Error_Handler     main.o
    0x08000cdc   0x08000cdc   0x00000024   Code   RO         1590    i.HAL_DMA_Abort_IT  stm32f4xx_hal_dma.o
    0x08000d00   0x08000d00   0x00000024   Code   RO         2008    i.HAL_Delay         stm32f4xx_hal.o
    0x08000d24   0x08000d24   0x000001b8   Code   RO         1482    i.HAL_GPIO_Init     stm32f4xx_hal_gpio.o
    0x08000edc   0x08000edc   0x0000000a   Code   RO         1484    i.HAL_GPIO_ReadPin  stm32f4xx_hal_gpio.o
    0x08000ee6   0x08000ee6   0x0000000a   Code   RO         1486    i.HAL_GPIO_WritePin  stm32f4xx_hal_gpio.o
    0x08000ef0   0x08000ef0   0x0000000c   Code   RO         2014    i.HAL_GetTick       stm32f4xx_hal.o
    0x08000efc   0x08000efc   0x00000188   Code   RO          693    i.HAL_I2C_Init      stm32f4xx_hal_i2c.o
    0x08001084   0x08001084   0x000001e0   Code   RO          699    i.HAL_I2C_Master_Receive  stm32f4xx_hal_i2c.o
    0x08001264   0x08001264   0x0000012c   Code   RO          706    i.HAL_I2C_Master_Transmit  stm32f4xx_hal_i2c.o
    0x08001390   0x08001390   0x000001f8   Code   RO          711    i.HAL_I2C_Mem_Read  stm32f4xx_hal_i2c.o
    0x08001588   0x08001588   0x000000a0   Code   RO          383    i.HAL_I2C_MspInit   i2c.o
    0x08001628   0x08001628   0x00000010   Code   RO         2020    i.HAL_IncTick       stm32f4xx_hal.o
    0x08001638   0x08001638   0x00000034   Code   RO         2021    i.HAL_Init          stm32f4xx_hal.o
    0x0800166c   0x0800166c   0x00000040   Code   RO         2022    i.HAL_InitTick      stm32f4xx_hal.o
    0x080016ac   0x080016ac   0x00000030   Code   RO          614    i.HAL_MspInit       stm32f4xx_hal_msp.o
    0x080016dc   0x080016dc   0x0000001a   Code   RO         1871    i.HAL_NVIC_EnableIRQ  stm32f4xx_hal_cortex.o
    0x080016f6   0x080016f6   0x00000002   PAD
    0x080016f8   0x080016f8   0x00000040   Code   RO         1877    i.HAL_NVIC_SetPriority  stm32f4xx_hal_cortex.o
    0x08001738   0x08001738   0x00000024   Code   RO         1878    i.HAL_NVIC_SetPriorityGrouping  stm32f4xx_hal_cortex.o
    0x0800175c   0x0800175c   0x00000134   Code   RO         1128    i.HAL_RCC_ClockConfig  stm32f4xx_hal_rcc.o
    0x08001890   0x08001890   0x00000020   Code   RO         1135    i.HAL_RCC_GetPCLK1Freq  stm32f4xx_hal_rcc.o
    0x080018b0   0x080018b0   0x00000020   Code   RO         1136    i.HAL_RCC_GetPCLK2Freq  stm32f4xx_hal_rcc.o
    0x080018d0   0x080018d0   0x00000060   Code   RO         1137    i.HAL_RCC_GetSysClockFreq  stm32f4xx_hal_rcc.o
    0x08001930   0x08001930   0x0000035c   Code   RO         1140    i.HAL_RCC_OscConfig  stm32f4xx_hal_rcc.o
    0x08001c8c   0x08001c8c   0x00000028   Code   RO         1882    i.HAL_SYSTICK_Config  stm32f4xx_hal_cortex.o
    0x08001cb4   0x08001cb4   0x00000054   Code   RO         2939    i.HAL_TIMEx_ConfigBreakDeadTime  stm32f4xx_hal_tim_ex.o
    0x08001d08   0x08001d08   0x00000090   Code   RO         2954    i.HAL_TIMEx_MasterConfigSynchronization  stm32f4xx_hal_tim_ex.o
    0x08001d98   0x08001d98   0x00000036   Code   RO         2261    i.HAL_TIM_Base_Init  stm32f4xx_hal_tim.o
    0x08001dce   0x08001dce   0x00000002   PAD
    0x08001dd0   0x08001dd0   0x0000004c   Code   RO          431    i.HAL_TIM_Base_MspInit  tim.o
    0x08001e1c   0x08001e1c   0x000000d6   Code   RO         2270    i.HAL_TIM_ConfigClockSource  stm32f4xx_hal_tim.o
    0x08001ef2   0x08001ef2   0x00000002   PAD
    0x08001ef4   0x08001ef4   0x000000d8   Code   RO          432    i.HAL_TIM_MspPostInit  tim.o
    0x08001fcc   0x08001fcc   0x000000d0   Code   RO         2328    i.HAL_TIM_PWM_ConfigChannel  stm32f4xx_hal_tim.o
    0x0800209c   0x0800209c   0x00000036   Code   RO         2331    i.HAL_TIM_PWM_Init  stm32f4xx_hal_tim.o
    0x080020d2   0x080020d2   0x00000002   Code   RO         2333    i.HAL_TIM_PWM_MspInit  stm32f4xx_hal_tim.o
    0x080020d4   0x080020d4   0x00000044   Code   RO         2336    i.HAL_TIM_PWM_Start  stm32f4xx_hal_tim.o
    0x08002118   0x08002118   0x00000002   Code   RO         3208    i.HAL_UART_ErrorCallback  stm32f4xx_hal_uart.o
    0x0800211a   0x0800211a   0x00000002   PAD
    0x0800211c   0x0800211c   0x00000114   Code   RO         3211    i.HAL_UART_IRQHandler  stm32f4xx_hal_uart.o
    0x08002230   0x08002230   0x00000062   Code   RO         3212    i.HAL_UART_Init     stm32f4xx_hal_uart.o
    0x08002292   0x08002292   0x00000002   PAD
    0x08002294   0x08002294   0x0000007c   Code   RO          491    i.HAL_UART_MspInit  usart.o
    0x08002310   0x08002310   0x00000052   Code   RO         3217    i.HAL_UART_Receive_IT  stm32f4xx_hal_uart.o
    0x08002362   0x08002362   0x00000002   PAD
    0x08002364   0x08002364   0x00000028   Code   RO           14    i.HAL_UART_RxCpltCallback  main.o
    0x0800238c   0x0800238c   0x000000ba   Code   RO         3220    i.HAL_UART_Transmit  stm32f4xx_hal_uart.o
    0x08002446   0x08002446   0x00000002   Code   RO         3223    i.HAL_UART_TxCpltCallback  stm32f4xx_hal_uart.o
    0x08002448   0x08002448   0x00000002   Code   RO          534    i.HardFault_Handler  stm32f4xx_it.o
    0x0800244a   0x0800244a   0x0000002e   Code   RO          735    i.I2C_IsAcknowledgeFailed  stm32f4xx_hal_i2c.o
    0x08002478   0x08002478   0x000000ec   Code   RO          738    i.I2C_MasterRequestRead  stm32f4xx_hal_i2c.o
    0x08002564   0x08002564   0x0000009c   Code   RO          739    i.I2C_MasterRequestWrite  stm32f4xx_hal_i2c.o
    0x08002600   0x08002600   0x000000fc   Code   RO          745    i.I2C_RequestMemoryRead  stm32f4xx_hal_i2c.o
    0x080026fc   0x080026fc   0x0000004c   Code   RO          749    i.I2C_WaitOnBTFFlagUntilTimeout  stm32f4xx_hal_i2c.o
    0x08002748   0x08002748   0x00000068   Code   RO          750    i.I2C_WaitOnFlagUntilTimeout  stm32f4xx_hal_i2c.o
    0x080027b0   0x080027b0   0x00000096   Code   RO          751    i.I2C_WaitOnMasterAddressFlagUntilTimeout  stm32f4xx_hal_i2c.o
    0x08002846   0x08002846   0x00000066   Code   RO          752    i.I2C_WaitOnRXNEFlagUntilTimeout  stm32f4xx_hal_i2c.o
    0x080028ac   0x080028ac   0x0000004c   Code   RO          753    i.I2C_WaitOnTXEFlagUntilTimeout  stm32f4xx_hal_i2c.o
    0x080028f8   0x080028f8   0x00000078   Code   RO         3621    i.MLX90614_ReadReg  mlx90614.o
    0x08002970   0x08002970   0x00000040   Code   RO         3622    i.MLX90614_ReadTemp  mlx90614.o
    0x080029b0   0x080029b0   0x00000080   Code   RO         3624    i.MLX90614_SendDebugMsg  mlx90614.o
    0x08002a30   0x08002a30   0x00000068   Code   RO         3626    i.MLX90614init      mlx90614.o
    0x08002a98   0x08002a98   0x000000a0   Code   RO          252    i.MX_GPIO_Init      gpio.o
    0x08002b38   0x08002b38   0x00000040   Code   RO          384    i.MX_I2C1_Init      i2c.o
    0x08002b78   0x08002b78   0x00000040   Code   RO          385    i.MX_I2C2_Init      i2c.o
    0x08002bb8   0x08002bb8   0x000000fc   Code   RO          433    i.MX_TIM1_Init      tim.o
    0x08002cb4   0x08002cb4   0x000000ac   Code   RO          434    i.MX_TIM2_Init      tim.o
    0x08002d60   0x08002d60   0x000000ac   Code   RO          435    i.MX_TIM3_Init      tim.o
    0x08002e0c   0x08002e0c   0x00000038   Code   RO          492    i.MX_USART1_UART_Init  usart.o
    0x08002e44   0x08002e44   0x00000002   Code   RO          535    i.MemManage_Handler  stm32f4xx_it.o
    0x08002e46   0x08002e46   0x00000002   PAD
    0x08002e48   0x08002e48   0x0000002c   Code   RO         3555    i.Motor_init        motor.o
    0x08002e74   0x08002e74   0x00000002   Code   RO          536    i.NMI_Handler       stm32f4xx_it.o
    0x08002e76   0x08002e76   0x00000002   Code   RO          537    i.PendSV_Handler    stm32f4xx_it.o
    0x08002e78   0x08002e78   0x00000002   Code   RO          538    i.SVC_Handler       stm32f4xx_it.o
    0x08002e7a   0x08002e7a   0x00000004   Code   RO          539    i.SysTick_Handler   stm32f4xx_it.o
    0x08002e7e   0x08002e7e   0x00000002   PAD
    0x08002e80   0x08002e80   0x00000084   Code   RO           15    i.SystemClock_Config  main.o
    0x08002f04   0x08002f04   0x0000001c   Code   RO         3514    i.SystemInit        system_stm32f4xx.o
    0x08002f20   0x08002f20   0x000000c8   Code   RO         2349    i.TIM_Base_SetConfig  stm32f4xx_hal_tim.o
    0x08002fe8   0x08002fe8   0x0000001a   Code   RO         2350    i.TIM_CCxChannelCmd  stm32f4xx_hal_tim.o
    0x08003002   0x08003002   0x00000014   Code   RO         2360    i.TIM_ETR_SetConfig  stm32f4xx_hal_tim.o
    0x08003016   0x08003016   0x00000010   Code   RO         2361    i.TIM_ITRx_SetConfig  stm32f4xx_hal_tim.o
    0x08003026   0x08003026   0x00000002   PAD
    0x08003028   0x08003028   0x00000060   Code   RO         2362    i.TIM_OC1_SetConfig  stm32f4xx_hal_tim.o
    0x08003088   0x08003088   0x0000006c   Code   RO         2363    i.TIM_OC2_SetConfig  stm32f4xx_hal_tim.o
    0x080030f4   0x080030f4   0x00000068   Code   RO         2364    i.TIM_OC3_SetConfig  stm32f4xx_hal_tim.o
    0x0800315c   0x0800315c   0x00000050   Code   RO         2365    i.TIM_OC4_SetConfig  stm32f4xx_hal_tim.o
    0x080031ac   0x080031ac   0x00000022   Code   RO         2367    i.TIM_TI1_ConfigInputStage  stm32f4xx_hal_tim.o
    0x080031ce   0x080031ce   0x00000024   Code   RO         2369    i.TIM_TI2_ConfigInputStage  stm32f4xx_hal_tim.o
    0x080031f2   0x080031f2   0x00000010   Code   RO         3225    i.UART_DMAAbortOnError  stm32f4xx_hal_uart.o
    0x08003202   0x08003202   0x0000001c   Code   RO         3235    i.UART_EndRxTransfer  stm32f4xx_hal_uart.o
    0x0800321e   0x0800321e   0x00000096   Code   RO         3237    i.UART_Receive_IT   stm32f4xx_hal_uart.o
    0x080032b4   0x080032b4   0x00000128   Code   RO         3238    i.UART_SetConfig    stm32f4xx_hal_uart.o
    0x080033dc   0x080033dc   0x00000062   Code   RO         3239    i.UART_Transmit_IT  stm32f4xx_hal_uart.o
    0x0800343e   0x0800343e   0x00000064   Code   RO         3240    i.UART_WaitOnFlagUntilTimeout  stm32f4xx_hal_uart.o
    0x080034a2   0x080034a2   0x00000002   PAD
    0x080034a4   0x080034a4   0x0000000c   Code   RO          540    i.USART1_IRQHandler  stm32f4xx_it.o
    0x080034b0   0x080034b0   0x00000038   Code   RO         3839    i.Uart_DataProcess  uart_handler.o
    0x080034e8   0x080034e8   0x000000e0   Code   RO         3840    i.Uart_Get          uart_handler.o
    0x080035c8   0x080035c8   0x00000002   Code   RO          541    i.UsageFault_Handler  stm32f4xx_it.o
    0x080035ca   0x080035ca   0x00000020   Code   RO         4020    i.VL53L1X_BootState  vl53l1x_api.o
    0x080035ea   0x080035ea   0x00000040   Code   RO         4021    i.VL53L1X_CheckForDataReady  vl53l1x_api.o
    0x0800362a   0x0800362a   0x00000010   Code   RO         4022    i.VL53L1X_ClearInterrupt  vl53l1x_api.o
    0x0800363a   0x0800363a   0x0000001a   Code   RO         4025    i.VL53L1X_GetDistance  vl53l1x_api.o
    0x08003654   0x08003654   0x0000002c   Code   RO         4031    i.VL53L1X_GetInterruptPolarity  vl53l1x_api.o
    0x08003680   0x08003680   0x0000007c   Code   RO         4034    i.VL53L1X_GetRangeStatus  vl53l1x_api.o
    0x080036fc   0x080036fc   0x00000078   Code   RO         4044    i.VL53L1X_SensorInit  vl53l1x_api.o
    0x08003774   0x08003774   0x00000010   Code   RO         4056    i.VL53L1X_StartRanging  vl53l1x_api.o
    0x08003784   0x08003784   0x00000010   Code   RO         4058    i.VL53L1X_StopRanging  vl53l1x_api.o
    0x08003794   0x08003794   0x0000003c   Code   RO         3880    i.VL53L1_RdByte     vl53l1_platform.o
    0x080037d0   0x080037d0   0x00000048   Code   RO         3882    i.VL53L1_RdWord     vl53l1_platform.o
    0x08003818   0x08003818   0x00000028   Code   RO         3888    i.VL53L1_WrByte     vl53l1_platform.o
    0x08003840   0x08003840   0x00000084   Code   RO         4311    i.XNUCLEO53L1A1_I2C1Configure  x-nucleo-53l1a1.o
    0x080038c4   0x080038c4   0x00000090   Code   RO         4312    i.XNUCLEO53L1A1_Init  x-nucleo-53l1a1.o
    0x08003954   0x08003954   0x0000006c   Code   RO         4313    i.XNUCLEO53L1A1_ResetId  x-nucleo-53l1a1.o
    0x080039c0   0x080039c0   0x0000003c   Code   RO         4315    i._ExpanderRd       x-nucleo-53l1a1.o
    0x080039fc   0x080039fc   0x00000034   Code   RO         4316    i._ExpanderWR       x-nucleo-53l1a1.o
    0x08003a30   0x08003a30   0x0000002c   Code   RO         4317    i._ExpandersSetAllIO  x-nucleo-53l1a1.o
    0x08003a5c   0x08003a5c   0x0000001c   Code   RO         3892    i._I2CRead          vl53l1_platform.o
    0x08003a78   0x08003a78   0x00000018   Code   RO         3893    i._I2CWrite         vl53l1_platform.o
    0x08003a90   0x08003a90   0x0000011c   Code   RO         4318    i._I2cFailRecover   x-nucleo-53l1a1.o
    0x08003bac   0x08003bac   0x00000020   Code   RO         4681    i.__0printf         mc_w.l(printfa.o)
    0x08003bcc   0x08003bcc   0x00000030   Code   RO         4682    i.__0snprintf       mc_w.l(printfa.o)
    0x08003bfc   0x08003bfc   0x00000020   Code   RO         1884    i.__NVIC_SetPriority  stm32f4xx_hal_cortex.o
    0x08003c1c   0x08003c1c   0x00000004   PAD
    0x08003c20   0x08003c20   0x00000038   Code   RO         4431    i.__hardfp_atof     m_wm.l(atof.o)
    0x08003c58   0x08003c58   0x0000000c   Code   RO         4749    i.__read_errno      mc_w.l(errno.o)
    0x08003c64   0x08003c64   0x0000000e   Code   RO         4783    i.__scatterload_copy  mc_w.l(handlers.o)
    0x08003c72   0x08003c72   0x00000002   Code   RO         4784    i.__scatterload_null  mc_w.l(handlers.o)
    0x08003c74   0x08003c74   0x0000000e   Code   RO         4785    i.__scatterload_zeroinit  mc_w.l(handlers.o)
    0x08003c82   0x08003c82   0x00000002   PAD
    0x08003c84   0x08003c84   0x0000000c   Code   RO         4750    i.__set_errno       mc_w.l(errno.o)
    0x08003c90   0x08003c90   0x00000184   Code   RO         4688    i._fp_digits        mc_w.l(printfa.o)
    0x08003e14   0x08003e14   0x0000000e   Code   RO         4772    i._is_digit         mc_w.l(scanf_fp.o)
    0x08003e22   0x08003e22   0x00000002   PAD
    0x08003e24   0x08003e24   0x000006dc   Code   RO         4689    i._printf_core      mc_w.l(printfa.o)
    0x08004500   0x08004500   0x00000024   Code   RO         4690    i._printf_post_padding  mc_w.l(printfa.o)
    0x08004524   0x08004524   0x0000002e   Code   RO         4691    i._printf_pre_padding  mc_w.l(printfa.o)
    0x08004552   0x08004552   0x00000016   Code   RO         4692    i._snputc           mc_w.l(printfa.o)
    0x08004568   0x08004568   0x0000001c   Code   RO           17    i.fputc             main.o
    0x08004584   0x08004584   0x000000a4   Code   RO           18    i.main              main.o
    0x08004628   0x08004628   0x00000010   Code   RO         3702    i.servo_down_reset  servo.o
    0x08004638   0x08004638   0x00000024   Code   RO         3703    i.servo_init        servo.o
    0x0800465c   0x0800465c   0x00000010   Code   RO         3706    i.servo_up_reset    servo.o
    0x0800466c   0x0800466c   0x0000005c   Code   RO         4397    i.vl53_readis       vl53l1.o
    0x080046c8   0x080046c8   0x0000009c   Code   RO         4398    i.vl53l1_init       vl53l1.o
    0x08004764   0x08004764   0x00000010   Data   RO         3515    .constdata          system_stm32f4xx.o
    0x08004774   0x08004774   0x00000008   Data   RO         3516    .constdata          system_stm32f4xx.o
    0x0800477c   0x0800477c   0x00000100   Data   RO         3627    .constdata          mlx90614.o
    0x0800487c   0x0800487c   0x0000005b   Data   RO         4059    .constdata          vl53l1x_api.o
    0x080048d7   0x080048d7   0x00000040   Data   RO         4777    .constdata          mc_w.l(ctype_c.o)
    0x08004917   0x08004917   0x00000001   PAD
    0x08004918   0x08004918   0x0000004d   Data   RO         3628    .conststring        mlx90614.o
    0x08004965   0x08004965   0x00000003   PAD
    0x08004968   0x08004968   0x00000020   Data   RO         4781    Region$$Table       anon$$obj.o


    Execution Region RW_IRAM2 (Exec base: 0x10000000, Load base: 0x080049f0, Size: 0x00000000, Max: 0x00010000, ABSOLUTE)

    **** No section assigned to this execution region ****


    Execution Region RW_IRAM1 (Exec base: 0x20000000, Load base: 0x08004988, Size: 0x00000788, Max: 0x00020000, ABSOLUTE)

    Exec Addr    Load Addr    Size         Type   Attr      Idx    E Section Name        Object

    0x20000000   0x08004988   0x00000004   Data   RW           22    .data               main.o
    0x20000004   0x0800498c   0x00000008   Data   RW           24    .data               main.o
    0x2000000c   0x08004994   0x00000005   Data   RW           26    .data               main.o
    0x20000011   0x08004999   0x00000005   Data   RW           27    .data               main.o
    0x20000016   0x0800499e   0x00000002   PAD
    0x20000018   0x080049a0   0x00000004   Data   RW           28    .data               main.o
    0x2000001c   0x080049a4   0x00000004   Data   RW           29    .data               main.o
    0x20000020   0x080049a8   0x0000000c   Data   RW         2028    .data               stm32f4xx_hal.o
    0x2000002c   0x080049b4   0x00000004   Data   RW         3517    .data               system_stm32f4xx.o
    0x20000030   0x080049b8   0x00000008   Data   RW         3629    .data               mlx90614.o
    0x20000038   0x080049c0   0x00000002   Data   RW         3841    .data               uart_handler.o
    0x2000003a   0x080049c2   0x00000002   PAD
    0x2000003c   0x080049c4   0x00000014   Data   RW         4321    .data               x-nucleo-53l1a1.o
    0x20000050   0x080049d8   0x00000010   Data   RW         4400    .data               vl53l1.o
    0x20000060   0x080049e8   0x00000004   Data   RW         4739    .data               mc_w.l(stdout.o)
    0x20000064   0x080049ec   0x00000004   Data   RW         4751    .data               mc_w.l(errno.o)
    0x20000068        -       0x00000014   Zero   RW           19    .bss                main.o
    0x2000007c        -       0x000000a8   Zero   RW          386    .bss                i2c.o
    0x20000124        -       0x000000c0   Zero   RW          436    .bss                tim.o
    0x200001e4        -       0x00000040   Zero   RW          493    .bss                usart.o
    0x20000224        -       0x00000100   Zero   RW         3894    .bss                vl53l1_platform.o
    0x20000324        -       0x00000054   Zero   RW         4319    .bss                x-nucleo-53l1a1.o
    0x20000378        -       0x00000010   Zero   RW         4399    .bss                vl53l1.o
    0x20000388        -       0x00000400   Zero   RW            1    STACK               startup_stm32f407xx.o


==============================================================================

Image component sizes


      Code (inc. data)   RO Data    RW Data    ZI Data      Debug   Object Name

       160         12          0          0          0     688803   gpio.o
       288         46          0          0        168       2298   i2c.o
       366         66          0         30         20     664588   main.o
       448        116        333          8          0       4660   mlx90614.o
        44          6          0          0          0        505   motor.o
        68         18          0          0          0       1667   servo.o
        36          8        392          0       1024        836   startup_stm32f407xx.o
       180         28          0         12          0       9413   stm32f4xx_hal.o
       198         14          0          0          0      33951   stm32f4xx_hal_cortex.o
        36          0          0          0          0       1211   stm32f4xx_hal_dma.o
       460         46          0          0          0       3055   stm32f4xx_hal_gpio.o
      2874         70          0          0          0      15273   stm32f4xx_hal_i2c.o
        48          6          0          0          0        830   stm32f4xx_hal_msp.o
      1328         72          0          0          0       5228   stm32f4xx_hal_rcc.o
      1320         90          0          0          0      12716   stm32f4xx_hal_tim.o
       228         28          0          0          0       2164   stm32f4xx_hal_tim_ex.o
      1334         16          0          0          0       9779   stm32f4xx_hal_uart.o
        32          6          0          0          0       4554   stm32f4xx_it.o
        28          6         24          4          0       1131   system_stm32f4xx.o
       888         66          0          0        192       4126   tim.o
       280         36          0          2          0       1250   uart_handler.o
       180         22          0          0         64       1674   usart.o
       248         24          0         16         16       1840   vl53l1.o
       224         16          0          0        256       8792   vl53l1_platform.o
       458         26         91          0          0       9217   vl53l1x_api.o
       824         62          0         20         84       6524   x-nucleo-53l1a1.o

    ----------------------------------------------------------------------
     12604        906        875         96       1824    1496085   Object Totals
         0          0         32          0          0          0   (incl. Generated)
        26          0          3          4          0          0   (incl. Padding)

    ----------------------------------------------------------------------

      Code (inc. data)   RO Data    RW Data    ZI Data      Debug   Library Member Name

        56         12          0          0          0        132   atof.o
        64          0          0          0          0         84   _sgetc.o
        40          6         64          0          0         68   ctype_c.o
         0          0          0          0          0          0   entry.o
         0          0          0          0          0          0   entry10a.o
         0          0          0          0          0          0   entry11a.o
         8          4          0          0          0          0   entry2.o
         4          0          0          0          0          0   entry5.o
         0          0          0          0          0          0   entry7b.o
         0          0          0          0          0          0   entry8b.o
         8          4          0          0          0          0   entry9a.o
        24         12          0          4          0        136   errno.o
        30          0          0          0          0          0   handlers.o
        36          8          0          0          0         68   init.o
        10          0          0          0          0         68   isspace_c.o
         0          0          0          0          0          0   iusefp.o
        30          0          0          0          0         68   llshl.o
        36          0          0          0          0         68   llsshr.o
        32          0          0          0          0         68   llushr.o
        36          0          0          0          0         68   memcpya.o
        36          0          0          0          0        108   memseta.o
      2328         94          0          0          0        604   printfa.o
       878         12          0          0          0        216   scanf_fp.o
         0          0          0          4          0          0   stdout.o
       156         12          0          0          0        120   strtod.o
        44          0          0          0          0         80   uidiv.o
        98          0          0          0          0         92   uldiv.o
        48          0          0          0          0         68   cdrcmple.o
        56          0          0          0          0         88   d2f.o
       334          0          0          0          0        148   dadd.o
       222          0          0          0          0        100   ddiv.o
       186          0          0          0          0        176   depilogue.o
        48          0          0          0          0         68   dfixul.o
        26          0          0          0          0         76   dfltui.o
        24          0          0          0          0         76   dfltul.o
       228          0          0          0          0         96   dmul.o
        38          0          0          0          0         68   f2d.o
       110          0          0          0          0        168   fepilogue.o

    ----------------------------------------------------------------------
      5280        164         65          8          0       3180   Library Totals
         6          0          1          0          0          0   (incl. Padding)

    ----------------------------------------------------------------------

      Code (inc. data)   RO Data    RW Data    ZI Data      Debug   Library Name

        56         12          0          0          0        132   m_wm.l
      3898        152         64          8          0       1916   mc_w.l
      1320          0          0          0          0       1132   mf_w.l

    ----------------------------------------------------------------------
      5280        164         65          8          0       3180   Library Totals

    ----------------------------------------------------------------------

==============================================================================


      Code (inc. data)   RO Data    RW Data    ZI Data      Debug   

     17884       1070        940        104       1824    1486109   Grand Totals
     17884       1070        940        104       1824    1486109   ELF Image Totals
     17884       1070        940        104          0          0   ROM Totals

==============================================================================

    Total RO  Size (Code + RO Data)                18824 (  18.38kB)
    Total RW  Size (RW Data + ZI Data)              1928 (   1.88kB)
    Total ROM Size (Code + RO Data + RW Data)      18928 (  18.48kB)

==============================================================================

